12-02 04:21:44.513   853 12835 D NxpTml  : PN54X - I2C Read successful.....len = 6
12-02 04:21:44.513   853 12835 D NxpTml  : Delay Read if write thread is busy
12-02 04:21:44.513   853 12836 D NxpNciX : len =   8 => 03000581010302C0
12-02 04:21:44.513   853 12836 D NxpTml  : PN54X - I2C Write successful.....
12-02 04:21:44.514   853 12836 D NxpTml  : PN54X - Posting Fresh Write message.....
12-02 04:21:44.514   853 12836 D NxpTml  : PN54X - Tml Writer Thread Running................
12-02 04:21:44.514   853 12838 D NxpHal  : write successful status = 0x0
12-02 04:21:44.515  4222 12832 I libnfc_nci: [INFO:nfa_sys_ptim.cc(127)] nfa_sys_ptim_start_timer 0x736bf95588
12-02 04:21:44.515  4222 12832 I libnfc_nci: [INFO:nfa_sys_ptim.cc(131)] ptim timer start
12-02 04:21:44.515   853 12835 D NxpTml  : PN54X - Posting read message.....
12-02 04:21:44.515  4222 12832 I libnfc_nci: [INFO:nfa_ee_api.cc(184)] NFA_AllEeGetInfo em_state:1 cur_ee:3
12-02 04:21:44.516   853 12835 D NxpNciR : len =   6 <= 600603010301
12-02 04:21:44.516  4222 12832 I libnfc_nci: [INFO:nfa_ee_api.cc(200)] xx:0 max_ret:3, num_ret:0 ee_status:0x1 num_interface :0 p_cb->nfcee_id : 128
12-02 04:21:44.447   853   853 W nfc@1.2-service: type=1400 audit(0.0:1178): avc: denied { search } for name="nfc" dev="dm-10" ino=280 scontext=u:r:hal_nfc_default:s0 tcontext=u:object_r:vendor_nfc_vendor_data_file:s0 tclass=dir permissive=0
12-02 04:21:44.516  4222 12832 I libnfc_nci: [INFO:nfa_ee_api.cc(200)] xx:1 max_ret:3, num_ret:1 ee_status:0x1 num_interface :0 p_cb->nfcee_id : 129
12-02 04:21:44.516   853 12838 D NxpHal  : read successful status = 0x0
12-02 04:21:44.516  4222 12832 I libnfc_nci: [INFO:nfa_ee_api.cc(200)] xx:2 max_ret:3, num_ret:2 ee_status:0x1 num_interface :0 p_cb->nfcee_id : 192
12-02 04:21:44.516  4222 12832 I libnfc_nci: [INFO:nfa_ee_api.cc(221)] num_ret:3
12-02 04:21:44.517   853 12835 D NxpTml  : PN54X - Read requested.....
12-02 04:21:44.517   853 12835 D NxpTml  : PN54X - Invoking I2C Read.....
12-02 04:21:44.517  4222 12832 I libnfc_nci: [INFO:nfa_ee_act.cc(2859)] after nfa_ee_nci_disc_ntf
12-02 04:21:44.518  4222 12832 I libnfc_nci: [INFO:nfa_ee_act.cc(2872)] nfa_ee_nci_disc_ntf last
12-02 04:21:44.518  4222 12832 I libnfc_nci: [INFO:nfc_ncif.cc(839)] NFC received ntf gid:0
12-02 04:21:44.518  4222 12832 I libnfc_nci: [INFO:nci_hrcv.cc(149)] nci_proc_core_ntf opcode:0x6
12-02 04:21:44.518   853 12835 D NxpTml  : PN54X - I2C Read successful.....len = 5
12-02 04:21:44.518   853 12835 D NxpTml  : PN54X - Posting read message.....
12-02 04:21:44.518  4222 12832 I libnfc_nci: [INFO:nfc_ncif.cc(355)] nfc_ncif_send_data :3, num_buff:1 qc:0
12-02 04:21:44.519   853 12835 D NxpNciR : len =   5 <= 0300028180
12-02 04:21:44.519   853 12838 D NxpHal  : read successful status = 0x0
12-02 04:21:44.520  4222 12832 I libnfc_nci: [INFO:nfc_ncif.cc(754)] NFC received data
12-02 04:21:44.520   853 12835 D NxpTml  : PN54X - Read requested.....
12-02 04:21:44.520  4222 12832 I libnfc_nci: [INFO:nfc_ncif.cc(3035)] nfc_ncif_proc_data 0x030002
12-02 04:21:44.520  4222 12832 I libnfc_nci: [INFO:nfc_ncif.cc(3046)] nfc_ncif_proc_data len:2
12-02 04:21:44.520   853 12835 D NxpTml  : PN54X - Invoking I2C Read.....
12-02 04:21:44.520  4222 12832 I libnfc_nci: [INFO:nfa_hci_main.cc(1241)] nfa_hci_conn_cback Recvd data pipe:1  Type: RESPONSE [0x02] Resp: ANY_OK [0x00]   chain:1  assmbl:0  len:2
12-02 04:21:44.521  4222 12832 I libnfc_nci: [INFO:nfa_hci_act.cc(1426)] nfa_hci_handle_admin_gate_rsp - LastCmdSent: ANY_SET_PARAMETER  App: 0x0000  Gate: 0x00  Pipe: 0x00
12-02 04:21:44.521  4222 12832 I libnfc_nci: [INFO:nfa_hci_act.cc(1479)] nfa_hci_handle_admin_gate_rsp - Set the HOST_TYPE as per ETSI 12 !!!
12-02 04:21:44.521  4222 12832 I libnfc_nci: [INFO:nfa_hci_utils.cc(340)] nfa_hciu_send_msg pipe_id:1   Type: COMMAND [0x00] Inst: ANY_SET_PARAMETER [0x01]   len:3
12-02 04:21:44.521  4222 12832 I libnfc_nci: [INFO:nfc_ncif.cc(355)] nfc_ncif_send_data :3, num_buff:1 qc:0
12-02 04:21:44.522  4222 12832 I libnfc_nci: [INFO:NfcAdaptation.cc(901)] NfcAdaptation::HalWrite
12-02 04:21:44.522   853 12836 D NxpTml  : PN54X - Write requested.....
12-02 04:21:44.523   853 12836 D NxpTml  : PN54X - Invoking I2C Write.....
12-02 04:21:44.524   853 12835 D NxpTml  : PN54X - I2C Read successful.....len = 6
12-02 04:21:44.524   853 12835 D NxpTml  : Delay Read if write thread is busy
12-02 04:21:44.525   853 12836 D NxpNciX : len =   8 => 0300058101060100
12-02 04:21:44.525   853 12836 D NxpTml  : PN54X - I2C Write successful.....
12-02 04:21:44.525   853 12836 D NxpTml  : PN54X - Posting Fresh Write message.....
12-02 04:21:44.525   853 12836 D NxpTml  : PN54X - Tml Writer Thread Running................
12-02 04:21:44.526   853 12838 D NxpHal  : write successful status = 0x0
12-02 04:21:44.526  4222 12832 I libnfc_nci: [INFO:nfa_sys_ptim.cc(127)] nfa_sys_ptim_start_timer 0x736bf95588
12-02 04:21:44.527  4222 12832 I libnfc_nci: [INFO:nfa_sys_main.cc(78)] NFA got event 0x0714
12-02 04:21:44.527   853 12835 D NxpTml  : PN54X - Posting read message.....
12-02 04:21:44.527  4222 12832 I libnfc_nci: [INFO:nfa_hci_main.cc(1823)] nfa_hci_evt_hdlr state: STARTUP (1) event: CHECK_QUEUE (0x0714)
12-02 04:21:44.527   853 12835 D NxpNciR : len =   6 <= 600603010301
12-02 04:21:44.527   853 12838 D NxpHal  : read successful status = 0x0
12-02 04:21:44.528  4222 12832 I libnfc_nci: [INFO:nfc_ncif.cc(839)] NFC received ntf gid:0
12-02 04:21:44.528   853 12835 D NxpTml  : PN54X - Read requested.....
12-02 04:21:44.528  4222 12832 I libnfc_nci: [INFO:nci_hrcv.cc(149)] nci_proc_core_ntf opcode:0x6
12-02 04:21:44.528   853 12835 D NxpTml  : PN54X - Invoking I2C Read.....
12-02 04:21:44.529  4222 12832 I libnfc_nci: [INFO:nfc_ncif.cc(355)] nfc_ncif_send_data :3, num_buff:1 qc:0
12-02 04:21:44.530   853 12835 D NxpTml  : PN54X - I2C Read successful.....len = 5
12-02 04:21:44.530   853 12835 D NxpTml  : PN54X - Posting read message.....
12-02 04:21:44.530   853 12835 D NxpNciR : len =   5 <= 0300028180
12-02 04:21:44.530   853 12838 D NxpHal  : read successful status = 0x0
12-02 04:21:44.531  4222 12832 I libnfc_nci: [INFO:nfc_ncif.cc(754)] NFC received data
12-02 04:21:44.531  4222 12832 I libnfc_nci: [INFO:nfc_ncif.cc(3035)] nfc_ncif_proc_data 0x030002
12-02 04:21:44.531   853 12835 D NxpTml  : PN54X - Read requested.....
12-02 04:21:44.532   853 12835 D NxpTml  : PN54X - Invoking I2C Read.....
12-02 04:21:44.532  4222 12832 I libnfc_nci: [INFO:nfc_ncif.cc(3046)] nfc_ncif_proc_data len:2
12-02 04:21:44.532  4222 12832 I libnfc_nci: [INFO:nfa_hci_main.cc(1241)] nfa_hci_conn_cback Recvd data pipe:1  Type: RESPONSE [0x02] Resp: ANY_OK [0x00]   chain:1  assmbl:0  len:2
12-02 04:21:44.532  4222 12832 I libnfc_nci: [INFO:nfa_hci_act.cc(1426)] nfa_hci_handle_admin_gate_rsp - LastCmdSent: ANY_SET_PARAMETER  App: 0x0000  Gate: 0x00  Pipe: 0x00
12-02 04:21:44.532  4222 12832 I libnfc_nci: [INFO:nfa_hci_act.cc(1491)] nfa_hci_handle_admin_gate_rsp - HCI Controller is ETSI 12 !!!
12-02 04:21:44.533  4222 12832 I libnfc_nci: [INFO:nfa_hci_utils.cc(340)] nfa_hciu_send_msg pipe_id:1   Type: COMMAND [0x00] Inst: ANY_GET_PARAMETER [0x02]   len:1
12-02 04:21:44.533  4222 12832 I libnfc_nci: [INFO:nfc_ncif.cc(355)] nfc_ncif_send_data :3, num_buff:1 qc:0
12-02 04:21:44.533  4222 12832 I libnfc_nci: [INFO:NfcAdaptation.cc(901)] NfcAdaptation::HalWrite
12-02 04:21:44.534   853 12836 D NxpTml  : PN54X - Write requested.....
12-02 04:21:44.534   853 12836 D NxpTml  : PN54X - Invoking I2C Write.....
12-02 04:21:44.535   853 12835 D NxpTml  : PN54X - I2C Read successful.....len = 6
12-02 04:21:44.536   853 12835 D NxpTml  : Delay Read if write thread is busy
12-02 04:21:44.536   853 12836 D NxpNciX : len =   6 => 030003810201
12-02 04:21:44.536   853 12836 D NxpTml  : PN54X - I2C Write successful.....
12-02 04:21:44.536   853 12836 D NxpTml  : PN54X - Posting Fresh Write message.....
12-02 04:21:44.537   853 12836 D NxpTml  : PN54X - Tml Writer Thread Running................
12-02 04:21:44.537   853 12838 D NxpHal  : write successful status = 0x0
12-02 04:21:44.537  4222 12832 I libnfc_nci: [INFO:nfa_sys_ptim.cc(127)] nfa_sys_ptim_start_timer 0x736bf95588
12-02 04:21:44.538  4222 12832 I libnfc_nci: [INFO:nfa_sys_main.cc(78)] NFA got event 0x0714
12-02 04:21:44.538   853 12835 D NxpTml  : PN54X - Posting read message.....
12-02 04:21:44.538  4222 12832 I libnfc_nci: [INFO:nfa_hci_main.cc(1823)] nfa_hci_evt_hdlr state: STARTUP (1) event: CHECK_QUEUE (0x0714)
12-02 04:21:44.538   853 12835 D NxpNciR : len =   6 <= 600603010301
12-02 04:21:44.447   853   853 W nfc@1.2-service: type=1400 audit(0.0:1179): avc: denied { search } for name="nfc" dev="dm-10" ino=280 scontext=u:r:hal_nfc_default:s0 tcontext=u:object_r:vendor_nfc_vendor_data_file:s0 tclass=dir permissive=0
12-02 04:21:44.539   853 12838 D NxpHal  : read successful status = 0x0
12-02 04:21:44.541  4222 12832 I libnfc_nci: [INFO:nfc_ncif.cc(839)] NFC received ntf gid:0
12-02 04:21:44.541  4222 12832 I libnfc_nci: [INFO:nci_hrcv.cc(149)] nci_proc_core_ntf opcode:0x6
12-02 04:21:44.541   853 12835 D NxpTml  : PN54X - Read requested.....
12-02 04:21:44.541  4222 12832 I libnfc_nci: [INFO:nfc_ncif.cc(355)] nfc_ncif_send_data :3, num_buff:1 qc:0
12-02 04:21:44.541   853 12835 D NxpTml  : PN54X - Invoking I2C Read.....
12-02 04:21:44.542   853 12835 D NxpTml  : PN54X - I2C Read successful.....len = 13
12-02 04:21:44.543   853 12835 D NxpTml  : PN54X - Posting read message.....
12-02 04:21:44.543   853 12835 D NxpNciR : len =  13 <= 03000A8180D90B6666D10B6666
12-02 04:21:44.543   853 12838 D NxpHal  : read successful status = 0x0
12-02 04:21:44.544  4222 12832 I libnfc_nci: [INFO:nfc_ncif.cc(754)] NFC received data
12-02 04:21:44.544  4222 12832 I libnfc_nci: [INFO:nfc_ncif.cc(3035)] nfc_ncif_proc_data 0x03000a
12-02 04:21:44.545   853 12835 D NxpTml  : PN54X - Read requested.....
12-02 04:21:44.545  4222 12832 I libnfc_nci: [INFO:nfc_ncif.cc(3046)] nfc_ncif_proc_data len:10
12-02 04:21:44.545   853 12835 D NxpTml  : PN54X - Invoking I2C Read.....
12-02 04:21:44.545  4222 12832 I libnfc_nci: [INFO:nfa_hci_main.cc(1241)] nfa_hci_conn_cback Recvd data pipe:1  Type: RESPONSE [0x02] Resp: ANY_OK [0x00]   chain:1  assmbl:0  len:10
12-02 04:21:44.545  4222 12832 I libnfc_nci: [INFO:nfa_hci_act.cc(1426)] nfa_hci_handle_admin_gate_rsp - LastCmdSent: ANY_GET_PARAMETER  App: 0x0000  Gate: 0x00  Pipe: 0x00
12-02 04:21:44.546  4222 12832 I libnfc_nci: [INFO:nfa_ee_api.cc(119)] NFA_EeGetInfo em_state:1 cur_ee:3
12-02 04:21:44.546  4222 12832 I libnfc_nci: [INFO:nfa_ee_api.cc(135)] xx:0 max_ret:2, num_ret:0 ee_status:0x1
12-02 04:21:44.546  4222 12832 I libnfc_nci: [INFO:nfa_ee_api.cc(135)] xx:1 max_ret:2, num_ret:1 ee_status:0x1
12-02 04:21:44.546  4222 12832 I libnfc_nci: [INFO:nfa_ee_api.cc(158)] num_ret:2
12-02 04:21:44.547  4222 12832 I libnfc_nci: [INFO:nfa_ee_api.cc(119)] NFA_EeGetInfo em_state:1 cur_ee:3
12-02 04:21:44.547  4222 12832 I libnfc_nci: [INFO:nfa_ee_api.cc(135)] xx:0 max_ret:6, num_ret:0 ee_status:0x1
12-02 04:21:44.547  4222 12832 I libnfc_nci: [INFO:nfa_ee_api.cc(135)] xx:1 max_ret:6, num_ret:1 ee_status:0x1
12-02 04:21:44.547  4222 12832 I libnfc_nci: [INFO:nfa_ee_api.cc(135)] xx:2 max_ret:6, num_ret:2 ee_status:0x1
12-02 04:21:44.548  4222 12832 I libnfc_nci: [INFO:nfa_ee_api.cc(158)] num_ret:3
12-02 04:21:44.548  4222 12832 I libnfc_nci: [INFO:nfa_hci_main.cc(768)] nfa_hci_enable_one_nfcee () 3
12-02 04:21:44.548  4222 12832 I libnfc_nci: [INFO:nfc_ncif.cc(676)] nfc_ncif_send_cmd()
12-02 04:21:44.548  4222 12832 I libnfc_nci: [INFO:nfc_ncif.cc(550)] nfc_ncif_check_cmd_queue : Writing to HAL...
12-02 04:21:44.549  4222 12832 I libnfc_nci: [INFO:nfc_ncif.cc(557)] nfc_ncif_check_cmd_queue : cmd_size:2
12-02 04:21:44.549  4222 12832 I libnfc_nci: [INFO:NfcAdaptation.cc(901)] NfcAdaptation::HalWrite
12-02 04:21:44.549   853   853 D android.hardware.nfc@1.2-service: sem_timedwait() succeeded
12-02 04:21:44.550   853 12836 D NxpTml  : PN54X - Write requested.....
12-02 04:21:44.550   853 12836 D NxpTml  : PN54X - Invoking I2C Write.....
12-02 04:21:44.552   853 12835 D NxpTml  : PN54X - I2C Read successful.....len = 4
12-02 04:21:44.552   853 12836 D NxpNciX : len =   5 => 2201028001
12-02 04:21:44.552   853 12835 D NxpTml  : Delay Read if write thread is busy
12-02 04:21:44.552   853 12836 D NxpTml  : PN54X - I2C Write successful.....
12-02 04:21:44.552   853 12836 D NxpTml  : PN54X - Posting Fresh Write message.....
12-02 04:21:44.552   853 12836 D NxpTml  : PN54X - Tml Writer Thread Running................
12-02 04:21:44.552   853 12838 D NxpHal  : write successful status = 0x0
12-02 04:21:44.553  4222 12832 I libnfc_nci: [INFO:nfa_sys_main.cc(78)] NFA got event 0x0714
12-02 04:21:44.554  4222 12832 I libnfc_nci: [INFO:nfa_hci_main.cc(1823)] nfa_hci_evt_hdlr state: WAIT_NETWK_ENABLE (2) event: CHECK_QUEUE (0x0714)
12-02 04:21:44.554   853 12835 D NxpTml  : PN54X - Posting read message.....
12-02 04:21:44.554   853 12835 D NxpNciR : len =   4 <= 42010100
12-02 04:21:44.555   853 12838 D NxpHal  : read successful status = 0x0
12-02 04:21:44.555  4222 12832 I libnfc_nci: [INFO:nfc_ncif.cc(760)] NFC received rsp gid:2
12-02 04:21:44.556   853 12835 D NxpTml  : PN54X - Read requested.....
12-02 04:21:44.556  4222 12832 I libnfc_nci: [INFO:nci_hrcv.cc(350)] nci_proc_ee_management_rsp opcode:0x1
12-02 04:21:44.556   853 12835 D NxpTml  : PN54X - Invoking I2C Read.....
12-02 04:21:44.557   853 12835 D NxpTml  : PN54X - I2C Read successful.....len = 4
12-02 04:21:44.557   853 12835 D NxpTml  : PN54X - Posting read message.....
12-02 04:21:44.557   853 12835 D NxpNciR : len =   4 <= 620101C1
12-02 04:21:44.557   853 12838 D NxpHal  : read successful status = 0x0
12-02 04:21:44.558  4222 12832 I libnfc_nci: [INFO:nfc_ncif.cc(839)] NFC received ntf gid:2
12-02 04:21:44.558  4222 12832 I libnfc_nci: [INFO:nci_hrcv.cc(459)] nci_proc_ee_management_ntf opcode:0x1
12-02 04:21:44.558   853 12835 D NxpTml  : PN54X - Read requested.....
12-02 04:21:44.559  4222 12832 I libnfc_nci: [INFO:nci_hrcv.cc(509)] nci_proc_ee_management_ntf status:0xc1, nfceeid:0x1
12-02 04:21:44.559   853 12835 D NxpTml  : PN54X - Invoking I2C Read.....
12-02 04:21:44.559  4222 12832 I libnfc_nci: [INFO:nci_hrcv.cc(521)] nci_proc_ee_management_last ntf mode:0x0, nfceeid:0x0
12-02 04:21:44.559  4222 12832 I libnfc_nci: [INFO:nfa_dm_act.cc(299)] NFC_NFCEE_MODE_SET_REVT(0x5006)
12-02 04:21:44.559  4222 12832 I libnfc_nci: [INFO:nfa_ee_main.cc(411)] nfa_ee_proc_evt: event=0x5006 int_event:0x213
12-02 04:21:44.560  4222 12832 I libnfc_nci: [INFO:nfa_ee_main.cc(738)] Event NCI_MODE_SET(0x213), State: INIT_DONE(1)
12-02 04:21:44.560  4222 12832 I libnfc_nci: [INFO:nfa_ee_act.cc(3073)] nfa_ee_nci_mode_set_rsp() handle:0x80 mode:1 statu : 193
12-02 04:21:44.560  4222 12832 I libnfc_nci: [INFO:nfa_ee_main.cc(454)] nfa_ee_find_ecb ()
12-02 04:21:44.560  4222 12832 I libnfc_nci: [INFO:nfa_ee_act.cc(3127)] status:193 ecb_flags  :0x00 ee_cfged:0x00 ee_status:2
12-02 04:21:44.560  4222 12832 I libnfc_nci: [INFO:nfa_hci_main.cc(128)] nfa_hci_ee_info_cback (): 3
12-02 04:21:44.561  4222 12832 I libnfc_nci: [INFO:nfa_hci_main.cc(257)] nfa_hci_ee_info_cback (): 2  nfa_hci_cb.hci_state
12-02 04:21:44.561  4222 12832 I libnfc_nci: [INFO:nfa_ee_api.cc(119)] NFA_EeGetInfo em_state:1 cur_ee:3
12-02 04:21:44.561  4222 12832 I libnfc_nci: [INFO:nfa_ee_api.cc(135)] xx:0 max_ret:3, num_ret:0 ee_status:0x2
12-02 04:21:44.561  4222 12832 I libnfc_nci: [INFO:nfa_ee_api.cc(135)] xx:1 max_ret:3, num_ret:0 ee_status:0x1
12-02 04:21:44.562  4222 12832 I libnfc_nci: [INFO:nfa_ee_api.cc(135)] xx:2 max_ret:3, num_ret:1 ee_status:0x1
12-02 04:21:44.562  4222 12832 I libnfc_nci: [INFO:nfa_ee_api.cc(158)] num_ret:2
12-02 04:21:44.562  4222 12832 I libnfc_nci: [INFO:nfa_hci_main.cc(768)] nfa_hci_enable_one_nfcee () 2
12-02 04:21:44.562  4222 12832 I libnfc_nci: [INFO:nfc_ncif.cc(676)] nfc_ncif_send_cmd()
12-02 04:21:44.563  4222 12832 I libnfc_nci: [INFO:nfc_ncif.cc(550)] nfc_ncif_check_cmd_queue : Writing to HAL...
12-02 04:21:44.563  4222 12832 I libnfc_nci: [INFO:nfc_ncif.cc(557)] nfc_ncif_check_cmd_queue : cmd_size:2
12-02 04:21:44.563  4222 12832 I libnfc_nci: [INFO:NfcAdaptation.cc(901)] NfcAdaptation::HalWrite
12-02 04:21:44.563   853   853 D android.hardware.nfc@1.2-service: sem_timedwait() succeeded
12-02 04:21:44.564   853 12836 D NxpTml  : PN54X - Write requested.....
12-02 04:21:44.564   853 12836 D NxpTml  : PN54X - Invoking I2C Write.....
12-02 04:21:44.565   853 12835 D NxpTml  : PN54X - I2C Read successful.....len = 4
12-02 04:21:44.566   853 12835 D NxpTml  : Delay Read if write thread is busy
12-02 04:21:44.566   853 12836 D NxpNciX : len =   5 => 2201028101
12-02 04:21:44.566   853 12836 D NxpTml  : PN54X - I2C Write successful.....
12-02 04:21:44.566   853 12836 D NxpTml  : PN54X - Posting Fresh Write message.....
12-02 04:21:44.566   853 12836 D NxpTml  : PN54X - Tml Writer Thread Running................
12-02 04:21:44.566   853 12838 D NxpHal  : write successful status = 0x0
12-02 04:21:44.568   853 12835 D NxpTml  : PN54X - Posting read message.....
12-02 04:21:44.568   853 12835 D NxpNciR : len =   4 <= 42010100
12-02 04:21:44.568   853 12838 D NxpHal  : read successful status = 0x0
12-02 04:21:44.570  4222 12832 I libnfc_nci: [INFO:nfc_ncif.cc(760)] NFC received rsp gid:2
12-02 04:21:44.570   853 12835 D NxpTml  : PN54X - Read requested.....
12-02 04:21:44.570   853 12835 D NxpTml  : PN54X - Invoking I2C Read.....
12-02 04:21:44.570  4222 12832 I libnfc_nci: [INFO:nci_hrcv.cc(350)] nci_proc_ee_management_rsp opcode:0x1
12-02 04:21:44.571   853 12835 D NxpTml  : PN54X - I2C Read successful.....len = 4
12-02 04:21:44.571   853 12835 D NxpTml  : PN54X - Posting read message.....
12-02 04:21:44.572   853 12835 D NxpNciR : len =   4 <= 620101C1
12-02 04:21:44.572   853 12838 D NxpHal  : read successful status = 0x0
12-02 04:21:44.573  4222 12832 I libnfc_nci: [INFO:nfc_ncif.cc(839)] NFC received ntf gid:2
12-02 04:21:44.573   853 12835 D NxpTml  : PN54X - Read requested.....
12-02 04:21:44.573  4222 12832 I libnfc_nci: [INFO:nci_hrcv.cc(459)] nci_proc_ee_management_ntf opcode:0x1
12-02 04:21:44.574   853 12835 D NxpTml  : PN54X - Invoking I2C Read.....
12-02 04:21:44.574  4222 12832 I libnfc_nci: [INFO:nci_hrcv.cc(509)] nci_proc_ee_management_ntf status:0xc1, nfceeid:0x80
12-02 04:21:44.574  4222 12832 I libnfc_nci: [INFO:nci_hrcv.cc(521)] nci_proc_ee_management_last ntf mode:0x0, nfceeid:0x0
12-02 04:21:44.574  4222 12832 I libnfc_nci: [INFO:nfa_dm_act.cc(299)] NFC_NFCEE_MODE_SET_REVT(0x5006)
12-02 04:21:44.575  4222 12832 I libnfc_nci: [INFO:nfa_ee_main.cc(411)] nfa_ee_proc_evt: event=0x5006 int_event:0x213
12-02 04:21:44.575  4222 12832 I libnfc_nci: [INFO:nfa_ee_main.cc(738)] Event NCI_MODE_SET(0x213), State: INIT_DONE(1)
12-02 04:21:44.575  4222 12832 I libnfc_nci: [INFO:nfa_ee_act.cc(3073)] nfa_ee_nci_mode_set_rsp() handle:0x81 mode:1 statu : 193
12-02 04:21:44.575  4222 12832 I libnfc_nci: [INFO:nfa_ee_main.cc(454)] nfa_ee_find_ecb ()
12-02 04:21:44.576  4222 12832 I libnfc_nci: [INFO:nfa_ee_act.cc(3127)] status:193 ecb_flags  :0x00 ee_cfged:0x00 ee_status:2
12-02 04:21:44.576  4222 12832 I libnfc_nci: [INFO:nfa_hci_main.cc(128)] nfa_hci_ee_info_cback (): 3
12-02 04:21:44.576  4222 12832 I libnfc_nci: [INFO:nfa_hci_main.cc(257)] nfa_hci_ee_info_cback (): 2  nfa_hci_cb.hci_state
12-02 04:21:44.577  4222 12832 I libnfc_nci: [INFO:nfa_ee_api.cc(119)] NFA_EeGetInfo em_state:1 cur_ee:3
12-02 04:21:44.577  4222 12832 I libnfc_nci: [INFO:nfa_ee_api.cc(135)] xx:0 max_ret:2, num_ret:0 ee_status:0x2
12-02 04:21:44.578  4222 12832 I libnfc_nci: [INFO:nfa_ee_api.cc(135)] xx:1 max_ret:2, num_ret:0 ee_status:0x2
12-02 04:21:44.578  4222 12832 I libnfc_nci: [INFO:nfa_ee_api.cc(135)] xx:2 max_ret:2, num_ret:0 ee_status:0x1
12-02 04:21:44.578  4222 12832 I libnfc_nci: [INFO:nfa_ee_api.cc(158)] num_ret:1
12-02 04:21:44.579  4222 12832 I libnfc_nci: [INFO:nfa_hci_main.cc(768)] nfa_hci_enable_one_nfcee () 1
12-02 04:21:44.579  4222 12832 I libnfc_nci: [INFO:nfc_ncif.cc(676)] nfc_ncif_send_cmd()
12-02 04:21:44.579  4222 12832 I libnfc_nci: [INFO:nfc_ncif.cc(550)] nfc_ncif_check_cmd_queue : Writing to HAL...
12-02 04:21:44.579  4222 12832 I libnfc_nci: [INFO:nfc_ncif.cc(557)] nfc_ncif_check_cmd_queue : cmd_size:2
12-02 04:21:44.580  4222 12832 I libnfc_nci: [INFO:NfcAdaptation.cc(901)] NfcAdaptation::HalWrite
12-02 04:21:44.580   853   853 D android.hardware.nfc@1.2-service: sem_timedwait() succeeded
12-02 04:21:44.581   853 12836 D NxpTml  : PN54X - Write requested.....
12-02 04:21:44.581   853 12836 D NxpTml  : PN54X - Invoking I2C Write.....
12-02 04:21:44.582   853 12835 D NxpTml  : PN54X - I2C Read successful.....len = 4
12-02 04:21:44.583   853 12835 D NxpTml  : Delay Read if write thread is busy
12-02 04:21:44.583   853 12836 D NxpNciX : len =   5 => 220102C001
12-02 04:21:44.583   853 12836 D NxpTml  : PN54X - I2C Write successful.....
12-02 04:21:44.583   853 12836 D NxpTml  : PN54X - Posting Fresh Write message.....
12-02 04:21:44.584   853 12836 D NxpTml  : PN54X - Tml Writer Thread Running................
12-02 04:21:44.584   853 12838 D NxpHal  : write successful status = 0x0
12-02 04:21:44.585   853 12835 D NxpTml  : PN54X - Posting read message.....
12-02 04:21:44.586   853 12835 D NxpNciR : len =   4 <= 42010100
12-02 04:21:44.586   853 12838 D NxpHal  : read successful status = 0x0
12-02 04:21:44.587  4222 12832 I libnfc_nci: [INFO:nfc_ncif.cc(760)] NFC received rsp gid:2
12-02 04:21:44.587   853 12835 D NxpTml  : PN54X - Read requested.....
12-02 04:21:44.587  4222 12832 I libnfc_nci: [INFO:nci_hrcv.cc(350)] nci_proc_ee_management_rsp opcode:0x1
12-02 04:21:44.587   853 12835 D NxpTml  : PN54X - Invoking I2C Read.....
12-02 04:21:44.689   853 12835 D NxpTml  : PN54X - I2C Read successful.....len = 4
12-02 04:21:44.690   853 12835 D NxpTml  : PN54X - Posting read message.....
12-02 04:21:44.691   853 12835 D NxpNciR : len =   4 <= 620101C1
12-02 04:21:44.692   853 12838 D NxpHal  : read successful status = 0x0
12-02 04:21:44.694  4222 12832 I libnfc_nci: [INFO:nfc_ncif.cc(839)] NFC received ntf gid:2
12-02 04:21:44.695  4222 12832 I libnfc_nci: [INFO:nci_hrcv.cc(459)] nci_proc_ee_management_ntf opcode:0x1
12-02 04:21:44.696  4222 12832 I libnfc_nci: [INFO:nci_hrcv.cc(509)] nci_proc_ee_management_ntf status:0xc1, nfceeid:0x3
12-02 04:21:44.696   853 12835 D NxpTml  : PN54X - Read requested.....
12-02 04:21:44.697   853 12835 D NxpTml  : PN54X - Invoking I2C Read.....
12-02 04:21:44.697  4222 12832 I libnfc_nci: [INFO:nci_hrcv.cc(521)] nci_proc_ee_management_last ntf mode:0x0, nfceeid:0x0
12-02 04:21:44.698  4222 12832 I libnfc_nci: [INFO:nfa_dm_act.cc(299)] NFC_NFCEE_MODE_SET_REVT(0x5006)
12-02 04:21:44.698  4222 12832 I libnfc_nci: [INFO:nfa_ee_main.cc(411)] nfa_ee_proc_evt: event=0x5006 int_event:0x213
12-02 04:21:44.699  4222 12832 I libnfc_nci: [INFO:nfa_ee_main.cc(738)] Event NCI_MODE_SET(0x213), State: INIT_DONE(1)
12-02 04:21:44.700  4222 12832 I libnfc_nci: [INFO:nfa_ee_act.cc(3073)] nfa_ee_nci_mode_set_rsp() handle:0xc0 mode:1 statu : 193
12-02 04:21:44.700  4222 12832 I libnfc_nci: [INFO:nfa_ee_main.cc(454)] nfa_ee_find_ecb ()
12-02 04:21:44.701  4222 12832 I libnfc_nci: [INFO:nfa_ee_act.cc(3127)] status:193 ecb_flags  :0x00 ee_cfged:0x00 ee_status:2
12-02 04:21:44.702  4222 12832 I libnfc_nci: [INFO:nfa_hci_main.cc(128)] nfa_hci_ee_info_cback (): 3
12-02 04:21:44.703  4222 12832 I libnfc_nci: [INFO:nfa_hci_main.cc(257)] nfa_hci_ee_info_cback (): 2  nfa_hci_cb.hci_state
12-02 04:21:44.704  4222 12832 I libnfc_nci: [INFO:nfa_ee_api.cc(119)] NFA_EeGetInfo em_state:1 cur_ee:3
12-02 04:21:44.704  4222 12832 I libnfc_nci: [INFO:nfa_ee_api.cc(135)] xx:0 max_ret:1, num_ret:0 ee_status:0x2
12-02 04:21:44.705  4222 12832 I libnfc_nci: [INFO:nfa_ee_api.cc(135)] xx:1 max_ret:1, num_ret:0 ee_status:0x2
12-02 04:21:44.706  4222 12832 I libnfc_nci: [INFO:nfa_ee_api.cc(135)] xx:2 max_ret:1, num_ret:0 ee_status:0x2
12-02 04:21:44.707  4222 12832 I libnfc_nci: [INFO:nfa_ee_api.cc(158)] num_ret:0
12-02 04:21:44.708  4222 12832 I libnfc_nci: [INFO:nfa_hci_main.cc(768)] nfa_hci_enable_one_nfcee () 0
12-02 04:21:44.709  4222 12832 I libnfc_nci: [INFO:nfa_hci_utils.cc(340)] nfa_hciu_send_msg pipe_id:1   Type: COMMAND [0x00] Inst: ANY_GET_PARAMETER [0x02]   len:1
12-02 04:21:44.710  4222 12832 I libnfc_nci: [INFO:nfc_ncif.cc(355)] nfc_ncif_send_data :3, num_buff:1 qc:0
12-02 04:21:44.710  4222 12832 I libnfc_nci: [INFO:NfcAdaptation.cc(901)] NfcAdaptation::HalWrite
12-02 04:21:44.722   853 12836 D NxpTml  : PN54X - Write requested.....
12-02 04:21:44.722   853 12836 D NxpTml  : PN54X - Invoking I2C Write.....
12-02 04:21:44.726   853 12836 D NxpNciX : len =   6 => 030003810204
12-02 04:21:44.727   853 12836 D NxpTml  : PN54X - I2C Write successful.....
12-02 04:21:44.727   853 12836 D NxpTml  : PN54X - Posting Fresh Write message.....
12-02 04:21:44.728   853 12836 D NxpTml  : PN54X - Tml Writer Thread Running................
12-02 04:21:44.728   853 12838 D NxpHal  : write successful status = 0x0
12-02 04:21:44.733   853 12835 D NxpTml  : PN54X - I2C Read successful.....len = 6
12-02 04:21:44.734  4222 12832 I libnfc_nci: [INFO:nfa_sys_ptim.cc(127)] nfa_sys_ptim_start_timer 0x736bf95588
12-02 04:21:44.735   853 12835 D NxpTml  : PN54X - Posting read message.....
12-02 04:21:44.735   853 12835 D NxpNciR : len =   6 <= 600603010301
12-02 04:21:44.738   853 12838 D NxpHal  : read successful status = 0x0
12-02 04:21:44.739  4222 12832 I libnfc_nci: [INFO:nfc_ncif.cc(839)] NFC received ntf gid:0
12-02 04:21:44.739  4222 12832 I libnfc_nci: [INFO:nci_hrcv.cc(149)] nci_proc_core_ntf opcode:0x6
12-02 04:21:44.739   853 12835 D NxpTml  : PN54X - Read requested.....
12-02 04:21:44.739   853 12835 D NxpTml  : PN54X - Invoking I2C Read.....
12-02 04:21:44.739  4222 12832 I libnfc_nci: [INFO:nfc_ncif.cc(355)] nfc_ncif_send_data :3, num_buff:1 qc:0
12-02 04:21:44.741   853 12835 D NxpTml  : PN54X - I2C Read successful.....len = 6
12-02 04:21:44.741   853 12835 D NxpTml  : PN54X - Posting read message.....
12-02 04:21:44.741   853 12835 D NxpNciR : len =   6 <= 030003818000
12-02 04:21:44.742   853 12838 D NxpHal  : read successful status = 0x0
12-02 04:21:44.743  4222 12832 I libnfc_nci: [INFO:nfc_ncif.cc(754)] NFC received data
12-02 04:21:44.744  4222 12832 I libnfc_nci: [INFO:nfc_ncif.cc(3035)] nfc_ncif_proc_data 0x030003
12-02 04:21:44.744  4222 12832 I libnfc_nci: [INFO:nfc_ncif.cc(3046)] nfc_ncif_proc_data len:3
12-02 04:21:44.744  4222 12832 I libnfc_nci: [INFO:nfa_sys_ptim.cc(154)] nfa_sys_ptim_stop_timer 0x736bf95588
12-02 04:21:44.744  4222 12832 I libnfc_nci: [INFO:nfa_sys_ptim.cc(160)] ptim timer stop
12-02 04:21:44.745  4222 12832 I libnfc_nci: [INFO:nfa_sys_ptim.cc(127)] nfa_sys_ptim_start_timer 0x736bf95588
12-02 04:21:44.745   853 12835 D NxpTml  : PN54X - Read requested.....
12-02 04:21:44.745  4222 12832 I libnfc_nci: [INFO:nfa_sys_ptim.cc(131)] ptim timer start
12-02 04:21:44.745   853 12835 D NxpTml  : PN54X - Invoking I2C Read.....
12-02 04:21:44.745  4222 12832 I libnfc_nci: [INFO:nfa_hci_main.cc(1241)] nfa_hci_conn_cback Recvd data pipe:1  Type: RESPONSE [0x02] Resp: ANY_OK [0x00]   chain:1  assmbl:0  len:3
12-02 04:21:44.746  4222 12832 I libnfc_nci: [INFO:nfa_hci_act.cc(1426)] nfa_hci_handle_admin_gate_rsp - LastCmdSent: ANY_GET_PARAMETER  App: 0x0000  Gate: 0x00  Pipe: 0x00
12-02 04:21:44.746  4222 12832 I libnfc_nci: [INFO:nfa_hci_main.cc(690)] nfa_hci_startup_complete (): Status: 0
12-02 04:21:44.746  4222 12832 I libnfc_nci: [INFO:nfa_sys_ptim.cc(154)] nfa_sys_ptim_stop_timer 0x736bf95588
12-02 04:21:44.747  4222 12832 I libnfc_nci: [INFO:nfa_sys_ptim.cc(160)] ptim timer stop
12-02 04:21:44.747  4222 12832 I libnfc_nci: [INFO:nfc_main.cc(1912)] NFC_updateHciInitStatus Enter :  start condition : 0
12-02 04:21:44.747  4222 12832 I libnfc_nci: [INFO:NfcAdaptation.cc(1551)] NfcAdaptation::HalHciInitUpdateState : Enter
12-02 04:21:44.748   853   853 D android.hardware.nfc@1.2-service: NxpNfcLegacy::hciInitUpdateState Entry
12-02 04:21:44.748   853   853 D android.hardware.nfc@1.2-service: NxpNfcLegacy::hciInitUpdateState state == NFC_HCI_INIT_COMPLETE
12-02 04:21:44.748   853   853 D NxpHal  : phNxpNciHal_hciInitUpdateState Enter 
12-02 04:21:44.748   853   853 D NxpHal  : phNxpNciHal_hciInitUpdateState value is 0: 
12-02 04:21:44.748   853   853 D EseHalClient: EseAdaptation::HalNfccNtf arg=18
12-02 04:21:44.749   853   853 D EseHalClient: EseAdaptation::HalNfccNtf Ioctl Completed for Type=0
12-02 04:21:44.749   853   853 D NxpHal  : phNxpNciHal_hciInitUpdateState Exit 
12-02 04:21:44.749   853   853 D android.hardware.nfc@1.2-service: NxpNfcLegacy::hciInitUpdateState Exit
12-02 04:21:44.750  4222 12832 I libnfc_nci: [INFO:NfcAdaptation.cc(1557)] NfcAdaptation::HalHciInitUpdateState : Exit
12-02 04:21:44.750  4222 12832 I libnfc_nci: [INFO:nfc_main.cc(1925)] NFC_updateHciInitStatus Exit :  updateStatus condition : 0
12-02 04:21:44.750  4222 12832 I libnfc_nci: [INFO:nfa_hci_act.cc(2748)] nfa_hci_handle_nfcee_config_evt enter f1
12-02 04:21:44.750  4222 12832 I libnfc_nci: [INFO:nfa_sys_ptim.cc(154)] nfa_sys_ptim_stop_timer 0x736bf95588
12-02 04:21:44.751  4222 12832 I libnfc_nci: [INFO:nfa_sys_ptim.cc(160)] ptim timer stop
12-02 04:21:44.751  4222 12832 I libnfc_nci: [INFO:nfa_ee_api.cc(184)] NFA_AllEeGetInfo em_state:1 cur_ee:3
12-02 04:21:44.751  4222 12832 I libnfc_nci: [INFO:nfa_ee_api.cc(200)] xx:0 max_ret:6, num_ret:0 ee_status:0x2 num_interface :0 p_cb->nfcee_id : 128
12-02 04:21:44.751  4222 12832 I libnfc_nci: [INFO:nfa_ee_api.cc(200)] xx:1 max_ret:6, num_ret:1 ee_status:0x2 num_interface :0 p_cb->nfcee_id : 129
12-02 04:21:44.751  4222 12832 I libnfc_nci: [INFO:nfa_ee_api.cc(200)] xx:2 max_ret:6, num_ret:2 ee_status:0x2 num_interface :0 p_cb->nfcee_id : 192
12-02 04:21:44.752  4222 12832 I libnfc_nci: [INFO:nfa_ee_api.cc(221)] num_ret:3
12-02 04:21:44.752  4222 12832 I libnfc_nci: [INFO:nfa_hci_act.cc(2593)] nfa_hci_read_num_nfcee_config_cb  nfa_ee_max_ee_cfg3
12-02 04:21:44.752  4222 12832 I libnfc_nci: [INFO:nfa_hci_act.cc(2594)] nfa_hci_read_num_nfcee_config_cb nfa_hci_cb.num_nfcee3
12-02 04:21:44.752  4222 12832 I libnfc_nci: [INFO:nfa_hci_act.cc(2616)] nfa_hci_pollsession_id   -480
12-02 04:21:44.753  4222 12832 I libnfc_nci: [INFO:nfa_hci_act.cc(2616)] nfa_hci_pollsession_id   -481
12-02 04:21:44.753  4222 12832 I libnfc_nci: [INFO:nfa_hci_act.cc(2616)] nfa_hci_pollsession_id   -4c0
12-02 04:21:44.753  4222 12832 I libnfc_nci: [INFO:nfa_hci_act.cc(2748)] nfa_hci_handle_nfcee_config_evt enter 7
12-02 04:21:44.753  4222 12832 I libnfc_nci: [INFO:nfa_hci_act.cc(2482)] nfa_hci_api_get_host_type_list - enter!!
12-02 04:21:44.754  4222 12832 I libnfc_nci: [INFO:nfa_hci_act.cc(2485)] nfa_hci_api_get_host_type_list - Sending get_host_type_list!!!
12-02 04:21:44.754  4222 12832 I libnfc_nci: [INFO:nfa_hci_utils.cc(340)] nfa_hciu_send_msg pipe_id:1   Type: COMMAND [0x00] Inst: ANY_GET_PARAMETER [0x02]   len:1
12-02 04:21:44.754  4222 12832 I libnfc_nci: [INFO:nfc_ncif.cc(355)] nfc_ncif_send_data :3, num_buff:1 qc:0
12-02 04:21:44.754  4222 12832 I libnfc_nci: [INFO:NfcAdaptation.cc(901)] NfcAdaptation::HalWrite
12-02 04:21:44.755   853 12836 D NxpTml  : PN54X - Write requested.....
12-02 04:21:44.755   853 12836 D NxpTml  : PN54X - Invoking I2C Write.....
12-02 04:21:44.757   853 12835 D NxpTml  : PN54X - I2C Read successful.....len = 6
12-02 04:21:44.757   853 12835 D NxpTml  : Delay Read if write thread is busy
12-02 04:21:44.757   853 12836 D NxpNciX : len =   6 => 030003810207
12-02 04:21:44.757   853 12836 D NxpTml  : PN54X - I2C Write successful.....
12-02 04:21:44.758   853 12836 D NxpTml  : PN54X - Posting Fresh Write message.....
12-02 04:21:44.758   853 12836 D NxpTml  : PN54X - Tml Writer Thread Running................
12-02 04:21:44.758   853 12838 D NxpHal  : write successful status = 0x0
12-02 04:21:44.760  4222 12832 I libnfc_nci: [INFO:nfa_sys_ptim.cc(127)] nfa_sys_ptim_start_timer 0x736bf95588
12-02 04:21:44.760  4222 12832 I libnfc_nci: [INFO:nfa_sys_ptim.cc(131)] ptim timer start
12-02 04:21:44.761  4222 12832 I libnfc_nci: [INFO:nfa_hci_act.cc(2830)] nfa_hci_handle_nfcee_config_evt exit
12-02 04:21:44.761  4222 12832 I libnfc_nci: [INFO:nfa_hci_act.cc(2639)] nfa_hci_poll_all_nfcee_session_id - exit!!
12-02 04:21:44.761   853 12835 D NxpTml  : PN54X - Posting read message.....
12-02 04:21:44.761  4222 12832 I libnfc_nci: [INFO:nfa_hci_act.cc(2830)] nfa_hci_handle_nfcee_config_evt exit
12-02 04:21:44.761   853 12835 D NxpNciR : len =   6 <= 600603010301
12-02 04:21:44.762  4222 12832 I libnfc_nci: [INFO:nfa_sys_main.cc(78)] NFA got event 0x0714
12-02 04:21:44.762   853 12838 D NxpHal  : read successful status = 0x0
12-02 04:21:44.763   853 12835 D NxpTml  : PN54X - Read requested.....
12-02 04:21:44.763   853 12835 D NxpTml  : PN54X - Invoking I2C Read.....
12-02 04:21:44.763  4222 12832 I libnfc_nci: [INFO:nfa_hci_main.cc(1823)] nfa_hci_evt_hdlr state: WAIT_NFCEE_ENABLE (10) event: CHECK_QUEUE (0x0714)
12-02 04:21:44.763  4222 12832 I libnfc_nci: [INFO:nfc_ncif.cc(839)] NFC received ntf gid:0
12-02 04:21:44.764  4222 12832 I libnfc_nci: [INFO:nci_hrcv.cc(149)] nci_proc_core_ntf opcode:0x6
12-02 04:21:44.764   853 12835 D NxpTml  : PN54X - I2C Read successful.....len = 9
12-02 04:21:44.764   853 12835 D NxpTml  : PN54X - Posting read message.....
12-02 04:21:44.764   853 12835 D NxpNciR : len =   9 <= 030006818000000100
12-02 04:21:44.764  4222 12832 I libnfc_nci: [INFO:nfc_ncif.cc(355)] nfc_ncif_send_data :3, num_buff:1 qc:0
12-02 04:21:44.765   853 12838 D NxpHal  : read successful status = 0x0
12-02 04:21:44.765  4222 12832 I libnfc_nci: [INFO:nfc_ncif.cc(754)] NFC received data
12-02 04:21:44.765  4222 12832 I libnfc_nci: [INFO:nfc_ncif.cc(3035)] nfc_ncif_proc_data 0x030006
12-02 04:21:44.766  4222 12832 I libnfc_nci: [INFO:nfc_ncif.cc(3046)] nfc_ncif_proc_data len:6
12-02 04:21:44.766   853 12835 D NxpTml  : PN54X - Read requested.....
12-02 04:21:44.766   853 12835 D NxpTml  : PN54X - Invoking I2C Read.....
12-02 04:21:44.766  4222 12832 I libnfc_nci: [INFO:nfa_hci_main.cc(1241)] nfa_hci_conn_cback Recvd data pipe:1  Type: RESPONSE [0x02] Resp: ANY_OK [0x00]   chain:1  assmbl:0  len:6
12-02 04:21:44.766  4222 12832 I libnfc_nci: [INFO:nfa_hci_act.cc(1426)] nfa_hci_handle_admin_gate_rsp - LastCmdSent: ANY_GET_PARAMETER  App: 0x0000  Gate: 0x00  Pipe: 0x00
12-02 04:21:44.766  4222 12832 I libnfc_nci: [INFO:nfa_hci_act.cc(2941)] nfa_hci_handle_Nfcee_admpipe_rsp - LastCmdSent: ANY_GET_PARAMETER  App: 0x0000  Gate: 0x00  Pipe: 0x00
12-02 04:21:44.767  4222 12832 I libnfc_nci: [INFO:nfa_sys_ptim.cc(154)] nfa_sys_ptim_stop_timer 0x736bf95588
12-02 04:21:44.767  4222 12832 I libnfc_nci: [INFO:nfa_sys_ptim.cc(160)] ptim timer stop
12-02 04:21:44.767  4222 12832 I libnfc_nci: [INFO:nfa_hci_act.cc(2966)] nfa_hci_handle_admin_gate_rsp - Received the HOST_TYPE_LIST as per ETSI 12 !!!
12-02 04:21:44.767  4222 12832 I libnfc_nci: [INFO:nfa_hci_act.cc(2989)] nfa_hci_handle_admin_gate_rsp -No host is connected!!
12-02 04:21:44.767  4222 12832 I libnfc_nci: [INFO:nfa_hci_act.cc(2748)] nfa_hci_handle_nfcee_config_evt enter f9
12-02 04:21:44.768  4222 12832 I libnfc_nci: [INFO:nfa_hci_act.cc(2810)] nfa_hci_handle_nfcee_config_evt  complete , notify upper layer
12-02 04:21:44.768  4222 12832 I libnfc_nci: [INFO:nfa_sys_cback.cc(62)] nfa_sys_cback_notify_enable_complete () enable_cplt_flags=0x2ec, enable_cplt_mask=0x2ec
12-02 04:21:44.768  4222 12832 I libnfc_nci: [INFO:NativeNfcManager.cpp(1452)] nfaDeviceManagementCallback: enter; event=0x0
12-02 04:21:44.768  4222 12832 I libnfc_nci: [INFO:NativeNfcManager.cpp(1459)] nfaDeviceManagementCallback: NFA_DM_ENABLE_EVT; status=0x0
12-02 04:21:44.768  4222 12832 I libnfc_nci: [INFO:nfa_hci_act.cc(2830)] nfa_hci_handle_nfcee_config_evt exit
12-02 04:21:44.769  4222 12832 I libnfc_nci: [INFO:nfa_sys_main.cc(78)] NFA got event 0x0714
12-02 04:21:44.769  4222 12832 I libnfc_nci: [INFO:nfa_hci_main.cc(1823)] nfa_hci_evt_hdlr state: IDLE (3) event: CHECK_QUEUE (0x0714)
12-02 04:21:44.770  4222  4341 I libnfc_nci: [INFO:NativeNfcManager.cpp(2408)] nfcManagerEnableNfc: sEnableStatus =0x0
12-02 04:21:44.770  4222  4341 I libnfc_nci: [INFO:NativeNfcManager.cpp(7193)] nfcManager_getFeatureList : chipType
12-02 04:21:44.770  4222  4341 I libnfc_nci: [INFO:SecureElement.cpp(286)] SecureElement::initialize: enter
12-02 04:21:44.770  4222  4341 I libnfc_nci: [INFO:SecureElement.cpp(291)] SecureElement::initialize: Default destination gate: 0xF0
12-02 04:21:44.771  4222  4341 I libnfc_nci: [INFO:SecureElement.cpp(415)] SecureElement::initialize: try hci register
12-02 04:21:44.771  4222  4341 I libnfc_nci: [INFO:nfa_hci_api.cc(87)] NFA_HciRegister: Application Name: nfc_jni
12-02 04:21:44.771  4222 12832 I libnfc_nci: [INFO:nfa_sys_main.cc(78)] NFA got event 0x0700
12-02 04:21:44.772  4222 12832 I libnfc_nci: [INFO:nfa_hci_main.cc(1823)] nfa_hci_evt_hdlr state: IDLE (3) event: API_REGISTER (0x0700)
12-02 04:21:44.772  4222 12832 I libnfc_nci: [INFO:nfa_hci_act.cc(299)] nfa_hci_api_register (nfc_jni)  Reusing: 0
12-02 04:21:44.772  4222 12832 I libnfc_nci: [INFO:SecureElement.cpp(2201)] SecureElement::nfaHciCallback: event=0x0
12-02 04:21:44.773  4222 12832 I libnfc_nci: [INFO:SecureElement.cpp(2205)] SecureElement::nfaHciCallback: NFA_HCI_REGISTER_EVT; status=0x0; handle=0x800
12-02 04:21:44.773  4222  4341 I libnfc_nci: [INFO:SecureElement.cpp(439)] SecureElement::initialize: exit
12-02 04:21:44.773  4222  4341 I libnfc_nci: [INFO:RoutingManager.cpp(219)] RoutingManager::initialize(): enter
12-02 04:21:44.774  4222  4341 I libnfc_nci: [INFO:RoutingManager.cpp(246)] initialize: DEFAULT_SYS_CODE: 0xFEFE
12-02 04:21:44.774  4222  4341 E libnfc_nci: [ERROR:RoutingManager.cpp(266)] RoutingManager::initialize(): mFwdFuntnEnable=0x1
12-02 04:21:44.774  4222  4341 E libnfc_nci: [ERROR:RoutingManager.cpp(287)] RoutingManager::initialize(): >>>> mDefaultIso7816SeID=0x0
12-02 04:21:44.774  4222  4341 E libnfc_nci: [ERROR:RoutingManager.cpp(289)] RoutingManager::initialize(): >>>> mDefaultIso7816Powerstate=0x39
12-02 04:21:44.775  4222  4341 I libnfc_nci: [INFO:RoutingManager.cpp(345)] RoutingManager::initialize(): try ee register
12-02 04:21:44.775  4222  4341 I libnfc_nci: [INFO:nfa_ee_api.cc(257)] NFA_EeRegister
12-02 04:21:44.775  4222 12832 I libnfc_nci: [INFO:nfa_sys_main.cc(78)] NFA got event 0x0201
12-02 04:21:44.775  4222 12832 I libnfc_nci: [INFO:nfa_ee_main.cc(738)] Event API_REGISTER(0x201), State: INIT_DONE(1)
12-02 04:21:44.776  4222 12832 I libnfc_nci: [INFO:nfa_ee_act.cc(4163)] nfa_ee_find_max_aid_config_length
12-02 04:21:44.776  4222 12832 I libnfc_nci: [INFO:nfa_ee_act.cc(4203)] proto_tech_future_ext_size : 56
12-02 04:21:44.776  4222 12832 I libnfc_nci: [INFO:nfa_ee_act.cc(1240)] max_routing_table_size = 860 max_aid_config_length: 804 and max_aid_entries: 89
12-02 04:21:44.776  4222 12832 I libnfc_nci: [INFO:RoutingManager.cpp(1911)] RoutingManager::nfaEeCallback: NFA_EE_REGISTER_EVT; status=0
12-02 04:21:44.777  4222 12832 I libnfc_nci: [INFO:RoutingManager.cpp(2130)] nfaEeCallback: NFA_EE_DISCOVER_REQ_EVT; status=0x0; num ee=0
12-02 04:21:44.778  4222  4341 I libnfc_nci: [INFO:RoutingManager.cpp(359)] RoutingManager::initialize()Waiting for EE info
12-02 04:21:44.779  4222  4341 I libnfc_nci: [INFO:nfa_ce_api.cc(501)] NFA_CeSetIsoDepListenTech (): 0x3
12-02 04:21:44.780  4222  4341 I libnfc_nci: [INFO:nfa_ce_api.cc(418)] NFA_CeRegisterAidOnDH
12-02 04:21:44.780  4222  4341 I libnfc_nci: [INFO:nfa_ee_api.cc(184)] NFA_AllEeGetInfo em_state:1 cur_ee:3
12-02 04:21:44.780  4222 12832 I libnfc_nci: [INFO:nfa_sys_main.cc(78)] NFA got event 0x0603
12-02 04:21:44.781  4222  4341 I libnfc_nci: [INFO:nfa_ee_api.cc(200)] xx:0 max_ret:3, num_ret:0 ee_status:0x2 num_interface :0 p_cb->nfcee_id : 128
12-02 04:21:44.781  4222 12832 I libnfc_nci: [INFO:nfa_ce_main.cc(176)] nfa_ce_handle_event event: NFA_CE_API_CFG_ISODEP_TECH_EVT (0x603), flags: 00000000
12-02 04:21:44.782  4222  4341 I libnfc_nci: [INFO:nfa_ee_api.cc(200)] xx:1 max_ret:3, num_ret:1 ee_status:0x2 num_interface :0 p_cb->nfcee_id : 129
12-02 04:21:44.782  4222 12832 I libnfc_nci: [INFO:nfa_sys_main.cc(78)] NFA got event 0x0601
12-02 04:21:44.782  4222 12832 I libnfc_nci: [INFO:nfa_ce_main.cc(176)] nfa_ce_handle_event event: NFA_CE_API_REG_LISTEN_EVT (0x601), flags: 00000000
12-02 04:21:44.783  4222  4341 I libnfc_nci: [INFO:nfa_ee_api.cc(200)] xx:2 max_ret:3, num_ret:2 ee_status:0x2 num_interface :0 p_cb->nfcee_id : 192
12-02 04:21:44.783  4222 12832 I libnfc_nci: [INFO:nfa_ce_act.cc(1413)] nfa_ce_api_reg_listen ():Registering UICC/ESE/Felica/Type-4 tag listener. Type=0
12-02 04:21:44.783  4222  4341 I libnfc_nci: [INFO:nfa_ee_api.cc(221)] num_ret:3
12-02 04:21:44.783  4222 12832 I libnfc_nci: [INFO:nfa_ce_act.cc(1467)] nfa_ce_api_reg_listen ():found free entry listen_info_idx = 1
12-02 04:21:44.784  4222  4341 I libnfc_nci: [INFO:nfa_ee_api.cc(184)] NFA_AllEeGetInfo em_state:1 cur_ee:3
12-02 04:21:44.784  4222 12832 I libnfc_nci: [INFO:nfa_ce_act.cc(1498)] NFA_CE: adding listen_info entry 1
12-02 04:21:44.785  4222  4341 I libnfc_nci: [INFO:nfa_ee_api.cc(200)] xx:0 max_ret:3, num_ret:0 ee_status:0x2 num_interface :0 p_cb->nfcee_id : 128
12-02 04:21:44.785  4222 12832 I libnfc_nci: [INFO:ce_t4t.cc(918)] CE_T4tRegisterAID (): registering callback for wildcard AID 
12-02 04:21:44.785  4222 12832 I libnfc_nci: [INFO:ce_t4t.cc(930)] CE_T4tRegisterAID (): handle 0x04 registered (for wildcard AID)
12-02 04:21:44.786  4222 12832 I libnfc_nci: [INFO:nfa_ce_act.cc(463)] nfa_ce_start_listening(): enter
12-02 04:21:44.786  4222  4341 I libnfc_nci: [INFO:nfa_ee_api.cc(200)] xx:1 max_ret:3, num_ret:1 ee_status:0x2 num_interface :0 p_cb->nfcee_id : 129
12-02 04:21:44.786  4222  4341 I libnfc_nci: [INFO:nfa_ee_api.cc(200)] xx:2 max_ret:3, num_ret:2 ee_status:0x2 num_interface :0 p_cb->nfcee_id : 192
12-02 04:21:44.787  4222  4341 I libnfc_nci: [INFO:nfa_ee_api.cc(221)] num_ret:3
12-02 04:21:44.787  4222  4341 I libnfc_nci: [INFO:RoutingManager.cpp(387)] initialize:gSeDiscoverycount=0x3;
12-02 04:21:44.787  4222  4341 I libnfc_nci: [INFO:RoutingManager.cpp(402)] initialize:seTechMask=0x0;
12-02 04:21:44.788  4222 12832 I libnfc_nci: [INFO:nfa_dm_discover.cc(3055)] nfa_dm_add_rf_discover ():host_id=0x0 disc_mask=0x140000
12-02 04:21:44.788  4222  4341 I libnfc_nci: [INFO:RoutingManager.cpp(789)] printMemberData: AID_MATCHING_MODE = 0x3
12-02 04:21:44.789  4222  4341 I libnfc_nci: [INFO:RoutingManager.cpp(791)] printMemberData: DEFAULT_ISODEP_ROUTE = 0x0
12-02 04:21:44.789  4222 12832 I libnfc_nci: [INFO:nfa_dm_discover.cc(3060)] nfa_dm_add_rf_discover ():disc_mask=0x140000, cback entry:[0]
12-02 04:21:44.790  4222  4341 I libnfc_nci: [INFO:RoutingManager.cpp(793)] printMemberData: AID_MATCHING_PLATFORM = 0x1
12-02 04:21:44.790  4222 12832 I libnfc_nci: [INFO:nfa_ce_act.cc(595)] nfa_ce_start_listening(): exit
12-02 04:21:44.790  4222  4341 I libnfc_nci: [INFO:RoutingManager.cpp(795)] printMemberData: HOST_LISTEN_TECH_MASK = 0x7;
12-02 04:21:44.790  4222  4341 I libnfc_nci: [INFO:RoutingManager.cpp(797)] printMemberData: UICC_LISTEN_TECH_MASK = 0x7;
12-02 04:21:44.791  4222 12832 I libnfc_nci: [INFO:nfa_ce_act.cc(1643)] nfa_ce_api_reg_listen: registered handle 0x0301
12-02 04:21:44.791  4222 12832 I libnfc_nci: [INFO:RoutingManager.cpp(1817)] RoutingManager::stackCallback: event=0x15
12-02 04:21:44.791  4222  4341 I libnfc_nci: [INFO:RoutingManager.cpp(800)] printMemberData: NXP_NFC_CHIP = 0x8;
12-02 04:21:44.792  4222 12832 I libnfc_nci: [INFO:RoutingManager.cpp(1825)] RoutingManager::stackCallback: NFA_CE_REGISTERED_EVT; status=0x0; h=0x301
12-02 04:21:44.793  4222  4341 I libnfc_nci: [INFO:RoutingManager.cpp(802)] printMemberData: NXP_DEFAULT_ROUTE = 0x0;
12-02 04:21:44.793  4222  4341 I libnfc_nci: [INFO:RoutingManager.cpp(804)] printMemberData: NXP_ENABLE_ADD_AID = 0x1;
12-02 04:21:44.793  4222  4341 I libnfc_nci: [INFO:RoutingManager.cpp(806)] printMemberData: NXP_ESE_WIRED_PRT_MASK = 0x0;
12-02 04:21:44.793  4222  4341 I libnfc_nci: [INFO:RoutingManager.cpp(809)] printMemberData: NXP_UICC_WIRED_PRT_MASK = 0x0;
12-02 04:21:44.794  4222  4341 I libnfc_nci: [INFO:RoutingManager.cpp(812)] printMemberData: NXP_FWD_FUNCTIONALITY_ENABLE = 0x1;
12-02 04:21:44.794  4222  4341 I libnfc_nci: [INFO:RoutingManager.cpp(814)] printMemberData: NXP_WIRED_MODE_RF_FIELD_ENABLE = 0x0;
12-02 04:21:44.794  4222  4341 I libnfc_nci: [INFO:RoutingManager.cpp(817)] printMemberData: NAME_DEFAULT_OFFHOST_ROUTE = 0x1;
12-02 04:21:44.794  4222  4341 I libnfc_nci: [INFO:RoutingManager.cpp(820)] printMemberData: NAME_DEFAULT_TECH_ABF_ROUTE = 0x1;
12-02 04:21:44.795  4222  4341 I libnfc_nci: [INFO:nfa_ee_api.cc(1042)] NFA_EeAddSystemCodeRouting(): handle:<0x4c0>
12-02 04:21:44.795  4222  4341 I libnfc_nci: [INFO:nfa_ee_main.cc(454)] nfa_ee_find_ecb ()
12-02 04:21:44.795  4222 12832 I libnfc_nci: [INFO:nfa_sys_main.cc(78)] NFA got event 0x020A
12-02 04:21:44.796  4222 12832 I libnfc_nci: [INFO:nfa_ee_main.cc(738)] Event NFA_EE_API_ADD_SYSCODE_EVT(0x20a), State: INIT_DONE(1)
12-02 04:21:44.796  4222 12832 I libnfc_nci: [INFO:nfa_ee_act.cc(2164)] nfa_ee_api_add_sys_code id:0xc0 SC:0xFEFE 
12-02 04:21:44.796  4222 12832 I libnfc_nci: [INFO:nfa_ee_act.cc(438)] nfa_ee_total_lmrt_size size:0
12-02 04:21:44.796  4222 12832 I libnfc_nci: [INFO:nfa_ee_act.cc(403)] nfa_ee_update_route_sys_code_size nfcee_id:0xc0 size_sys_code:0
12-02 04:21:44.796  4222 12832 I libnfc_nci: [INFO:nfa_dm_main.cc(236)] nfa_dm_is_active () flags:0x1
12-02 04:21:44.797  4222 12832 I libnfc_nci: [INFO:nfa_sys_ptim.cc(127)] nfa_sys_ptim_start_timer 0x736bf95430
12-02 04:21:44.797  4222 12832 I libnfc_nci: [INFO:nfa_sys_ptim.cc(131)] ptim timer start
12-02 04:21:44.797  4222 12832 I libnfc_nci: [INFO:nfa_ee_act.cc(2246)] nfa_ee_api_add_sys_code: status:0 ee_cfged:0x04 
12-02 04:21:44.798  4222 12832 I libnfc_nci: [INFO:RoutingManager.cpp(1919)] RoutingManager::nfaEeCallback: NFA_EE_ADD_SYSCODE_EVT  status=0
12-02 04:21:44.798  4222  4341 I libnfc_nci: [INFO:RoutingManager.cpp(2667)] RoutingManager::updateDefaultRoute: Succeed to register system code
12-02 04:21:44.798  4222  4341 I libnfc_nci: [INFO:RoutingManager.cpp(420)] RoutingManager::initialize(): exit
12-02 04:21:44.798  4222  4341 I libnfc_nci: [INFO:HciRFParams.cpp(100)] HciRFParams::initialize: enter
12-02 04:21:44.799  4222  4341 I libnfc_nci: [INFO:nfa_dm_api.cc(308)] NFA_GetConfig (): num_ids: 1
12-02 04:21:44.799  4222 12832 I libnfc_nci: [INFO:nfa_sys_main.cc(78)] NFA got event 0x0103
12-02 04:21:44.799  4222 12832 I libnfc_nci: [INFO:nfa_dm_main.cc(159)] event: NFA_DM_API_GET_CONFIG_EVT (0x03)
12-02 04:21:44.799  4222 12832 I libnfc_nci: [INFO:nfc_ncif.cc(676)] nfc_ncif_send_cmd()
12-02 04:21:44.800  4222 12832 I libnfc_nci: [INFO:nfc_ncif.cc(550)] nfc_ncif_check_cmd_queue : Writing to HAL...
12-02 04:21:44.800  4222 12832 I libnfc_nci: [INFO:nfc_ncif.cc(557)] nfc_ncif_check_cmd_queue : cmd_size:3
12-02 04:21:44.800  4222 12832 I libnfc_nci: [INFO:NfcAdaptation.cc(901)] NfcAdaptation::HalWrite
12-02 04:21:44.801   853   853 D android.hardware.nfc@1.2-service: sem_timedwait() succeeded
12-02 04:21:44.801   853 12836 D NxpTml  : PN54X - Write requested.....
12-02 04:21:44.801   853 12836 D NxpTml  : PN54X - Invoking I2C Write.....
12-02 04:21:44.803   853 12836 D NxpNciX : len =   6 => 20030301A0F0
12-02 04:21:44.803   853 12836 D NxpTml  : PN54X - I2C Write successful.....
12-02 04:21:44.804   853 12836 D NxpTml  : PN54X - Posting Fresh Write message.....
12-02 04:21:44.804   853 12836 D NxpTml  : PN54X - Tml Writer Thread Running................
12-02 04:21:44.804   853 12838 D NxpHal  : write successful status = 0x0
12-02 04:21:44.805   853 12835 D NxpTml  : PN54X - I2C Read successful.....len = 77
12-02 04:21:44.805   853 12835 D NxpTml  : PN54X - Posting read message.....
12-02 04:21:44.805   853 12835 D NxpNciR : len =  77 <= 40034A0001A0F04500FF000000000000000000000000000000000000000000000000000000000000EE000203030000FF000000000000000000E400000000000000000000000000000000030300
12-02 04:21:44.806   853 12838 D NxpHal  : read successful status = 0x0
12-02 04:21:44.806   853 12838 D NxpHal  : phNxpNciHal_print_res_status: response status =STATUS_OK
12-02 04:21:44.807  4222 12832 I libnfc_nci: [INFO:nfc_ncif.cc(760)] NFC received rsp gid:0
12-02 04:21:44.807  4222 12832 I libnfc_nci: [INFO:nci_hrcv.cc(85)] nci_proc_core_rsp opcode:0x3
12-02 04:21:44.807  4222 12832 I libnfc_nci: [INFO:nfa_dm_act.cc(299)] NFC_GET_CONFIG_REVT(0x5003)
12-02 04:21:44.807   853 12835 D NxpTml  : PN54X - Read requested.....
12-02 04:21:44.807  4222 12832 I libnfc_nci: [INFO:NativeNfcManager.cpp(1452)] nfaDeviceManagementCallback: enter; event=0x3
12-02 04:21:44.807   853 12835 D NxpTml  : PN54X - Invoking I2C Read.....
12-02 04:21:44.808  4222 12832 I libnfc_nci: [INFO:NativeNfcManager.cpp(1489)] nfaDeviceManagementCallback: NFA_DM_GET_CONFIG_EVT
12-02 04:21:44.808  4222  4341 I libnfc_nci: [INFO:HciRFParams.cpp(113)] initialize: status 0
12-02 04:21:44.808  4222  4341 I libnfc_nci: [INFO:HciRFParams.cpp(115)] initialize: tlv_size 74
12-02 04:21:44.808  4222  4341 I libnfc_nci: [INFO:HciRFParams.cpp(117)] initialize: param_tlvs 1
12-02 04:21:44.809  4222  4341 I libnfc_nci: [INFO:SecureElement.cpp(4435)] getEeStatus  num_nfcee_present = 0
12-02 04:21:44.809  4222  4341 I libnfc_nci: [INFO:HciRFParams.cpp(185)] HciRFParams::initialize: exit
12-02 04:21:44.809  4222  4341 I libnfc_nci: [INFO:MposManager.cpp(90)] initialize:enter, isMposEnabled 0
12-02 04:21:44.809  4222  4341 I libnfc_nci: [INFO:NativeNfcTag.cpp(2616)] nativeNfcTag_registerNdefTypeHandler
