12-02 04:21:43.419  1298  3059 D audio_hw_extn: audio_extn_fm_set_parameters: Enter
12-02 04:21:43.430  1298  3059 D audio_hw_primary: out_set_parameters: enter: usecase(1: low-latency-playback) kvpairs: suspend_playback=false
12-02 04:21:43.431  1298  3059 D audio_hw_extn: audio_extn_fm_set_parameters: Enter
12-02 04:21:43.441  1535  4753 I system_server: oneway function results will be dropped but finished with status OK and parcel size 4
12-02 04:21:43.469  1298  1933 D audio_hw_primary: out_set_parameters: enter: usecase(1: low-latency-playback) kvpairs: suspend_playback=true
12-02 04:21:43.470  1298  1933 D audio_hw_extn: audio_extn_fm_set_parameters: Enter
12-02 04:21:43.632     0     0 W healthd : battery l=1 v=3323 t=27.6 h=2 st=5 c=0 fc=3320000 cc=0 chg=u
12-02 04:21:43.647  3120  3120 D KeyguardUpdateMonitor: received broadcast android.intent.action.BATTERY_CHANGED
12-02 04:21:43.648  3562  3562 D QtiCarrierConfigHelper: WARNING, no carrier configs on phone Id: 0
12-02 04:21:43.649  3120  3120 D KeyguardUpdateMonitor: handleBatteryUpdate
12-02 04:21:43.652  3631  3631 D DeviceStatisticsService: chargerType=2 batteryLevel=1 totalBatteryCapacity=6640000
12-02 04:21:43.652  3631  3631 D DeviceInfoHidlClient: isPowerInfoNeverSent()=true
12-02 04:21:43.652  3631  3631 D DeviceInfoHidlClient: getPowerInfoSupportStatus()=-1
12-02 04:21:43.766     0     0 I IRQ 5   : no longer affine to CPU5
12-02 04:21:43.964     0     0 I [FTS_TS]fts_input_report_b: [B]P0(935, 386)[p:67,tm:9] DOWN!
12-02 04:21:44.042     0     0 I [FTS_TS]fts_input_report_b: [B]P0 UP!
12-02 04:21:44.042     0     0 I [FTS_TS]fts_input_report_b: [B]Points All Up!
12-02 04:21:44.055  4222  4341 I NfcService: Enabling NFC
12-02 04:21:44.067  1298  1933 D audio_hw_primary: out_set_parameters: enter: usecase(1: low-latency-playback) kvpairs: suspend_playback=false
12-02 04:21:44.068  1298  1933 D audio_hw_extn: audio_extn_fm_set_parameters: Enter
12-02 04:21:44.071  1298  4741 W audio_hw_primary: out_write: underrun(49) frames_by_time(29061) > out->last_fifo_frames_remaining(384)
12-02 04:21:44.074  4222  4341 I com.android.nf: ConfigFile - Parsing file '/vendor/etc/libnfc-nci.conf'
12-02 04:21:44.074  4222  4341 I com.android.nf: ConfigFile - [APPL_TRACE_LEVEL] = 0xFF
12-02 04:21:44.074  1535  5703 I system_server: oneway function results will be dropped but finished with status OK and parcel size 4
12-02 04:21:44.074  4222  4341 I com.android.nf: ConfigFile - [PROTOCOL_TRACE_LEVEL] = 0xFFFFFFFF
12-02 04:21:44.074  4222  4341 I com.android.nf: ConfigFile - [NFC_DEBUG_ENABLED] = 0x01
12-02 04:21:44.075  4222  4341 I com.android.nf: ConfigFile - [NFA_STORAGE] = "/data/nfc"
12-02 04:21:44.075  4222  4341 I com.android.nf: ConfigFile - [NFA_HCI_DEFAULT_DEST_GATE] = 0xF0
12-02 04:21:44.075  4222  4341 I com.android.nf: ConfigFile - [UICC_LISTEN_TECH_MASK] = 0x07
12-02 04:21:44.075  4222  4341 I com.android.nf: ConfigFile - [HOST_LISTEN_TECH_MASK] = 0x07
12-02 04:21:44.076  4222  4341 I com.android.nf: ConfigFile - [NXP_FWD_FUNCTIONALITY_ENABLE] = 0x01
12-02 04:21:44.076  4222  4341 I com.android.nf: ConfigFile - [AID_FOR_EMPTY_SELECT] = {08:A0:00:00:01:51:00:00:00}
12-02 04:21:44.076  4222  4341 I com.android.nf: ConfigFile - [SCREEN_OFF_POWER_STATE] = 1
12-02 04:21:44.076  4222  4341 I com.android.nf: ConfigFile - [NFA_DM_DISC_DURATION_POLL] = 300
12-02 04:21:44.077  4222  4341 I com.android.nf: ConfigFile - [POLLING_TECH_MASK] = 0x6F
12-02 04:21:44.077  4222  4341 I com.android.nf: ConfigFile - [P2P_LISTEN_TECH_MASK] = 0x45
12-02 04:21:44.078  4222  4341 I com.android.nf: ConfigFile - [PRESERVE_STORAGE] = 0x01
12-02 04:21:44.078  4222  4341 I com.android.nf: ConfigFile - [NFA_DM_DISC_NTF_TIMEOUT] = 100
12-02 04:21:44.078  4222  4341 I com.android.nf: ConfigFile - [AID_MATCHING_MODE] = 0x03
12-02 04:21:44.079  4222  4341 I com.android.nf: ConfigFile - [DEFAULT_SYS_CODE] = {FE:FE}
12-02 04:21:44.079  4222  4341 I libnfc_nci: [INFO:NfcAdaptation.cc(751)] NfcAdaptation::InitializeHalDeviceContext: Try INfcV1_1::getService()
12-02 04:21:44.083  4222  4341 I libnfc_nci: [INFO:NfcAdaptation.cc(764)] NfcAdaptation::InitializeHalDeviceContext: INfc::getService() returned 0xb400007486ed9c70 (remote)
12-02 04:21:44.084  4222  4341 I libnfc_nci: [INFO:NfcAdaptation.cc(769)] NfcAdaptation::InitializeHalDeviceContext: INxpNfc::getService()
12-02 04:21:44.086  4222  4341 I libnfc_nci: [INFO:NfcAdaptation.cc(774)] NfcAdaptation::InitializeHalDeviceContext: INxpNfc::getService() returned 0xb400007486edac30 (remote)
12-02 04:21:44.087  4222  4341 I libnfc_nci: [INFO:NfcAdaptation.cc(778)] NfcAdaptation::InitializeHalDeviceContext: INxpNfcLegacy::getService()
12-02 04:21:44.090  4222  4341 I libnfc_nci: [INFO:NfcAdaptation.cc(783)] NfcAdaptation::InitializeHalDeviceContext: INxpNfcLegacy::getService() returned 0xb400007486edcbb0 (remote)
12-02 04:21:44.091   853   853 D android.hardware.nfc@1.2-service: nxp config file : /vendor/etc/libnfc-nxp.conf
12-02 04:21:44.092   853   853 D android.hardware.nfc@1.2-service: readNxpTransitConfig-Enter..Reading /data/vendor/nfc/libnfc-nxpTransit.conf
12-02 04:21:44.092   853   853 E android.hardware.nfc@1.2-service: readConfig Cannot open config file /data/vendor/nfc/libnfc-nxpTransit.conf
12-02 04:21:44.092   853   853 D android.hardware.nfc@1.2-service: readNxpRFConfig-Enter..Reading /system/vendor/libnfc-nxp_RF.conf
12-02 04:21:44.093   853   853 D NxpExtns: find found ISO_DEP_MAX_TRANSCEIVE=(0xfeff)
12-02 04:21:44.094   853   853 D NxpExtns: find found NFA_POLL_BAIL_OUT_MODE=(0x1)
12-02 04:21:44.094   853   853 D NxpExtns: find found DEFAULT_OFFHOST_ROUTE=(0x1)
12-02 04:21:44.094   853   853 D NxpExtns: find found DEFAULT_SYS_CODE_ROUTE=(0x1)
12-02 04:21:44.094   853   853 D NxpExtns: find found DEFAULT_SYS_CODE_PWR_STATE=(0x0)
12-02 04:21:44.094   853   853 D NxpExtns: find found DEVICE_HOST_WHITE_LIST=
12-02 04:21:44.095   853   853 D NxpExtns: find found OFF_HOST_ESE_PIPE_ID=(0x19)
12-02 04:21:44.095   853   853 D NxpExtns: find found OFF_HOST_SIM_PIPE_ID=(0xa)
12-02 04:21:44.095   853   853 D NxpExtns: find found NFA_PROPRIETARY_CFG=p
12-02 04:21:44.095   853   853 D NxpExtns: find found PRESENCE_CHECK_ALGORITHM=(0x2)
12-02 04:21:44.095   853   853 D NxpExtns: find found OFFHOST_ROUTE_UICC=
12-02 04:21:44.096   853   853 D NxpExtns: find found OFFHOST_ROUTE_ESE=
12-02 04:21:44.096   853   853 D NxpExtns: find found DEFAULT_ISODEP_ROUTE=(0x0)
12-02 04:21:44.096  4222  4341 I libnfc_nci: [INFO:NfcAdaptation.cc(1640)] NfcAdaptation::getNxpConfig : Enter
12-02 04:21:44.097   853   853 D android.hardware.nfc@1.2-service: NxpNfcLegacy::getNxpConfig Entry
12-02 04:21:44.097   853   853 D NxpExtns: find found NXP_ESE_LISTEN_TECH_MASK=(0x7)
12-02 04:21:44.098   853   853 D NxpExtns: find found NXP_DEFAULT_NFCEE_DISC_TIMEOUT=(0x14)
12-02 04:21:44.098   853   853 D NxpExtns: find found NXP_DEFAULT_NFCEE_TIMEOUT=(0x14)
12-02 04:21:44.098   853   853 D NxpExtns: find found NXP_ESE_WIRED_PRT_MASK=(0x0)
12-02 04:21:44.098   853   853 D NxpExtns: find found NXP_UICC_WIRED_PRT_MASK=(0x0)
12-02 04:21:44.099   853   853 D NxpExtns: find found NXP_WIRED_MODE_RF_FIELD_ENABLE=(0x0)
12-02 04:21:44.099   853   853 D NxpExtns: find found AID_BLOCK_ROUTE=(0x0)
12-02 04:21:44.099   853   853 D NxpExtns: find found NXP_ESE_POWER_DH_CONTROL=(0x1)
12-02 04:21:44.099   853   853 D NxpExtns: find found NXP_SWP_RD_TAG_OP_TIMEOUT=(0x20)
12-02 04:21:44.099   853   853 D NxpExtns: find found NXP_LOADER_SERVICE_VERSION=(0x22)
12-02 04:21:44.100   853   853 D NxpExtns: find found NXP_DEFAULT_NFCEE_DISC_TIMEOUT=(0x14)
12-02 04:21:44.100   853   853 D NxpExtns: find found NXP_CE_ROUTE_STRICT_DISABLE=(0x1)
12-02 04:21:44.100   853   853 D NxpExtns: find found OS_DOWNLOAD_TIMEOUT_VALUE=(0xea60)
12-02 04:21:44.100   853   853 D NxpExtns: find found DEFAULT_AID_ROUTE=(0x0)
12-02 04:21:44.100   853   853 D NxpExtns: find found DEFAULT_AID_PWR_STATE=(0x39)
12-02 04:21:44.100   853   853 D NxpExtns: find found DEFAULT_ISODEP_PWR_STATE=(0x3b)
12-02 04:21:44.101   853   853 D NxpExtns: find found DEFAULT_OFFHOST_PWR_STATE=(0x3b)
12-02 04:21:44.101   853   853 D NxpExtns: find found NXP_DEFAULT_NFCEE_TIMEOUT=(0x14)
12-02 04:21:44.102   853   853 D NxpExtns: find found NXP_NFC_CHIP=(0x8)
12-02 04:21:44.103   853   853 D NxpExtns: find found NXP_ESE_JCOP_DEFAULT_INTERFACE=(0x0)
12-02 04:21:44.103   853   853 D NxpExtns: find found NXP_AGC_DEBUG_ENABLE=(0x0)
12-02 04:21:44.103   853   853 D NxpExtns: find found NXP_HCEF_CMD_RSP_TIMEOUT_VALUE=(0x1388)
12-02 04:21:44.103   853   853 D NxpExtns: find found NXP_NFCC_STANDBY_TIMEOUT=(0x4e20)
12-02 04:21:44.103   853   853 D NxpExtns: find found NXP_WM_MAX_WTX_COUNT=(0x32)
12-02 04:21:44.104   853   853 D NxpExtns: find found NXP_NFCC_RF_FIELD_EVENT_TIMEOUT=(0xbb8)
12-02 04:21:44.104   853   853 D NxpExtns: find found NXP_ALLOW_WIRED_IN_MIFARE_DESFIRE_CLT=(0x0)
12-02 04:21:44.104   853   853 D NxpExtns: find found NXP_DWP_INTF_RESET_ENABLE=(0x0)
12-02 04:21:44.104   853   853 D NxpExtns: find found NXPLOG_NCIHAL_LOGLEVEL=(0x3)
12-02 04:21:44.104   853   853 D NxpExtns: find found NXPLOG_EXTNS_LOGLEVEL=(0x3)
12-02 04:21:44.104   853   853 D NxpExtns: find found NXPLOG_TML_LOGLEVEL=(0x3)
12-02 04:21:44.105   853   853 D NxpExtns: find found NXPLOG_FWDNLD_LOGLEVEL=(0x3)
12-02 04:21:44.105   853   853 D NxpExtns: find found NXPLOG_NCIX_LOGLEVEL=(0x3)
12-02 04:21:44.105   853   853 D NxpExtns: find found NXPLOG_NCIR_LOGLEVEL=(0x3)
12-02 04:21:44.105   853   853 D NxpExtns: find found NFA_CONFIG_FORMAT=(0x1)
12-02 04:21:44.106   853   853 D NxpExtns: find found DEFAULT_TECH_ABF_ROUTE=(0x1)
12-02 04:21:44.106   853   853 D NxpExtns: find found DEFAULT_TECH_ABF_PWR_STATE=(0x3b)
12-02 04:21:44.106   853   853 D NxpExtns: find found NXP_PROP_RESET_EMVCO_CMD= D
12-02 04:21:44.106   853   853 D android.hardware.nfc@1.2-service: NxpNfcLegacy::getNxpConfig Exit
12-02 04:21:44.107  4222  4341 I libnfc_nci: [INFO:NfcAdaptation.cc(1706)] getVendorNumConfig : configName:FORCE_ONLY_UICC_LISTEN_TECH -- value:
12-02 04:21:44.107  4222  4341 I libnfc_nci: [INFO:NativeNfcManager.cpp(584)] initializeGlobalDebugEnabledFlag: level=1
12-02 04:21:44.107  4222  4341 I libnfc_nci: [INFO:nfa_dm_api.cc(1532)] 0x3:NFC MW Major Version:
12-02 04:21:44.108  4222  4341 I libnfc_nci: [INFO:nfa_dm_api.cc(1533)] 0x0:NFC MW Minor Version:
12-02 04:21:44.108  4222  4341 I libnfc_nci: [INFO:nfa_dm_api.cc(1536)] mwVer:Major=0x3,Minor=0x0
12-02 04:21:44.108  4222  4341 I libnfc_nci: [INFO:NativeNfcManager.cpp(2098)] nfcManager_doInitialize:  MW Version: NFC_AR_00_18c0_11.03.00
12-02 04:21:44.108  4222  4341 I libnfc_nci: [INFO:PowerSwitch.cpp(114)] PowerSwitch::initialize: level=PS-FULL (1)
12-02 04:21:44.108  4222  4341 I libnfc_nci: [INFO:PowerSwitch.cpp(119)] PowerSwitch::initialize: desired screen-off state=1
12-02 04:21:44.109  4222  4341 I libnfc_nci: [INFO:NfcAdaptation.cc(147)] initializeGlobalDebugEnabledFlag: level=1
12-02 04:21:44.109  4222  4341 I libnfc_nci: [INFO:NfcAdaptation.cc(481)] NfcAdaptation::Initialize: enter
12-02 04:21:44.109  4222  4341 I libnfc_nci: [INFO:NfcAdaptation.cc(507)] NfcAdaptation::Initialize: Overriding NFA_POLL_BAIL_OUT_MODE to use 1
12-02 04:21:44.110  4222  4341 I libnfc_nci: [INFO:libmain.cc(232)] verify_stack_non_volatile_store
12-02 04:21:44.110  4222  4341 I libnfc_nci: [INFO:CrcChecksum.cc(111)] crcChecksumVerifyIntegrity: filename=/data/nfc/nfaStorage.bin1
12-02 04:21:44.111  4222  4341 I libnfc_nci: [INFO:CrcChecksum.cc(128)] crcChecksumVerifyIntegrity: data size=232
12-02 04:21:44.111  4222  4341 I libnfc_nci: [INFO:CrcChecksum.cc(111)] crcChecksumVerifyIntegrity: filename=/data/nfc/nfaStorage.bin4
12-02 04:21:44.112  4222  4341 I libnfc_nci: [INFO:CrcChecksum.cc(111)] crcChecksumVerifyIntegrity: filename=/data/nfc/nfaStorage.bin2
12-02 04:21:44.112  4222  4341 I libnfc_nci: [INFO:CrcChecksum.cc(111)] crcChecksumVerifyIntegrity: filename=/data/nfc/nfaStorage.bin3
12-02 04:21:44.112  4222  4341 I libnfc_nci: [INFO:CrcChecksum.cc(111)] crcChecksumVerifyIntegrity: filename=/data/nfc/nfaStorage.bin5
12-02 04:21:44.113  4222  4341 I libnfc_nci: [INFO:NfcAdaptation.cc(544)] Initialize: preserve stack NV store
12-02 04:21:44.113  4222  4341 I libnfc_nci: [INFO:gki_ulinux.cc(210)] GKI_create_task func=0x0x736bf86f04  id=4  name=NFCA_TASK  stack=0x0x0  stackSize=0
12-02 04:21:44.113  4222  4341 I libnfc_nci: [INFO:gki_ulinux.cc(236)] GKI creating task 4, pCond/pMutex=0x0/0x0
12-02 04:21:44.114  4222  4341 I libnfc_nci: [INFO:gki_ulinux.cc(281)] Leaving GKI_create_task 0x736bf86f04 4 73c804bcc0 NFCA_TASK 0x0 0
12-02 04:21:44.114  4222  4341 I libnfc_nci: [INFO:gki_ulinux.cc(210)] GKI_create_task func=0x0x736bf86f08  id=0  name=NFCA_THREAD  stack=0x0x0  stackSize=0
12-02 04:21:44.087   853   853 W nfc@1.2-service: type=1400 audit(0.0:1175): avc: denied { search } for name="nfc" dev="dm-10" ino=280 scontext=u:r:hal_nfc_default:s0 tcontext=u:object_r:vendor_nfc_vendor_data_file:s0 tclass=dir permissive=0
12-02 04:21:44.115  4222  4341 I libnfc_nci: [INFO:gki_ulinux.cc(236)] GKI creating task 0, pCond/pMutex=0x0/0x0
12-02 04:21:44.115  1298  4741 W audio_hw_primary: out_write: underrun(50) frames_by_time(729) > out->last_fifo_frames_remaining(192)
12-02 04:21:44.115  4222  4341 I libnfc_nci: [INFO:gki_ulinux.cc(281)] Leaving GKI_create_task 0x736bf86f08 0 73c5e48cc0 NFCA_THREAD 0x0 0
12-02 04:21:44.116  4222 12830 I libnfc_nci: [INFO:gki_ulinux.cc(96)] gki_task_entry task_id=4, thread_id=73c804bcc0/73c804bcc0, pCond/pMutex=0x0/0x0
12-02 04:21:44.116  4222 12830 I libnfc_nci: [INFO:NfcAdaptation.cc(674)] NfcAdaptation::NFCA_TASK: enter
12-02 04:21:44.117  4222 12831 I libnfc_nci: [INFO:gki_ulinux.cc(96)] gki_task_entry task_id=0, thread_id=73c5e48cc0/73c5e48cc0, pCond/pMutex=0x0/0x0
12-02 04:21:44.117  4222 12830 I libnfc_nci: [INFO:gki_ulinux.cc(449)] GKI_run enter
12-02 04:21:44.117  4222 12831 I libnfc_nci: [INFO:NfcAdaptation.cc(691)] NfcAdaptation::Thread: enter
12-02 04:21:44.118  4222 12831 I libnfc_nci: [INFO:gki_ulinux.cc(210)] GKI_create_task func=0x0x736bf86efc  id=3  name=NFC_TASK  stack=0x0x0  stackSize=0
12-02 04:21:44.118  4222 12831 I libnfc_nci: [INFO:gki_ulinux.cc(236)] GKI creating task 3, pCond/pMutex=0x73c5e48970/0x73c5e48948
12-02 04:21:44.119  4222 12831 I libnfc_nci: [INFO:gki_ulinux.cc(281)] Leaving GKI_create_task 0x736bf86efc 3 73c5d4acc0 NFC_TASK 0x0 0
12-02 04:21:44.120  4222 12830 I libnfc_nci: [INFO:gki_ulinux.cc(462)] Start/Stop GKI_timer_update_registered!
12-02 04:21:44.120  4222 12832 I libnfc_nci: [INFO:gki_ulinux.cc(96)] gki_task_entry task_id=3, thread_id=73c5d4acc0/73c5d4acc0, pCond/pMutex=0x73c5e48970/0x73c5e48948
12-02 04:21:44.121  4222 12830 I libnfc_nci: [INFO:gki_ulinux.cc(489)] GKI_run, run_cond(0x736bf99320)=1 
12-02 04:21:44.121  4222 12832 I libnfc_nci: [INFO:nfc_task.cc(421)] NFC_TASK started.
12-02 04:21:44.122  4222 12832 I libnfc_nci: [INFO:gki_ulinux.cc(606)] GKI_wait task=3, pCond/pMutex = 0x73c5e48970/0x73c5e48948
12-02 04:21:44.123  4222 12831 I libnfc_nci: [INFO:gki_ulinux.cc(1150)] GKI_exit_task 0 done
12-02 04:21:44.123  4222  4341 I libnfc_nci: [INFO:NfcAdaptation.cc(564)] NfcAdaptation::Initialize: exit
12-02 04:21:44.123  4222  4341 I libnfc_nci: [INFO:NativeNfcManager.cpp(4814)] getJCOPOS_UpdaterState: nfcNxpEse not Enabled. Returning.
12-02 04:21:44.124  4222  4341 I libnfc_nci: [INFO:nfa_dm_api.cc(84)] NFA_Init
12-02 04:21:44.124  4222 12831 I libnfc_nci: [INFO:NfcAdaptation.cc(704)] NfcAdaptation::Thread: exit
12-02 04:21:44.124  4222  4341 I libnfc_nci: [INFO:nfa_dm_main.cc(132)] nfa_dm_init ()
12-02 04:21:44.125  4222 12831 E libnfc_nci: [ERROR:gki_ulinux.cc(105)] gki_task task_id=0 terminating
12-02 04:21:44.125  4222  4341 I libnfc_nci: [INFO:nfa_sys_main.cc(133)] nfa_sys_register () id=1, enable_cplt_mask=0x0
12-02 04:21:44.125  4222  4341 I libnfc_nci: [INFO:nfa_p2p_main.cc(493)] nfa_p2p_init ()
12-02 04:21:44.125  4222  4341 I libnfc_nci: [INFO:nfa_sys_main.cc(133)] nfa_sys_register () id=3, enable_cplt_mask=0x8
12-02 04:21:44.126  4222  4341 I libnfc_nci: [INFO:nfa_rw_main.cc(70)] nfa_rw_init ()
12-02 04:21:44.126  4222  4341 I libnfc_nci: [INFO:nfa_sys_main.cc(133)] nfa_sys_register () id=5, enable_cplt_mask=0x28
12-02 04:21:44.126  4222  4341 I libnfc_nci: [INFO:nfa_ce_main.cc(76)] nfa_ce_init ()
12-02 04:21:44.126  4222  4341 I libnfc_nci: [INFO:nfa_sys_main.cc(133)] nfa_sys_register () id=6, enable_cplt_mask=0x68
12-02 04:21:44.127  4222  4341 I libnfc_nci: [INFO:nfa_ee_main.cc(130)] nfa_ee_init ()
12-02 04:21:44.127  4222  4341 I libnfc_nci: [INFO:nfa_sys_main.cc(133)] nfa_sys_register () id=2, enable_cplt_mask=0x6c
12-02 04:21:44.127  4222  4341 I libnfc_nci: [INFO:nfa_scr_main.cc(110)] nfa_scr_init: enter
12-02 04:21:44.128  4222  4341 I libnfc_nci: [INFO:nfa_sys_main.cc(133)] nfa_sys_register () id=9, enable_cplt_mask=0x26c
12-02 04:21:44.128  4222  4341 I libnfc_nci: [INFO:nfa_scr_main.cc(135)] nfa_scr_init: exit
12-02 04:21:44.128  4222  4341 I libnfc_nci: [INFO:nfa_hci_main.cc(289)] nfa_hci_init ()
12-02 04:21:44.128  4222  4341 I libnfc_nci: [INFO:nfa_hci_main.cc(1731)] nfa_hci_init() 20
12-02 04:21:44.129  4222  4341 I libnfc_nci: [INFO:nfa_hci_main.cc(1737)] nfa_hci_init() 20000
12-02 04:21:44.129  4222  4341 I libnfc_nci: [INFO:nfa_sys_main.cc(133)] nfa_sys_register () id=7, enable_cplt_mask=0x2ec
12-02 04:21:44.130  4222  4341 I libnfc_nci: [INFO:llcp_main.cc(57)] LLCP - llcp_init ()
12-02 04:21:44.130  4222  4341 I libnfc_nci: [INFO:llcp_main.cc(89)] num_rx_buff = 9, rx_congest_start = 6, rx_congest_end = 4, max_num_ll_rx_buff = 2
12-02 04:21:44.130  4222  4341 I libnfc_nci: [INFO:llcp_main.cc(102)] max_num_tx_buff = 21, max_num_ll_tx_buff = 6
12-02 04:21:44.130  4222  4341 I libnfc_nci: [INFO:llcp_api.cc(392)] LLCP_RegisterServer (): SAP:0x1, link_type:0x2, ServiceName:<urn:nfc:sn:sdp>
12-02 04:21:44.130  4222  4341 I libnfc_nci: [INFO:llcp_api.cc(485)] LLCP_RegisterServer (): Registered SAP = 0x01
12-02 04:21:44.131  4222  4341 I libnfc_nci: [INFO:nfa_dm_api.cc(141)] NFA_Enable
12-02 04:21:44.131  4222 12832 I libnfc_nci: [INFO:nfa_sys_main.cc(78)] NFA got event 0x0100
12-02 04:21:44.132  4222 12832 I libnfc_nci: [INFO:nfa_dm_main.cc(159)] event: NFA_DM_API_ENABLE_EVT (0x00)
12-02 04:21:44.132  4222 12832 I libnfc_nci: [INFO:nfa_dm_act.cc(516)] nfa_dm_enable ()
12-02 04:21:44.133  4222 12832 I libnfc_nci: [INFO:nfc_main.cc(855)] NFC_Enable ()
12-02 04:21:44.133  4222 12832 I libnfc_nci: [INFO:nfc_main.cc(438)] nfc_set_state 0 (NONE)->1 (W4_HAL_OPEN)
12-02 04:21:44.133  4222 12832 I libnfc_nci: [INFO:NfcAdaptation.cc(833)] NfcAdaptation::HalOpen
12-02 04:21:44.134   853   853 D android.hardware.nfc@1.2-impl: Nfc::open_1_1(): enter
12-02 04:21:44.135   853   853 D android.hardware.nfc@1.2-impl: Nfc::open(): enter
12-02 04:21:44.135   853   853 D NxpHal  : phNxpNci_MinOpen(): enter
12-02 04:21:44.135   853   853 D NxpExtns: find found NFC_DEBUG_ENABLED=(0x1)
12-02 04:21:44.135   853   853 D NxpHal  : nfc_debug_enabled : 1
12-02 04:21:44.136   853   853 D NxpExtns: find found NXPLOG_NCIHAL_LOGLEVEL=(0x3)
12-02 04:21:44.136   853   853 D NxpExtns: find found NXPLOG_EXTNS_LOGLEVEL=(0x3)
12-02 04:21:44.136   853   853 D NxpExtns: find found NXPLOG_TML_LOGLEVEL=(0x3)
12-02 04:21:44.136   853   853 D NxpExtns: find found NXPLOG_FWDNLD_LOGLEVEL=(0x3)
12-02 04:21:44.137   853   853 D NxpExtns: find found NXPLOG_NCIX_LOGLEVEL=(0x3)
12-02 04:21:44.137   853   853 D NxpExtns: find found NXPLOG_NCIR_LOGLEVEL=(0x3)
12-02 04:21:44.137   853   853 D android.hardware.nfc@1.2-service: phNxpLog_InitializeLogLevel: global =1, Fwdnld =3, extns =3,                 hal =3, tml =3, ncir =3,                 ncix =3
12-02 04:21:44.138   853   853 D NxpExtns: find found MIFARE_READER_ENABLE=(0x1)
12-02 04:21:44.138   853   853 D NxpExtns: find found LEGACY_MIFARE_READER=(0x0)
12-02 04:21:44.139   853   853 D NxpHal  : Entering phNxpNciHal_init_monitor
12-02 04:21:44.140   853   853 D NxpHal  : Returning with SUCCESS
12-02 04:21:44.140   853   853 D EseHalClient: EseAdaptation::Initialize: enter
12-02 04:21:44.140   853   853 D EseHalClient: EseAdaptation::InitializeHalDeviceContext: enter
12-02 04:21:44.140   853   853 D EseHalClient: EseAdaptation::InitializeHalDeviceContext: Ignored. Reason : eSE Not Supported
12-02 04:21:44.140   853   853 D EseHalClient: EseAdaptation::Initialize: exit
12-02 04:21:44.141   853   853 D NxpExtns: find found NXP_NFC_DEV_NODE=/dev/nq-nci
12-02 04:21:44.141   853   853 D NxpTml  : Opening port=/dev/nq-nci
12-02 04:21:44.152   853   853 D NxpTml  : phTmlNfc_i2c_reset(), VEN level 0
12-02 04:21:44.182   853   853 D NxpTml  : phTmlNfc_i2c_reset(), VEN level 1
12-02 04:21:44.206   853 12835 D NxpTml  : PN54X - Tml Reader Thread Started................
12-02 04:21:44.206   853 12836 D NxpTml  : PN54X - Tml Writer Thread Started................
12-02 04:21:44.207   853 12836 D NxpTml  : PN54X - Tml Writer Thread Running................
12-02 04:21:44.209   853   853 D android.hardware.nfc@1.2-service: sem_timedwait() succeeded
12-02 04:21:44.209   853 12836 D NxpTml  : PN54X - Write requested.....
12-02 04:21:44.210   853 12836 D NxpTml  : PN54X - Invoking I2C Write.....
12-02 04:21:44.210   853 12835 D NxpTml  : PN54X - Read requested.....
12-02 04:21:44.210   853 12835 D NxpTml  : PN54X - Invoking I2C Read.....
12-02 04:21:44.212   853 12838 D NxpHal  : thread started
12-02 04:21:44.213   853 12836 D NxpNciX : len =   4 => 20000100
12-02 04:21:44.213   853 12836 D NxpTml  : PN54X - I2C Write successful.....
12-02 04:21:44.213   853 12836 D NxpTml  : PN54X - Posting Fresh Write message.....
12-02 04:21:44.214   853 12836 D NxpTml  : PN54X - Tml Writer Thread Running................
12-02 04:21:44.214   853 12838 D NxpHal  : write successful status = 0x0
12-02 04:21:44.214   853   853 D NxpHal  : Response timer started
12-02 04:21:44.215   853   853 D NxpHal  : Waiting after ext cmd sent
12-02 04:21:44.215   853 12835 D NxpTml  : PN54X - I2C Read successful.....len = 4
12-02 04:21:44.215   853 12835 D NxpTml  : PN54X - Posting read message.....
12-02 04:21:44.216   853 12835 D NxpNciR : len =   4 <= 40000100
12-02 04:21:44.216   853 12838 D NxpHal  : read successful status = 0x0
12-02 04:21:44.217   853 12838 D NxpHal  : CORE_RESET_RSP NCI2.0
12-02 04:21:44.217   853   853 D NxpHal  : Response timer stopped
12-02 04:21:44.217   853 12835 D NxpTml  : PN54X - Read requested.....
12-02 04:21:44.217   853   853 D NxpHal  : Response timer started
12-02 04:21:44.217   853 12835 D NxpTml  : PN54X - Invoking I2C Read.....
12-02 04:21:44.219   853 12835 D NxpTml  : PN54X - I2C Read successful.....len = 12
12-02 04:21:44.220   853 12835 D NxpTml  : PN54X - Posting read message.....
12-02 04:21:44.220   853 12835 D NxpNciR : len =  12 <= 600009020020040441120104
12-02 04:21:44.221   853 12838 D NxpHal  : read successful status = 0x0
12-02 04:21:44.221   853 12838 D NxpHal  : CORE_RESET_NTF NCI2.0 reason CORE_RESET_CMD received !
12-02 04:21:44.221   853 12838 D android.hardware.nfc@1.2-service: getChipType HwVersion : 0x41
12-02 04:21:44.222   853 12838 D android.hardware.nfc@1.2-service: getChipType NxpNci > Product : PN557
12-02 04:21:44.222   853 12838 D NxpHal  : NFC_GetFeatureList ()chipType = 9
12-02 04:21:44.222   853 12838 D NxpHal  : NxpNci> FW Version: 12.1.4
12-02 04:21:44.223   853 12835 D NxpTml  : PN54X - Read requested.....
12-02 04:21:44.223   853   853 D NxpHal  : Response timer stopped
12-02 04:21:44.223   853 12835 D NxpTml  : PN54X - Invoking I2C Read.....
12-02 04:21:44.224   853   853 E NxpHal  : nxpncihal_ctrl.ext_cb_data.status 0x0
12-02 04:21:44.224   853   853 D NxpHal  : Checking response
12-02 04:21:44.225   853   853 D android.hardware.nfc@1.2-service: sem_timedwait() succeeded
12-02 04:21:44.225   853 12836 D NxpTml  : PN54X - Write requested.....
12-02 04:21:44.225   853 12836 D NxpTml  : PN54X - Invoking I2C Write.....
12-02 04:21:44.227   853 12836 D NxpNciX : len =   5 => 2001020000
12-02 04:21:44.228   853 12836 D NxpTml  : PN54X - I2C Write successful.....
12-02 04:21:44.228   853 12836 D NxpTml  : PN54X - Posting Fresh Write message.....
12-02 04:21:44.228   853 12836 D NxpTml  : PN54X - Tml Writer Thread Running................
12-02 04:21:44.228   853 12838 D NxpHal  : write successful status = 0x0
12-02 04:21:44.229   853   853 D NxpHal  : Response timer started
12-02 04:21:44.229   853   853 D NxpHal  : Waiting after ext cmd sent
12-02 04:21:44.230   853 12835 D NxpTml  : PN54X - I2C Read successful.....len = 33
12-02 04:21:44.230   853 12835 D NxpTml  : PN54X - Posting read message.....
12-02 04:21:44.230   853 12835 D NxpNciR : len =  33 <= 40011E001A7E0600015C03FFFF01FF000800000100020003008000820083008400
12-02 04:21:44.230   853 12838 D NxpHal  : read successful status = 0x0
12-02 04:21:44.231   853 12838 D NxpHal  : CORE_INIT_RSP NCI2.0 received !
12-02 04:21:44.231   853 12838 D NxpHal  : CORE_INIT_RSP NCI2.0 received !
12-02 04:21:44.231   853 12835 D NxpTml  : PN54X - Read requested.....
12-02 04:21:44.232   853 12835 D NxpTml  : PN54X - Invoking I2C Read.....
12-02 04:21:44.232   853   853 D NxpHal  : Response timer stopped
12-02 04:21:44.232   853   853 E NxpHal  : nxpncihal_ctrl.ext_cb_data.status 0x0
12-02 04:21:44.232   853   853 D NxpHal  : Checking response
12-02 04:21:44.232   853   853 D NxpExtns: find found NXP_PROP_RESET_EMVCO_CMD= D
12-02 04:21:44.233   853   853 D android.hardware.nfc@1.2-service: sem_timedwait() succeeded
12-02 04:21:44.233   853 12836 D NxpTml  : PN54X - Write requested.....
12-02 04:21:44.233   853 12836 D NxpTml  : PN54X - Invoking I2C Write.....
12-02 04:21:44.235   853 12836 D NxpNciX : len =   6 => 20030301A044
12-02 04:21:44.235   853 12835 D NxpTml  : PN54X - I2C Read successful.....len = 9
12-02 04:21:44.235   853 12836 D NxpTml  : PN54X - I2C Write successful.....
12-02 04:21:44.235   853 12836 D NxpTml  : PN54X - Posting Fresh Write message.....
12-02 04:21:44.236   853 12836 D NxpTml  : PN54X - Tml Writer Thread Running................
12-02 04:21:44.236   853 12838 D NxpHal  : write successful status = 0x0
12-02 04:21:44.236   853 12835 D NxpTml  : PN54X - Posting read message.....
12-02 04:21:44.236   853 12835 D NxpNciR : len =   9 <= 4003060001A0440100
12-02 04:21:44.236   853   853 D NxpHal  : Response timer started
12-02 04:21:44.236   853   853 D NxpHal  : Waiting after ext cmd sent
12-02 04:21:44.237   853 12838 D NxpHal  : read successful status = 0x0
12-02 04:21:44.237   853 12838 D NxpHal  : phNxpNciHal_print_res_status: response status =STATUS_OK
12-02 04:21:44.237   853   853 D NxpHal  : Response timer stopped
12-02 04:21:44.237   853 12835 D NxpTml  : PN54X - Read requested.....
12-02 04:21:44.237   853   853 E NxpHal  : nxpncihal_ctrl.ext_cb_data.status 0x0
12-02 04:21:44.238   853   853 D NxpHal  : Checking response
12-02 04:21:44.238   853 12835 D NxpTml  : PN54X - Invoking I2C Read.....
12-02 04:21:44.238   853   853 D NxpHal  : phNxpNciHal_CheckFwRegFlashRequired() : enter
12-02 04:21:44.238   853   853 D NxpFwDnld: Allocating Mem for Dnld Context..
12-02 04:21:44.238   853   853 D NxpExtns: find found NXP_FW_NAME=libpn557_fw.so
12-02 04:21:44.239   853   853 D NxpFwDnld: @@@/system/vendor/lib64/libpn557_fw.so
12-02 04:21:44.240   853   853 E NxpFwDnld: NULL handler : unable to load the library file, specify correct path
12-02 04:21:44.240   853   853 D NxpFwDnld: FW Image Length - ImageInfoLen 0
12-02 04:21:44.240   853   853 D NxpFwDnld: FW Image Info Pointer - pImageInfo 0x0
12-02 04:21:44.240   853   853 E NxpFwDnld: Image extraction Failed - invalid imginfo or imginfolen!!
12-02 04:21:44.241   853   853 E NxpFwDnld: Error loading libpn5xx_fw.so !!!
12-02 04:21:44.241   853   853 E NxpHal  : FW version of the libpn5xx.so binary = 0x0
12-02 04:21:44.241   853   853 E NxpHal  : FW version found on the device = 0x120104
12-02 04:21:44.241   853   853 D NxpHal  : FW update not required
12-02 04:21:44.241   853   853 D NxpFwDnld: Freeing Mem for Dnld Context..
12-02 04:21:44.242   853   853 D NxpHal  : phNxpNciHal_CheckFwRegFlashRequired() : exit - status = ff 
12-02 04:21:44.242   853   853 D NxpHal  : phNxpNciHal_MinOpen(): exit
12-02 04:21:44.242   853   853 D NxpHal  : phNxpNciHal_open Done.
12-02 04:21:44.242   853   853 D NxpHal  : phNxpNciHal_open Exit.
12-02 04:21:44.243   853   853 D android.hardware.nfc@1.2-impl: Nfc::open(): exit
12-02 04:21:44.243  4222  4282 I libnfc_nci: [INFO:nfc_main.cc(722)] nfc_main_hal_cback event: HAL_NFC_OPEN_CPLT_EVT(0x0), status=0
12-02 04:21:44.243  4222  4282 I libnfc_nci: [INFO:nfc_main.cc(1864)] NFC_GetFeatureList() Enter
12-02 04:21:44.243  4222  4282 I libnfc_nci: [INFO:NfcAdaptation.cc(1428)] NfcAdaptation::HalgetchipType : Enter
12-02 04:21:44.244   853 12838 D android.hardware.nfc@1.2-service: NxpNfcLegacy::getchipType Entry
12-02 04:21:44.244   853 12838 D NxpHal  : phNxpHal_getchipType Enter 
12-02 04:21:44.244   853 12838 D android.hardware.nfc@1.2-service: NxpNfcLegacy::getchipType Exit
12-02 04:21:44.245  4222  4282 I libnfc_nci: [INFO:nfc_main.cc(1868)] NFC_GetFeatureList ()chipType = 9
12-02 04:21:44.245  4222  4282 I libnfc_nci: [INFO:nfc_main.cc(1874)] NFC_GetFeatureList ()chipType = 9
12-02 04:21:44.245  4222  4282 I libnfc_nci: [INFO:nfc_main.cc(742)] NFA_EE_MAX_EE_SUPPORTED to use 3
12-02 04:21:44.245  4222 12832 I libnfc_nci: [INFO:nfc_task.cc(435)] NFC_TASK got NFC_TASK_EVT_TRANSPORT_READY.
12-02 04:21:44.246  4222 12832 I libnfc_nci: [INFO:nfc_main.cc(438)] nfc_set_state 1 (W4_HAL_OPEN)->2 (CORE_INIT)
12-02 04:21:44.246  4222 12832 I libnfc_nci: [INFO:nfc_ncif.cc(676)] nfc_ncif_send_cmd()
12-02 04:21:44.246  4222 12832 I libnfc_nci: [INFO:nfc_ncif.cc(550)] nfc_ncif_check_cmd_queue : Writing to HAL...
12-02 04:21:44.247  4222 12832 I libnfc_nci: [INFO:nfc_ncif.cc(557)] nfc_ncif_check_cmd_queue : cmd_size:1
12-02 04:21:44.247  4222 12832 I libnfc_nci: [INFO:NfcAdaptation.cc(901)] NfcAdaptation::HalWrite
12-02 04:21:44.247   853   853 D android.hardware.nfc@1.2-service: sem_timedwait() succeeded
12-02 04:21:44.248   853 12836 D NxpTml  : PN54X - Write requested.....
12-02 04:21:44.248   853 12836 D NxpTml  : PN54X - Invoking I2C Write.....
12-02 04:21:44.251   853 12835 D NxpTml  : PN54X - I2C Read successful.....len = 4
12-02 04:21:44.251   853 12835 D NxpTml  : Delay Read if write thread is busy
12-02 04:21:44.252  1535  5703 I system_server: oneway function results will be dropped but finished with status OK and parcel size 4
12-02 04:21:44.251   853 12836 D NxpNciX : len =   4 => 20000100
12-02 04:21:44.252   853 12836 D NxpTml  : PN54X - I2C Write successful.....
12-02 04:21:44.252   853 12836 D NxpTml  : PN54X - Posting Fresh Write message.....
12-02 04:21:44.253   853 12836 D NxpTml  : PN54X - Tml Writer Thread Running................
12-02 04:21:44.253   853 12838 D NxpHal  : write successful status = 0x0
12-02 04:21:44.254   853 12835 D NxpTml  : PN54X - Posting read message.....
12-02 04:21:44.254   853 12835 D NxpNciR : len =   4 <= 40000100
12-02 04:21:44.254   853 12838 D NxpHal  : read successful status = 0x0
12-02 04:21:44.255   853 12838 D NxpHal  : CORE_RESET_RSP NCI2.0
12-02 04:21:44.256  4222 12832 I libnfc_nci: [INFO:nfc_ncif.cc(760)] NFC received rsp gid:0
12-02 04:21:44.256   853 12835 D NxpTml  : PN54X - Read requested.....
12-02 04:21:44.256  4222 12832 I libnfc_nci: [INFO:nci_hrcv.cc(85)] nci_proc_core_rsp opcode:0x0
12-02 04:21:44.256  4222 12832 I libnfc_nci: [INFO:nfc_ncif.cc(2521)] CORE_RESET_RSP len :0x1 
12-02 04:21:44.256   853 12835 D NxpTml  : PN54X - Invoking I2C Read.....
12-02 04:21:44.256  4222 12832 I libnfc_nci: [INFO:nfc_ncif.cc(2529)] reset response nfc_state :0x2 
12-02 04:21:44.258   853 12835 D NxpTml  : PN54X - I2C Read successful.....len = 12
12-02 04:21:44.258   853 12835 D NxpTml  : PN54X - Posting read message.....
12-02 04:21:44.259   853 12835 D NxpNciR : len =  12 <= 600009020020040441120104
12-02 04:21:44.259   853 12838 D NxpHal  : read successful status = 0x0
12-02 04:21:44.260   853 12838 D NxpHal  : CORE_RESET_NTF NCI2.0 reason CORE_RESET_CMD received !
12-02 04:21:44.260   853 12838 D android.hardware.nfc@1.2-service: getChipType HwVersion : 0x41
12-02 04:21:44.260   853 12838 D android.hardware.nfc@1.2-service: getChipType NxpNci > Product : PN557
12-02 04:21:44.260   853 12838 D NxpHal  : NFC_GetFeatureList ()chipType = 9
12-02 04:21:44.260   853 12838 D NxpHal  : NxpNci> FW Version: 12.1.4
12-02 04:21:44.261  4222 12832 I libnfc_nci: [INFO:nfc_ncif.cc(839)] NFC received ntf gid:0
12-02 04:21:44.262  4222 12832 I libnfc_nci: [INFO:nci_hrcv.cc(149)] nci_proc_core_ntf opcode:0x0
12-02 04:21:44.262   853 12835 D NxpTml  : PN54X - Read requested.....
12-02 04:21:44.262   853 12835 D NxpTml  : PN54X - Invoking I2C Read.....
12-02 04:21:44.262  4222 12832 I libnfc_nci: [INFO:nfc_ncif.cc(2482)] reset notification nfc_state :0x2 
12-02 04:21:44.262  4222 12832 I libnfc_nci: [INFO:nfc_ncif.cc(2483)] reset notification!!:0x2 
12-02 04:21:44.262  4222 12832 I libnfc_nci: [INFO:nfc_ncif.cc(2487)] CORE_RESET_NTF Received status nfc_state : 0x2 : 0x2
12-02 04:21:44.263  4222 12832 E libnfc_nci: [ERROR:nfc_ncif.cc(2492)]  CORE_RESET_NTF nci_version20
12-02 04:21:44.263  4222 12832 I libnfc_nci: [INFO:nfc_ncif.cc(676)] nfc_ncif_send_cmd()
12-02 04:21:44.263  4222 12832 I libnfc_nci: [INFO:nfc_ncif.cc(550)] nfc_ncif_check_cmd_queue : Writing to HAL...
12-02 04:21:44.264  4222 12832 I libnfc_nci: [INFO:nfc_ncif.cc(557)] nfc_ncif_check_cmd_queue : cmd_size:2
12-02 04:21:44.265  4222 12832 I libnfc_nci: [INFO:NfcAdaptation.cc(901)] NfcAdaptation::HalWrite
12-02 04:21:44.265   853   853 D android.hardware.nfc@1.2-service: sem_timedwait() succeeded
12-02 04:21:44.266   853 12836 D NxpTml  : PN54X - Write requested.....
12-02 04:21:44.266   853 12836 D NxpTml  : PN54X - Invoking I2C Write.....
12-02 04:21:44.268   853 12836 D NxpNciX : len =   5 => 2001020000
12-02 04:21:44.268   853 12835 D NxpTml  : PN54X - I2C Read successful.....len = 33
12-02 04:21:44.268   853 12836 D NxpTml  : PN54X - I2C Write successful.....
12-02 04:21:44.268   853 12835 D NxpTml  : Delay Read if write thread is busy
12-02 04:21:44.268   853 12836 D NxpTml  : PN54X - Posting Fresh Write message.....
12-02 04:21:44.268   853 12836 D NxpTml  : PN54X - Tml Writer Thread Running................
12-02 04:21:44.269   853 12838 D NxpHal  : write successful status = 0x0
12-02 04:21:44.271   853 12835 D NxpTml  : PN54X - Posting read message.....
12-02 04:21:44.271   853 12835 D NxpNciR : len =  33 <= 40011E001A7E0600015C03FFFF01FF000800000100020003008000820083008400
12-02 04:21:44.271   853 12838 D NxpHal  : read successful status = 0x0
12-02 04:21:44.271   853 12838 D NxpHal  : CORE_INIT_RSP NCI2.0 received !
12-02 04:21:44.271   853 12838 D NxpHal  : CORE_INIT_RSP NCI2.0 received !
12-02 04:21:44.272  4222 12832 I libnfc_nci: [INFO:nfc_ncif.cc(760)] NFC received rsp gid:0
12-02 04:21:44.272   853 12835 D NxpTml  : PN54X - Read requested.....
12-02 04:21:44.272  4222 12832 I libnfc_nci: [INFO:nci_hrcv.cc(85)] nci_proc_core_rsp opcode:0x1
12-02 04:21:44.272   853 12835 D NxpTml  : PN54X - Invoking I2C Read.....
12-02 04:21:44.273  4222 12832 I libnfc_nci: [INFO:nfc_ncif.cc(2809)] nfc_ncif_set_MaxRoutingTableSize Enter
12-02 04:21:44.273  4222 12832 I libnfc_nci: [INFO:nfc_ncif.cc(2827)] MAX Routing size : 860
12-02 04:21:44.273  4222 12832 I libnfc_nci: [INFO:nfc_ncif.cc(2733)] scbr support: 0x1
12-02 04:21:44.273  4222 12832 I libnfc_nci: [INFO:nfc_main.cc(438)] nfc_set_state 2 (CORE_INIT)->3 (W4_POST_INIT_CPLT)
12-02 04:21:44.273  4222 12832 I libnfc_nci: [INFO:NfcAdaptation.cc(971)] NfcAdaptation::HalCoreInitialized
12-02 04:21:44.274   853   853 D NxpHal  : phNxpNciHal_core_initialized::p_core_init_rsp_params : 64
12-02 04:21:44.274   853   853 D NxpExtns: find found NXP_ACT_PROP_EXTN=/
12-02 04:21:44.274   853   853 D android.hardware.nfc@1.2-service: sem_timedwait() succeeded
12-02 04:21:44.275   853 12836 D NxpTml  : PN54X - Write requested.....
12-02 04:21:44.275   853 12836 D NxpTml  : PN54X - Invoking I2C Write.....
12-02 04:21:44.280   853 12835 D NxpTml  : PN54X - I2C Read successful.....len = 8
12-02 04:21:44.280   853 12836 D NxpNciX : len =   3 => 2F0200
12-02 04:21:44.280   853 12835 D NxpTml  : Delay Read if write thread is busy
12-02 04:21:44.280   853 12836 D NxpTml  : PN54X - I2C Write successful.....
12-02 04:21:44.281   853 12836 D NxpTml  : PN54X - Posting Fresh Write message.....
12-02 04:21:44.281   853 12836 D NxpTml  : PN54X - Tml Writer Thread Running................
12-02 04:21:44.281   853 12838 D NxpHal  : write successful status = 0x0
12-02 04:21:44.281   853   853 D NxpHal  : Response timer started
12-02 04:21:44.282   853   853 D NxpHal  : Waiting after ext cmd sent
12-02 04:21:44.283   853 12835 D NxpTml  : PN54X - Posting read message.....
12-02 04:21:44.283   853 12835 D NxpNciR : len =   8 <= 4F0205000000F4D9
12-02 04:21:44.283  1298  3059 D audio_hw_primary: out_set_parameters: enter: usecase(1: low-latency-playback) kvpairs: suspend_playback=true
12-02 04:21:44.283   853 12838 D NxpHal  : read successful status = 0x0
12-02 04:21:44.284  1298  3059 D audio_hw_extn: audio_extn_fm_set_parameters: Enter
12-02 04:21:44.284   853   853 D NxpHal  : Response timer stopped
12-02 04:21:44.284   853 12835 D NxpTml  : PN54X - Read requested.....
12-02 04:21:44.284   853   853 E NxpHal  : nxpncihal_ctrl.ext_cb_data.status 0x0
12-02 04:21:44.284   853 12835 D NxpTml  : PN54X - Invoking I2C Read.....
12-02 04:21:44.284   853   853 D NxpHal  : Checking response
12-02 04:21:44.284   853   853 D android.hardware.nfc@1.2-service: sem_timedwait() succeeded
12-02 04:21:44.285   853 12836 D NxpTml  : PN54X - Write requested.....
12-02 04:21:44.285   853 12836 D NxpTml  : PN54X - Invoking I2C Write.....
12-02 04:21:44.287   853 12836 D NxpNciX : len =   8 => 20020501A0070103
12-02 04:21:44.287   853 12836 D NxpTml  : PN54X - I2C Write successful.....
12-02 04:21:44.287   853 12836 D NxpTml  : PN54X - Posting Fresh Write message.....
12-02 04:21:44.288   853 12836 D NxpTml  : PN54X - Tml Writer Thread Running................
12-02 04:21:44.288   853 12838 D NxpHal  : write successful status = 0x0
12-02 04:21:44.288   853   853 D NxpHal  : Response timer started
12-02 04:21:44.288   853   853 D NxpHal  : Waiting after ext cmd sent
12-02 04:21:44.289   853 12835 D NxpTml  : PN54X - I2C Read successful.....len = 5
12-02 04:21:44.290   853 12835 D NxpTml  : PN54X - Posting read message.....
12-02 04:21:44.291   853 12835 D NxpNciR : len =   5 <= 4002020000
12-02 04:21:44.291   853 12838 D NxpHal  : read successful status = 0x0
12-02 04:21:44.291   853 12838 D NxpHal  : phNxpNciHal_print_res_status: response status =STATUS_OK
12-02 04:21:44.291   853   853 D NxpHal  : Response timer stopped
12-02 04:21:44.291   853 12835 D NxpTml  : PN54X - Read requested.....
12-02 04:21:44.292   853   853 E NxpHal  : nxpncihal_ctrl.ext_cb_data.status 0x0
12-02 04:21:44.292   853   853 D NxpHal  : Checking response
12-02 04:21:44.292   853   853 D NxpExtns: find found NXP_MF_CLT_JCOP_CFG=(0x0)
12-02 04:21:44.292   853   853 D android.hardware.nfc@1.2-service: sem_timedwait() succeeded
12-02 04:21:44.293   853 12836 D NxpTml  : PN54X - Write requested.....
12-02 04:21:44.293   853 12836 D NxpTml  : PN54X - Invoking I2C Write.....
12-02 04:21:44.294   853 12835 D NxpTml  : PN54X - Invoking I2C Read.....
12-02 04:21:44.295   853 12835 D NxpTml  : PN54X - I2C Read successful.....len = 5
12-02 04:21:44.295   853 12836 D NxpNciX : len =   8 => 20020501A06B0100
12-02 04:21:44.295   853 12835 D NxpTml  : Delay Read if write thread is busy
12-02 04:21:44.295   853 12836 D NxpTml  : PN54X - I2C Write successful.....
12-02 04:21:44.295   853 12836 D NxpTml  : PN54X - Posting Fresh Write message.....
12-02 04:21:44.296   853 12836 D NxpTml  : PN54X - Tml Writer Thread Running................
12-02 04:21:44.296   853 12838 D NxpHal  : write successful status = 0x0
12-02 04:21:44.296   853   853 D NxpHal  : Response timer started
12-02 04:21:44.297   853   853 D NxpHal  : Waiting after ext cmd sent
12-02 04:21:44.298   853 12835 D NxpTml  : PN54X - Posting read message.....
12-02 04:21:44.298   853 12835 D NxpNciR : len =   5 <= 4002020500
12-02 04:21:44.298   853 12838 D NxpHal  : read successful status = 0x0
12-02 04:21:44.298   853 12838 D NxpHal  : phNxpNciHal_print_res_status: response status =STATUS_SYNTAX_ERROR
12-02 04:21:44.299   853 12838 W NxpHal  : Invalid Data from config file.
12-02 04:21:44.299   853   853 D NxpHal  : Response timer stopped
12-02 04:21:44.299   853 12835 D NxpTml  : PN54X - Read requested.....
12-02 04:21:44.299   853   853 E NxpHal  : nxpncihal_ctrl.ext_cb_data.status 0x0
12-02 04:21:44.299   853 12835 D NxpTml  : PN54X - Invoking I2C Read.....
12-02 04:21:44.299   853   853 D NxpHal  : Checking response
12-02 04:21:44.300   853   853 D NxpExtns: find found NXP_SET_CONFIG_ALWAYS=(0x1)
12-02 04:21:44.300   853   853 D NxpHal  : fw_download_success : 0x00 SetConfigAlways flag : 0x01
12-02 04:21:44.300   853   853 D NxpExtns: find found NXP_SYS_CLK_SRC_SEL=(0x2)
12-02 04:21:44.300   853   853 D NxpExtns: find found NXP_SYS_CLK_FREQ_SEL=(0x2)
12-02 04:21:44.300   853   853 D NxpExtns: find found NXP_SYS_CLOCK_TO_CFG=(0x6)
12-02 04:21:44.301   853   853 D NxpFwDnld: gphNxpNciHal_fw_IoctlCtx.bClkSrcVal = 0x2
12-02 04:21:44.301   853   853 D NxpFwDnld: gphNxpNciHal_fw_IoctlCtx.bClkFreqVal = 0x2
12-02 04:21:44.301   853   853 D NxpFwDnld: gphNxpNciHal_fw_IoctlCtx.bClkFreqVal = 0x6
12-02 04:21:44.301   853   853 D android.hardware.nfc@1.2-service: sem_timedwait() succeeded
12-02 04:21:44.302   853 12836 D NxpTml  : PN54X - Write requested.....
12-02 04:21:44.302   853 12836 D NxpTml  : PN54X - Invoking I2C Write.....
12-02 04:21:44.304   853 12836 D NxpNciX : len =  10 => 20030703A002A003A004
12-02 04:21:44.304   853 12836 D NxpTml  : PN54X - I2C Write successful.....
12-02 04:21:44.304   853 12835 D NxpTml  : PN54X - I2C Read successful.....len = 17
12-02 04:21:44.305   853 12836 D NxpTml  : PN54X - Posting Fresh Write message.....
12-02 04:21:44.305   853 12835 D NxpTml  : Delay Read if write thread is busy
12-02 04:21:44.305   853 12836 D NxpTml  : PN54X - Tml Writer Thread Running................
12-02 04:21:44.305   853 12838 D NxpHal  : write successful status = 0x0
12-02 04:21:44.305   853   853 D NxpHal  : Response timer started
12-02 04:21:44.306   853   853 D NxpHal  : Waiting after ext cmd sent
12-02 04:21:44.307   853 12835 D NxpTml  : PN54X - Posting read message.....
12-02 04:21:44.307   853 12835 D NxpNciR : len =  17 <= 40030E0003A0020101A0030111A0040106
12-02 04:21:44.308   853 12838 D NxpHal  : read successful status = 0x0
12-02 04:21:44.308   853 12838 D NxpHal  : phNxpNciHal_print_res_status: response status =STATUS_OK
12-02 04:21:44.308   853   853 D NxpHal  : Response timer stopped
12-02 04:21:44.308   853 12835 D NxpTml  : PN54X - Read requested.....
12-02 04:21:44.308   853   853 E NxpHal  : nxpncihal_ctrl.ext_cb_data.status 0x0
12-02 04:21:44.308   853 12835 D NxpTml  : PN54X - Invoking I2C Read.....
12-02 04:21:44.309   853   853 D NxpHal  : Checking response
12-02 04:21:44.309   853   853 D NxpHal  : Setting Clock Source and Frequency
12-02 04:21:44.309   853   853 D NxpHal  : Clock setting older version
12-02 04:21:44.309   853   853 D android.hardware.nfc@1.2-service: sem_timedwait() succeeded
12-02 04:21:44.310   853 12836 D NxpTml  : PN54X - Write requested.....
12-02 04:21:44.310   853 12836 D NxpTml  : PN54X - Invoking I2C Write.....
12-02 04:21:44.312   853 12836 D NxpNciX : len =  12 => 20020902A0030111A0040106
12-02 04:21:44.313   853 12836 D NxpTml  : PN54X - I2C Write successful.....
12-02 04:21:44.313   853 12836 D NxpTml  : PN54X - Posting Fresh Write message.....
12-02 04:21:44.313   853 12836 D NxpTml  : PN54X - Tml Writer Thread Running................
12-02 04:21:44.314   853 12838 D NxpHal  : write successful status = 0x0
12-02 04:21:44.314   853   853 D NxpHal  : Response timer started
12-02 04:21:44.314   853   853 D NxpHal  : Waiting after ext cmd sent
12-02 04:21:44.314   853 12835 D NxpTml  : PN54X - I2C Read successful.....len = 5
12-02 04:21:44.315   853 12835 D NxpTml  : PN54X - Posting read message.....
12-02 04:21:44.315   853 12835 D NxpNciR : len =   5 <= 4002020000
12-02 04:21:44.315   853 12838 D NxpHal  : read successful status = 0x0
12-02 04:21:44.316   853 12838 D NxpHal  : phNxpNciHal_print_res_status: response status =STATUS_OK
12-02 04:21:44.316   853   853 D NxpHal  : Response timer stopped
12-02 04:21:44.317   853   853 E NxpHal  : nxpncihal_ctrl.ext_cb_data.status 0x0
12-02 04:21:44.317   853   853 D NxpHal  : Checking response
12-02 04:21:44.317   853   853 D android.hardware.nfc@1.2-service: sem_timedwait() succeeded
12-02 04:21:44.318   853 12836 D NxpTml  : PN54X - Write requested.....
12-02 04:21:44.318   853 12835 D NxpTml  : PN54X - Read requested.....
12-02 04:21:44.318   853 12835 D NxpTml  : PN54X - Invoking I2C Read.....
12-02 04:21:44.318   853 12836 D NxpTml  : PN54X - Invoking I2C Write.....
12-02 04:21:44.319   853 12835 D NxpTml  : PN54X - I2C Read successful.....len = 5
12-02 04:21:44.320   853 12835 D NxpTml  : Delay Read if write thread is busy
12-02 04:21:44.320   853 12836 D NxpNciX : len =   8 => 20020501A0440100
12-02 04:21:44.320   853 12836 D NxpTml  : PN54X - I2C Write successful.....
12-02 04:21:44.320   853 12836 D NxpTml  : PN54X - Posting Fresh Write message.....
12-02 04:21:44.320   853 12836 D NxpTml  : PN54X - Tml Writer Thread Running................
12-02 04:21:44.321   853 12838 D NxpHal  : write successful status = 0x0
12-02 04:21:44.321   853   853 D NxpHal  : Response timer started
12-02 04:21:44.321   853   853 D NxpHal  : Waiting after ext cmd sent
12-02 04:21:44.322   853 12835 D NxpTml  : PN54X - Posting read message.....
12-02 04:21:44.322   853 12835 D NxpNciR : len =   5 <= 4002020000
12-02 04:21:44.323   853 12838 D NxpHal  : read successful status = 0x0
12-02 04:21:44.323   853 12838 D NxpHal  : phNxpNciHal_print_res_status: response status =STATUS_OK
12-02 04:21:44.323   853   853 D NxpHal  : Response timer stopped
12-02 04:21:44.324   853   853 E NxpHal  : nxpncihal_ctrl.ext_cb_data.status 0x0
12-02 04:21:44.324   853   853 D NxpHal  : Checking response
12-02 04:21:44.324   853   853 D NxpHal  : Performing TVDD Settings
12-02 04:21:44.324   853   853 D NxpExtns: find found NXP_EXT_TVDD_CFG=(0x2)
12-02 04:21:44.324   853   853 D NxpExtns: find found NXP_EXT_TVDD_CFG_2= ²
12-02 04:21:44.325   853   853 D android.hardware.nfc@1.2-service: sem_timedwait() succeeded
12-02 04:21:44.325   853 12836 D NxpTml  : PN54X - Write requested.....
12-02 04:21:44.325   853 12835 D NxpTml  : PN54X - Read requested.....
12-02 04:21:44.325   853 12835 D NxpTml  : PN54X - Invoking I2C Read.....
12-02 04:21:44.325   853 12836 D NxpTml  : PN54X - Invoking I2C Write.....
12-02 04:21:44.329   853 12836 D NxpNciX : len =  18 => 20020F01A00E0B1101C2B200B21E1F00D00C
12-02 04:21:44.329   853 12836 D NxpTml  : PN54X - I2C Write successful.....
12-02 04:21:44.329   853 12836 D NxpTml  : PN54X - Posting Fresh Write message.....
12-02 04:21:44.330   853 12836 D NxpTml  : PN54X - Tml Writer Thread Running................
12-02 04:21:44.330   853 12835 D NxpTml  : PN54X - I2C Read successful.....len = 5
12-02 04:21:44.330   853 12838 D NxpHal  : write successful status = 0x0
12-02 04:21:44.330   853 12835 D NxpTml  : PN54X - Posting read message.....
12-02 04:21:44.330   853   853 D NxpHal  : Response timer started
12-02 04:21:44.330   853 12835 D NxpNciR : len =   5 <= 4002020000
12-02 04:21:44.330   853   853 D NxpHal  : Waiting after ext cmd sent
12-02 04:21:44.331   853 12838 D NxpHal  : read successful status = 0x0
12-02 04:21:44.331   853 12838 D NxpHal  : phNxpNciHal_print_res_status: response status =STATUS_OK
12-02 04:21:44.331   853   853 D NxpHal  : Response timer stopped
12-02 04:21:44.331   853   853 E NxpHal  : nxpncihal_ctrl.ext_cb_data.status 0x0
12-02 04:21:44.331   853   853 D NxpHal  : Checking response
12-02 04:21:44.332   853   853 D NxpHal  : Performing RF Settings BLK 1
12-02 04:21:44.332   853   853 D NxpHal  : Performing RF Settings BLK 2
12-02 04:21:44.332   853   853 D NxpHal  : Performing RF Settings BLK 3
12-02 04:21:44.332   853   853 D NxpHal  : Performing RF Settings BLK 4
12-02 04:21:44.332   853   853 D NxpHal  : Performing RF Settings BLK 5
12-02 04:21:44.333   853   853 D NxpHal  : Performing RF Settings BLK 6
12-02 04:21:44.333   853   853 D NxpHal  : Performing NAME_NXP_CORE_CONF_EXTN Settings
12-02 04:21:44.333   853   853 D NxpExtns: find found NXP_CORE_CONF_EXTN= :^@75
12-02 04:21:44.333   853   853 D NxpExtns: w
12-02 04:21:44.333   853   853 D android.hardware.nfc@1.2-service: sem_timedwait() succeeded
12-02 04:21:44.334   853 12835 D NxpTml  : PN54X - Read requested.....
12-02 04:21:44.334   853 12836 D NxpTml  : PN54X - Write requested.....
12-02 04:21:44.334   853 12835 D NxpTml  : PN54X - Invoking I2C Read.....
12-02 04:21:44.334   853 12836 D NxpTml  : PN54X - Invoking I2C Write.....
12-02 04:21:44.337   853 12836 D NxpNciX : len =  61 => 20023A0EA0EC0101A0ED0101A05E0101A0120102A0400101A0D10106A0D40101A0370135A0D80102A0D5010AA0B20119A0980103A09F020808A0860177
12-02 04:21:44.338   853 12836 D NxpTml  : PN54X - I2C Write successful.....
12-02 04:21:44.338   853 12836 D NxpTml  : PN54X - Posting Fresh Write message.....
12-02 04:21:44.338   853 12836 D NxpTml  : PN54X - Tml Writer Thread Running................
12-02 04:21:44.338   853 12838 D NxpHal  : write successful status = 0x0
12-02 04:21:44.338   853   853 D NxpHal  : Response timer started
12-02 04:21:44.339   853   853 D NxpHal  : Waiting after ext cmd sent
12-02 04:21:44.339   853 12835 D NxpTml  : PN54X - I2C Read successful.....len = 5
