12-02 04:21:44.974  4222  4341 I libnfc_nci: [INFO:NativeNfcManager.cpp(2693)] nfcManager_enableDiscovery: Disable p2pListening
12-02 04:21:44.974  4222  4341 I libnfc_nci: [INFO:PeerToPeer.cpp(1147)] PeerToPeer::enableP2pListening: enter isEnable: 0  mIsP2pListening: 0
12-02 04:21:44.974  4222  4341 I libnfc_nci: [INFO:PeerToPeer.cpp(1171)] PeerToPeer::enableP2pListening: exit; mIsP2pListening: 0
12-02 04:21:44.974  4222  4341 I libnfc_nci: [INFO:NativeNfcTag.cpp(2694)] nativeNfcTag_acquireRfInterfaceMutexLock: try to acquire lock
12-02 04:21:44.974  4222  4341 I libnfc_nci: [INFO:NativeNfcTag.cpp(2697)] nativeNfcTag_acquireRfInterfaceMutexLock: sRfInterfaceMutex lock
12-02 04:21:44.975  4222  4341 I libnfc_nci: [INFO:NativeNfcManager.cpp(4737)] stopPolling_rfDiscoveryDisabled: disable polling
12-02 04:21:44.975  4222  4341 I libnfc_nci: [INFO:nfa_dm_api.cc(558)] NFA_DisablePolling
12-02 04:21:44.976  4222 12832 I libnfc_nci: [INFO:nfa_sys_main.cc(78)] NFA got event 0x0107
12-02 04:21:44.976  4222 12832 I libnfc_nci: [INFO:nfa_dm_main.cc(159)] event: NFA_DM_API_DISABLE_POLLING_EVT (0x07)
12-02 04:21:44.976  4222 12832 I libnfc_nci: [INFO:nfa_dm_act.cc(1137)] nfa_dm_act_disable_polling ()
12-02 04:21:44.976  4222 12832 I libnfc_nci: [INFO:NativeNfcManager.cpp(694)] nfaConnectionCallback: Connection Event = 1
12-02 04:21:44.977  4222 12832 I libnfc_nci: [INFO:NativeNfcManager.cpp(707)] nfaConnectionCallback: NFA_POLL_DISABLED_EVT: status = 0x3
12-02 04:21:44.977  4222  4341 I libnfc_nci: [INFO:NativeNfcTag.cpp(2712)] nativeNfcTag_releaseRfInterfaceMutexLock: sRfInterfaceMutex unlock
12-02 04:21:44.977  4222  4341 I libnfc_nci: [INFO:NativeNfcTag.cpp(2694)] nativeNfcTag_acquireRfInterfaceMutexLock: try to acquire lock
12-02 04:21:44.978  4222 12844 D CCodec  : allocate(c2.android.vorbis.decoder)
12-02 04:21:44.978  4222  4341 I libnfc_nci: [INFO:NativeNfcTag.cpp(2697)] nativeNfcTag_acquireRfInterfaceMutexLock: sRfInterfaceMutex lock
12-02 04:21:44.978  4222  4341 I libnfc_nci: [INFO:NativeNfcManager.cpp(4714)] startPolling_rfDiscoveryDisabled: enable polling
12-02 04:21:44.978  4222  4341 I libnfc_nci: [INFO:nfa_dm_api.cc(524)] NFA_EnablePolling () 0x6F
12-02 04:21:44.979  4222  4341 I libnfc_nci: [INFO:NativeNfcManager.cpp(4718)] startPolling_rfDiscoveryDisabled: wait for enable event
12-02 04:21:44.979  4222 12832 I libnfc_nci: [INFO:nfa_sys_main.cc(78)] NFA got event 0x0106
12-02 04:21:44.979  1295  3675 V C2Store : in init
12-02 04:21:44.980  4222 12845 D CCodec  : allocate(c2.android.vorbis.decoder)
12-02 04:21:44.980  1295  3675 V C2Store : loading dll
12-02 04:21:44.980  4222 12832 I libnfc_nci: [INFO:nfa_dm_main.cc(159)] event: NFA_DM_API_ENABLE_POLLING_EVT (0x06)
12-02 04:21:44.980  4222 12832 I libnfc_nci: [INFO:nfa_dm_act.cc(1072)] nfa_dm_act_enable_polling ()
12-02 04:21:44.980  4222 12832 I libnfc_nci: [INFO:nfa_dm_act.cc(1000)] nfa_dm_start_polling ()
12-02 04:21:44.981  4222 12832 I libnfc_nci: [INFO:nfa_dm_discover.cc(3055)] nfa_dm_add_rf_discover ():host_id=0x0 disc_mask=0xed7f
12-02 04:21:44.981  4222 12832 I libnfc_nci: [INFO:nfa_dm_discover.cc(3060)] nfa_dm_add_rf_discover ():disc_mask=0xed7f, cback entry:[1]
12-02 04:21:44.981  4222 12832 I libnfc_nci: [INFO:NativeNfcManager.cpp(694)] nfaConnectionCallback: Connection Event = 0
12-02 04:21:44.982  4222 12832 I libnfc_nci: [INFO:NativeNfcManager.cpp(699)] nfaConnectionCallback: NFA_POLL_ENABLED_EVT: status = 0x0
12-02 04:21:44.983  4222  4341 I libnfc_nci: [INFO:NativeNfcTag.cpp(2712)] nativeNfcTag_releaseRfInterfaceMutexLock: sRfInterfaceMutex unlock
12-02 04:21:44.983  4222  4341 I libnfc_nci: [INFO:NativeNfcManager.cpp(2701)] nfcManager_enableDiscovery: Enable p2pListening
12-02 04:21:44.984  4222  4341 I libnfc_nci: [INFO:NativeNfcManager.cpp(2780)] nfcManager_enableDiscovery: restart UICC listen mode (07)
12-02 04:21:44.984  4222  4341 I libnfc_nci: [INFO:SecureElement.cpp(2981)] SecureElement::getEseHandleFromGenericId: enter; SE-Generic-ID = 0x02
12-02 04:21:44.984  4222  4341 I libnfc_nci: [INFO:SecureElement.cpp(3002)] SecureElement::getEseHandleFromGenericId: exit; SE-Handle = 0x480
12-02 04:21:44.984  4222  4341 I libnfc_nci: [INFO:nfa_ce_api.cc(225)] NFA_CeConfigureUiccListenTech () ee_handle = 0x480 tech_mask = 0x0
12-02 04:21:44.985  4222 12832 I libnfc_nci: [INFO:nfa_sys_main.cc(78)] NFA got event 0x0602
12-02 04:21:44.985  4222 12832 I libnfc_nci: [INFO:nfa_ce_main.cc(176)] nfa_ce_handle_event event: NFA_CE_API_DEREG_LISTEN_EVT (0x602), flags: 00000000
12-02 04:21:44.985  4222 12832 E libnfc_nci: [ERROR:nfa_ce_act.cc(1716)] nfa_ce_api_dereg_listen (): cannot find listen_info for UICC/ESE
12-02 04:21:44.985  4222 12832 I libnfc_nci: [INFO:NativeNfcManager.cpp(694)] nfaConnectionCallback: Connection Event = 29
12-02 04:21:44.986  4222 12844 I CCodec  : Created component [c2.android.vorbis.decoder]
12-02 04:21:44.986  4222 12832 I libnfc_nci: [INFO:NativeNfcManager.cpp(1293)] nfaConnectionCallback: NFA_CE_UICC_LISTEN_CONFIGURED_EVT : status = 0x9
12-02 04:21:44.986  4222  4341 I libnfc_nci: [INFO:nfa_ce_api.cc(225)] NFA_CeConfigureUiccListenTech () ee_handle = 0x480 tech_mask = 0x7
12-02 04:21:44.987  4222 12845 I CCodec  : Created component [c2.android.vorbis.decoder]
12-02 04:21:44.988  4222 12832 I libnfc_nci: [INFO:nfa_sys_main.cc(78)] NFA got event 0x0601
12-02 04:21:44.988  4222 12844 D CCodecConfig: read media type: audio/vorbis
12-02 04:21:44.988  4222 12832 I libnfc_nci: [INFO:nfa_ce_main.cc(176)] nfa_ce_handle_event event: NFA_CE_API_REG_LISTEN_EVT (0x601), flags: 00000000
12-02 04:21:44.989  4222 12845 D CCodecConfig: read media type: audio/vorbis
12-02 04:21:44.989  4222 12832 I libnfc_nci: [INFO:nfa_ce_act.cc(1413)] nfa_ce_api_reg_listen ():Registering UICC/ESE/Felica/Type-4 tag listener. Type=2
12-02 04:21:44.989  4222 12832 I libnfc_nci: [INFO:nfa_ce_act.cc(1467)] nfa_ce_api_reg_listen ():found free entry listen_info_idx = 2
12-02 04:21:44.990  4222 12832 I libnfc_nci: [INFO:nfa_ce_act.cc(1498)] NFA_CE: adding listen_info entry 2
12-02 04:21:44.990  4222 12832 I libnfc_nci: [INFO:nfa_ce_act.cc(463)] nfa_ce_start_listening(): enter
12-02 04:21:44.990  4222 12832 I libnfc_nci: [INFO:nfa_ce_act.cc(584)] UICC/ESE[0x480] is not activated
12-02 04:21:44.990  4222 12832 I libnfc_nci: [INFO:nfa_ce_act.cc(595)] nfa_ce_start_listening(): exit
12-02 04:21:44.990  4222 12832 I libnfc_nci: [INFO:NativeNfcManager.cpp(694)] nfaConnectionCallback: Connection Event = 29
12-02 04:21:44.991  4222 12832 I libnfc_nci: [INFO:NativeNfcManager.cpp(1293)] nfaConnectionCallback: NFA_CE_UICC_LISTEN_CONFIGURED_EVT : status = 0x0
12-02 04:21:44.991  4222  4341 I libnfc_nci: [INFO:NativeNfcManager.cpp(2802)] nfcManager_enableDiscovery: ESE listen mode (07)
12-02 04:21:44.991  4222  4341 I libnfc_nci: [INFO:SecureElement.cpp(781)] SecureElement::setEseListenTechMask: enter
12-02 04:21:44.991  4222  4341 I libnfc_nci: [INFO:nfa_ce_api.cc(288)] NFA_CeConfigureEseListenTech () ee_handle = 0x4c0
12-02 04:21:44.992  4222 12832 I libnfc_nci: [INFO:nfa_sys_main.cc(78)] NFA got event 0x0602
12-02 04:21:44.992  4222 12832 I libnfc_nci: [INFO:nfa_ce_main.cc(176)] nfa_ce_handle_event event: NFA_CE_API_DEREG_LISTEN_EVT (0x602), flags: 00000000
12-02 04:21:44.992  4222 12832 E libnfc_nci: [ERROR:nfa_ce_act.cc(1716)] nfa_ce_api_dereg_listen (): cannot find listen_info for UICC/ESE
12-02 04:21:44.993  4222 12832 I libnfc_nci: [INFO:NativeNfcManager.cpp(694)] nfaConnectionCallback: Connection Event = 40
12-02 04:21:44.993  4222 12832 I libnfc_nci: [INFO:NativeNfcManager.cpp(1301)] nfaConnectionCallback: NFA_CE_ESE_LISTEN_CONFIGURED_EVT : status = 0x9
12-02 04:21:44.994  4222  4341 I libnfc_nci: [INFO:nfa_ce_api.cc(288)] NFA_CeConfigureEseListenTech () ee_handle = 0x4c0
12-02 04:21:44.994  4222 12832 I libnfc_nci: [INFO:nfa_sys_main.cc(78)] NFA got event 0x0601
12-02 04:21:44.994  4222 12832 I libnfc_nci: [INFO:nfa_ce_main.cc(176)] nfa_ce_handle_event event: NFA_CE_API_REG_LISTEN_EVT (0x601), flags: 00000000
12-02 04:21:44.995  4222 12832 I libnfc_nci: [INFO:nfa_ce_act.cc(1413)] nfa_ce_api_reg_listen ():Registering UICC/ESE/Felica/Type-4 tag listener. Type=3
12-02 04:21:44.995  4222 12832 I libnfc_nci: [INFO:nfa_ce_act.cc(1467)] nfa_ce_api_reg_listen ():found free entry listen_info_idx = 3
12-02 04:21:44.995  4222 12832 I libnfc_nci: [INFO:nfa_ce_act.cc(1498)] NFA_CE: adding listen_info entry 3
12-02 04:21:44.995  4222 12832 I libnfc_nci: [INFO:nfa_ce_act.cc(463)] nfa_ce_start_listening(): enter
12-02 04:21:44.995  4222 12832 I libnfc_nci: [INFO:nfa_ce_act.cc(584)] UICC/ESE[0x480] is not activated
12-02 04:21:44.996  4222 12832 I libnfc_nci: [INFO:nfa_ce_act.cc(584)] UICC/ESE[0x4c0] is not activated
12-02 04:21:44.996  4222 12832 I libnfc_nci: [INFO:nfa_ce_act.cc(595)] nfa_ce_start_listening(): exit
12-02 04:21:44.996  4222 12832 I libnfc_nci: [INFO:NativeNfcManager.cpp(694)] nfaConnectionCallback: Connection Event = 40
12-02 04:21:44.996  4222 12832 I libnfc_nci: [INFO:NativeNfcManager.cpp(1301)] nfaConnectionCallback: NFA_CE_ESE_LISTEN_CONFIGURED_EVT : status = 0x0
12-02 04:21:44.997  4222  4341 I libnfc_nci: [INFO:nfc_main.cc(1801)] NFC_IsLowRamDevice: false
12-02 04:21:44.997  4222  4341 I libnfc_nci: [INFO:NfcAdaptation.cc(1447)] NfcAdaptation::HalsetNfcServicePid : Enter
12-02 04:21:44.997   853   853 D android.hardware.nfc@1.2-service: NxpNfcLegacy::setNfcServicePid Entry
12-02 04:21:44.998   853   853 D NxpHal  : phNxpNciHal_setNfcServicePid Enter 
12-02 04:21:44.998   853   853 D android.hardware.nfc@1.2-service: NxpNfcLegacy::setNfcServicePid Exit
12-02 04:21:44.998  4222 12845 D ReflectedParamUpdater: extent() != 1 for single value type: algo.buffers.max-count.values
12-02 04:21:44.998  4222  4341 E com.android.nf: NfcAdaptation::setNfcServicePid mHalNxpNfcLegacy completed
12-02 04:21:44.999  4222  4341 I libnfc_nci: [INFO:nfc_main.cc(1755)] nfc service set pid done
12-02 04:21:44.999  4222  4341 I libnfc_nci: [INFO:NativeNfcManager.cpp(4539)] startRfDiscovery: is start=1
12-02 04:21:44.999  4222  4341 I libnfc_nci: [INFO:NativeNfcTag.cpp(2694)] nativeNfcTag_acquireRfInterfaceMutexLock: try to acquire lock
12-02 04:21:45.000  4222  4341 I libnfc_nci: [INFO:NativeNfcTag.cpp(2697)] nativeNfcTag_acquireRfInterfaceMutexLock: sRfInterfaceMutex lock
12-02 04:21:45.000  4222  4341 I libnfc_nci: [INFO:nfa_dm_api.cc(835)] NFA_StartRfDiscovery
12-02 04:21:45.000  4222 12845 D ReflectedParamUpdater: extent() != 1 for single value type: output.subscribed-indices.values
12-02 04:21:45.000  4222 12832 I libnfc_nci: [INFO:nfa_sys_main.cc(78)] NFA got event 0x0110
12-02 04:21:45.001  4222 12832 I libnfc_nci: [INFO:nfa_dm_main.cc(159)] event: NFA_DM_API_START_RF_DISCOVERY_EVT (0x10)
12-02 04:21:45.001  4222 12844 D ReflectedParamUpdater: extent() != 1 for single value type: algo.buffers.max-count.values
12-02 04:21:45.001  4222 12832 I libnfc_nci: [INFO:nfa_dm_act.cc(1372)] nfa_dm_act_start_rf_discovery ()
12-02 04:21:45.002  4222 12845 D ReflectedParamUpdater: extent() != 1 for single value type: input.buffers.allocator-ids.values
12-02 04:21:45.002  4222 12832 I libnfc_nci: [INFO:nfa_dm_discover.cc(1176)] nfa_dm_start_rf_discover (): enter
12-02 04:21:45.002  4222 12832 I libnfc_nci: [INFO:nfa_ee_act.cc(3496)] nfa_ee_get_tech_route(): power state : 1
12-02 04:21:45.002  4222 12832 I libnfc_nci: [INFO:nfa_ee_act.cc(3520)] TechA route: 0x0, TechB route: 0x0, TechF route: 0x0, TechB' route: 0x0
12-02 04:21:45.003  4222 12845 D ReflectedParamUpdater: extent() != 1 for single value type: output.buffers.allocator-ids.values
12-02 04:21:45.003  4222 12844 D ReflectedParamUpdater: extent() != 1 for single value type: output.subscribed-indices.values
12-02 04:21:45.003  4222 12832 I libnfc_nci: [INFO:nfa_dm_discover.cc(1197)] requested_disc_mask = 0x140000, xx=0
12-02 04:21:45.004  4222 12845 D ReflectedParamUpdater: extent() != 1 for single value type: algo.buffers.allocator-ids.values
12-02 04:21:45.004  4222 12844 D ReflectedParamUpdater: extent() != 1 for single value type: input.buffers.allocator-ids.values
12-02 04:21:45.004  4222 12832 I libnfc_nci: [INFO:nfa_dm_discover.cc(1307)] nfa_dm_cb.disc_cb.entry[0].selected_disc_mask = 0x140000
12-02 04:21:45.005  4222 12845 D ReflectedParamUpdater: extent() != 1 for single value type: output.buffers.pool-ids.values
12-02 04:21:45.005  4222 12832 I libnfc_nci: [INFO:nfa_dm_discover.cc(1197)] requested_disc_mask = 0xed7f, xx=1
12-02 04:21:45.005  4222 12844 D ReflectedParamUpdater: extent() != 1 for single value type: output.buffers.allocator-ids.values
12-02 04:21:45.006  4222 12832 I libnfc_nci: [INFO:nfa_dm_discover.cc(1307)] nfa_dm_cb.disc_cb.entry[1].selected_disc_mask = 0xed7f
12-02 04:21:45.006  4222 12845 D ReflectedParamUpdater: extent() != 1 for single value type: algo.buffers.pool-ids.values
12-02 04:21:45.006  4222 12832 I libnfc_nci: [INFO:nfa_dm_discover.cc(1314)] dm_disc_mask calculated finally for discovery: 0x14ED7F
12-02 04:21:45.006  4222 12844 D ReflectedParamUpdater: extent() != 1 for single value type: algo.buffers.allocator-ids.values
12-02 04:21:45.007  4222 12832 I libnfc_nci: [INFO:nfa_dm_discover.cc(1319)] nfa_dm_start_rf_discover:NXP_FWD_FUNCTIONALITY_ENABLE=0x01;
12-02 04:21:45.007  4222 12844 D ReflectedParamUpdater: extent() != 1 for single value type: output.buffers.pool-ids.values
12-02 04:21:45.008  4222 12832 I libnfc_nci: [INFO:nfa_dm_discover.cc(1323)] nfa_dm_start_rf_discover:HOST_LISTEN_TECH_MASK = 0x07;
12-02 04:21:45.008  4222 12832 I libnfc_nci: [INFO:nfa_dm_discover.cc(1328)] nfa_dm_start_rf_discover:UICC_LISTEN_TECH_MASK = 0x07;
12-02 04:21:45.009  4222 12844 D ReflectedParamUpdater: extent() != 1 for single value type: algo.buffers.pool-ids.values
12-02 04:21:45.009  4222 12832 I libnfc_nci: [INFO:nfa_dm_discover.cc(1333)] nfa_dm_start_rf_discover:NXP_ESE_LISTEN_TECH_MASK = 0x07;
12-02 04:21:45.010  4222 12845 I CCodecConfig: query failed after returning 7 values (BAD_INDEX)
12-02 04:21:45.010  4222 12832 I libnfc_nci: [INFO:nfa_dm_discover.cc(1338)] nfa_dm_start_rf_discover:P2P_LISTEN_TECH_MASK = 0x045;
12-02 04:21:45.011  4222 12845 D CCodecConfig: c2 config diff is Dict {
12-02 04:21:45.011  4222 12845 D CCodecConfig:   c2::u32 coded.bitrate.value = 64000
12-02 04:21:45.011  4222 12845 D CCodecConfig:   c2::u32 input.buffers.max-size.value = 32768
12-02 04:21:45.011  4222 12845 D CCodecConfig:   c2::u32 input.delay.value = 0
12-02 04:21:45.011  4222 12845 D CCodecConfig:   string input.media-type.value = "audio/vorbis"
12-02 04:21:45.011  4222 12845 D CCodecConfig:   string output.media-type.value = "audio/raw"
12-02 04:21:45.011  4222 12845 D CCodecConfig:   c2::u32 raw.channel-count.value = 1
12-02 04:21:45.011  4222 12845 D CCodecConfig:   c2::u32 raw.sample-rate.value = 48000
12-02 04:21:45.011  4222 12845 D CCodecConfig: }
12-02 04:21:45.011  4222 12832 I libnfc_nci: [INFO:nfa_ee_main.cc(454)] nfa_ee_find_ecb ()
12-02 04:21:45.012  4222 12832 I libnfc_nci: [INFO:nfa_ee_act.cc(3349)] supported tech list is 0x00 for given nfcee_id: 0x80 
12-02 04:21:45.012  4222 12832 I libnfc_nci: [INFO:nfa_p2p_main.cc(540)] nfa_p2p_set_config ()
12-02 04:21:45.012  4222 12845 D CCodec  : [c2.android.vorbis.decoder] buffers are bound to CCodec for this session
12-02 04:21:45.013  4222 12845 D CCodecConfig: no c2 equivalents for durationUs
12-02 04:21:45.013  4222 12832 I libnfc_nci: [INFO:llcp_api.cc(254)] LLCP_GetDiscoveryConfig ()
12-02 04:21:45.013  4222 12844 I CCodecConfig: query failed after returning 7 values (BAD_INDEX)
12-02 04:21:45.014  4222 12845 D CCodecConfig: no c2 equivalents for track-id
12-02 04:21:45.014  4222 12845 D CCodecConfig: no c2 equivalents for csd-1
12-02 04:21:45.014  4222 12845 D CCodecConfig: no c2 equivalents for language
12-02 04:21:45.014  4222 12845 D CCodecConfig: no c2 equivalents for file-format
12-02 04:21:45.015  4222 12845 D CCodecConfig: no c2 equivalents for flags
12-02 04:21:45.015  4222 12832 I libnfc_nci: [INFO:nfa_dm_main.cc(267)] nfa_dm_check_set_config () tlv_len=22
12-02 04:21:45.015  4222 12844 D CCodecConfig: c2 config diff is Dict {
12-02 04:21:45.015  4222 12844 D CCodecConfig:   c2::u32 coded.bitrate.value = 64000
12-02 04:21:45.015  4222 12844 D CCodecConfig:   c2::u32 input.buffers.max-size.value = 32768
12-02 04:21:45.015  4222 12844 D CCodecConfig:   c2::u32 input.delay.value = 0
12-02 04:21:45.015  4222 12844 D CCodecConfig:   string input.media-type.value = "audio/vorbis"
12-02 04:21:45.015  4222 12844 D CCodecConfig:   string output.media-type.value = "audio/raw"
12-02 04:21:45.015  4222 12844 D CCodecConfig:   c2::u32 raw.channel-count.value = 1
12-02 04:21:45.015  4222 12844 D CCodecConfig:   c2::u32 raw.sample-rate.value = 48000
12-02 04:21:45.015  4222 12844 D CCodecConfig: }
12-02 04:21:45.016  4222 12832 I libnfc_nci: [INFO:nfa_dm_discover.cc(1401)] dm_disc_mask before masking = 0x14ed7f
12-02 04:21:45.016  4222 12832 I libnfc_nci: [INFO:nfa_dm_discover.cc(1426)] dm_disc_mask after masking = 0x14ed7f
12-02 04:21:45.016  4222 12845 D CCodecConfig: config failed => CORRUPTED
12-02 04:21:45.017  4222 12832 I libnfc_nci: [INFO:nfa_dm_discover.cc(135)] nfa_dm_get_rf_discover_config : dm_disc_mask = 0x0014ED7F
12-02 04:21:45.017  4222 12844 D CCodec  : [c2.android.vorbis.decoder] buffers are bound to CCodec for this session
12-02 04:21:45.017  4222 12844 D CCodecConfig: no c2 equivalents for durationUs
12-02 04:21:45.018  4222 12844 D CCodecConfig: no c2 equivalents for track-id
12-02 04:21:45.018  4222 12844 D CCodecConfig: no c2 equivalents for csd-1
12-02 04:21:45.018  4222 12844 D CCodecConfig: no c2 equivalents for language
12-02 04:21:45.018  4222 12832 I libnfc_nci: [INFO:nfa_dm_discover.cc(408)] nfa_dm_set_listen_mode_set_configs : tech_proto_mask = 0x0014ED7F
12-02 04:21:45.019  4222 12845 D CCodecConfig: c2 config diff is   c2::u32 raw.sample-rate.value = 16000
12-02 04:21:45.019  4222 12844 D CCodecConfig: no c2 equivalents for file-format
12-02 04:21:45.019  4222 12844 D CCodecConfig: no c2 equivalents for flags
12-02 04:21:45.020  4222 12832 I libnfc_nci: [INFO:nfa_dm_discover.cc(412)] nfa_dm_set_listen_mode_set_configs : HOST_LISTEN_TECH_MASK = 0x07;
12-02 04:21:45.020  4222 12845 W Codec2Client: query -- param skipped: index = 1107298332.
12-02 04:21:45.020  4222 12832 I libnfc_nci: [INFO:nfa_dm_discover.cc(431)] nfa_dm_set_listen_mode_set_configs : LA_SEL_INFO = 0x20;
12-02 04:21:45.021  4222 12845 D CCodec  : setup formats input: AMessage(what = 0x00000000) = {
12-02 04:21:45.021  4222 12845 D CCodec  :   int32_t channel-count = 1
12-02 04:21:45.021  4222 12845 D CCodec  :   int32_t max-input-size = 65307
12-02 04:21:45.021  4222 12845 D CCodec  :   string mime = "audio/vorbis"
12-02 04:21:45.021  4222 12845 D CCodec  :   int32_t sample-rate = 16000
12-02 04:21:45.021  4222 12845 D CCodec  : } and output: AMessage(what = 0x00000000) = {
12-02 04:21:45.021  4222 12845 D CCodec  :   int32_t channel-count = 1
12-02 04:21:45.021  4222 12845 D CCodec  :   string mime = "audio/raw"
12-02 04:21:45.021  4222 12845 D CCodec  :   int32_t sample-rate = 16000
12-02 04:21:45.021  4222 12845 D CCodec  : }
12-02 04:21:45.021  4222 12832 I libnfc_nci: [INFO:nfa_dm_discover.cc(442)] nfa_dm_set_listen_mode_set_configs : LB_SENSB_INFO = 0x1;
12-02 04:21:45.021  4222 12844 D CCodecConfig: config failed => CORRUPTED
12-02 04:21:45.022  4222 12832 I libnfc_nci: [INFO:nfa_dm_discover.cc(457)] nfa_dm_set_listen_mode_set_configs : LF_PROTOCOL_TYPE = 0x0;
12-02 04:21:45.022  4222 12832 I libnfc_nci: [INFO:nfa_dm_main.cc(267)] nfa_dm_check_set_config () tlv_len=9
12-02 04:21:45.022  4222 12832 I libnfc_nci: [INFO:nfa_dm_main.cc(468)] nfa_dm_check_set_config () updated_len=9
12-02 04:21:45.022  4222 12844 D CCodecConfig: c2 config diff is   c2::u32 raw.sample-rate.value = 16000
12-02 04:21:45.023  4222 12845 W Codec2Client: query -- param skipped: index = 1342179345.
12-02 04:21:45.023  4222 12845 W Codec2Client: query -- param skipped: index = 2415921170.
12-02 04:21:45.023  4222 12832 I libnfc_nci: [INFO:nfc_ncif.cc(676)] nfc_ncif_send_cmd()
12-02 04:21:45.024  4222 12832 I libnfc_nci: [INFO:nfc_ncif.cc(550)] nfc_ncif_check_cmd_queue : Writing to HAL...
12-02 04:21:45.024  4222 12844 W Codec2Client: query -- param skipped: index = 1107298332.
12-02 04:21:45.024  4222 12832 I libnfc_nci: [INFO:nfc_ncif.cc(557)] nfc_ncif_check_cmd_queue : cmd_size:10
12-02 04:21:45.025  4222 12844 D CCodec  : setup formats input: AMessage(what = 0x00000000) = {
12-02 04:21:45.025  4222 12844 D CCodec  :   int32_t channel-count = 1
12-02 04:21:45.025  4222 12844 D CCodec  :   int32_t max-input-size = 65307
12-02 04:21:45.025  4222 12844 D CCodec  :   string mime = "audio/vorbis"
12-02 04:21:45.025  4222 12844 D CCodec  :   int32_t sample-rate = 16000
12-02 04:21:45.025  4222 12844 D CCodec  : } and output: AMessage(what = 0x00000000) = {
12-02 04:21:45.025  4222 12844 D CCodec  :   int32_t channel-count = 1
12-02 04:21:45.025  4222 12844 D CCodec  :   string mime = "audio/raw"
12-02 04:21:45.025  4222 12844 D CCodec  :   int32_t sample-rate = 16000
12-02 04:21:45.025  4222 12844 D CCodec  : }
12-02 04:21:45.025  4222 12832 I libnfc_nci: [INFO:NfcAdaptation.cc(901)] NfcAdaptation::HalWrite
12-02 04:21:45.027  4222 12845 E FMQ     : grantorIdx must be less than 3
12-02 04:21:45.027   853   853 D android.hardware.nfc@1.2-service: sem_timedwait() succeeded
12-02 04:21:45.027   853 12836 D NxpTml  : PN54X - Write requested.....
12-02 04:21:45.028  4222 12845 E FMQ     : grantorIdx must be less than 3
12-02 04:21:45.028  4222 12844 W Codec2Client: query -- param skipped: index = 1342179345.
12-02 04:21:45.028  4222 12844 W Codec2Client: query -- param skipped: index = 2415921170.
12-02 04:21:45.030   853 12836 D NxpTml  : PN54X - Invoking I2C Write.....
12-02 04:21:45.030  1295  3719 D BufferPoolAccessor2.0: bufferpool2 0xb4000071bacd85c8 : 0(0 size) total buffers - 0(0 size) used buffers - 46/48 (recycle/alloc) - 2/47 (fetch/transfer)
12-02 04:21:45.030  1295  3719 D BufferPoolAccessor2.0: Destruction - bufferpool2 0xb4000071bacd85c8 cached: 0/0M, 0/0% in use; allocs: 48, 96% recycled; transfers: 47, 96% unfetched
12-02 04:21:45.030  1295  1295 D BufferPoolAccessor2.0: bufferpool2 0xb4000071bacd8378 : 0(0 size) total buffers - 0(0 size) used buffers - 23/29 (recycle/alloc) - 6/28 (fetch/transfer)
12-02 04:21:45.030  4222 12845 D CCodecBufferChannel: [c2.android.vorbis.decoder#537] Created input block pool with allocatorID 16 => poolID 23 - OK (0)
12-02 04:21:45.030  1295  1295 D BufferPoolAccessor2.0: Destruction - bufferpool2 0xb4000071bacd8378 cached: 0/0M, 0/0% in use; allocs: 29, 79% recycled; transfers: 28, 79% unfetched
12-02 04:21:45.031  1295  3584 D BufferPoolAccessor2.0: bufferpool2 0xb4000071bacd7ed8 : 0(0 size) total buffers - 0(0 size) used buffers - 26/30 (recycle/alloc) - 4/29 (fetch/transfer)
12-02 04:21:45.031  1295  3584 D BufferPoolAccessor2.0: Destruction - bufferpool2 0xb4000071bacd7ed8 cached: 0/0M, 0/0% in use; allocs: 30, 87% recycled; transfers: 29, 86% unfetched
12-02 04:21:45.032  4222 12844 E FMQ     : grantorIdx must be less than 3
12-02 04:21:45.032   853 12836 D NxpNciX : len =  13 => 20020A03320120380101500100
12-02 04:21:45.033   853 12836 D NxpTml  : PN54X - I2C Write successful.....
12-02 04:21:45.033   853 12836 D NxpTml  : PN54X - Posting Fresh Write message.....
12-02 04:21:45.033   853 12836 D NxpTml  : PN54X - Tml Writer Thread Running................
12-02 04:21:45.033   853 12838 D NxpHal  : write successful status = 0x0
12-02 04:21:45.033  4222 12844 E FMQ     : grantorIdx must be less than 3
12-02 04:21:45.033  1295  3582 E FMQ     : grantorIdx must be less than 3
12-02 04:21:45.034  4222 12844 D CCodecBufferChannel: [c2.android.vorbis.decoder#575] Created input block pool with allocatorID 16 => poolID 24 - OK (0)
12-02 04:21:45.034  1295  3582 E FMQ     : grantorIdx must be less than 3
12-02 04:21:45.035  4222 12832 I libnfc_nci: [INFO:nfa_dm_discover.cc(607)] nfa_dm_set_total_duration ()
12-02 04:21:45.035  4222 12832 I libnfc_nci: [INFO:nfa_dm_main.cc(267)] nfa_dm_check_set_config () tlv_len=4
12-02 04:21:45.035  4222 12832 I libnfc_nci: [INFO:nfc_main.cc(1158)] NFC_DiscoveryStart
12-02 04:21:45.035  4222 12832 I libnfc_nci: [INFO:nfc_main.cc(1179)] NFC_DiscoveryStart status: 0xe3
12-02 04:21:45.036  4222  4282 D BufferPoolAccessor2.0: bufferpool2 0xb4000074b6ee0098 : 0(0 size) total buffers - 0(0 size) used buffers - 3/9 (recycle/alloc) - 6/62 (fetch/transfer)
12-02 04:21:45.036  4222  4282 D BufferPoolAccessor2.0: Destruction - bufferpool2 0xb4000074b6ee0098 cached: 0/0M, 0/0% in use; allocs: 9, 33% recycled; transfers: 62, 90% unfetched
12-02 04:21:45.037  4222  4381 D BufferPoolAccessor2.0: bufferpool2 0xb4000074b6edbd88 : 0(0 size) total buffers - 0(0 size) used buffers - 2/9 (recycle/alloc) - 7/100 (fetch/transfer)
12-02 04:21:45.037  4222  4381 D BufferPoolAccessor2.0: Destruction - bufferpool2 0xb4000074b6edbd88 cached: 0/0M, 0/0% in use; allocs: 9, 22% recycled; transfers: 100, 93% unfetched
12-02 04:21:45.037  4222  4282 D BufferPoolAccessor2.0: bufferpool2 0xb4000074b6ee5ac8 : 0(0 size) total buffers - 0(0 size) used buffers - 2/9 (recycle/alloc) - 7/64 (fetch/transfer)
12-02 04:21:45.038   853 12835 D NxpTml  : PN54X - I2C Read successful.....len = 5
12-02 04:21:45.038  4222 12845 I CCodecBufferChannel: [c2.android.vorbis.decoder#537] Created output block pool with allocatorID 16 => poolID 32 - OK
12-02 04:21:45.038  4222  4282 D BufferPoolAccessor2.0: Destruction - bufferpool2 0xb4000074b6ee5ac8 cached: 0/0M, 0/0% in use; allocs: 9, 22% recycled; transfers: 64, 89% unfetched
12-02 04:21:45.038   853 12835 D NxpTml  : PN54X - Posting read message.....
12-02 04:21:45.038   853 12835 D NxpNciR : len =   5 <= 4002020000
12-02 04:21:45.038  1295  3583 E FMQ     : grantorIdx must be less than 3
12-02 04:21:45.039  4222 12845 D CCodecBufferChannel: [c2.android.vorbis.decoder#537] Configured output block pool ids 32 => OK
12-02 04:21:45.039   853 12838 D NxpHal  : read successful status = 0x0
12-02 04:21:45.039   853 12838 D NxpHal  : phNxpNciHal_print_res_status: response status =STATUS_OK
12-02 04:21:45.039  4222 12845 D CCodecBufferChannel: [c2.android.vorbis.decoder#537] start: updating output delay 0
12-02 04:21:45.039  1295  3583 E FMQ     : grantorIdx must be less than 3
12-02 04:21:45.040  4222 12832 I libnfc_nci: [INFO:nfc_ncif.cc(760)] NFC received rsp gid:0
12-02 04:21:45.040  4222 12832 I libnfc_nci: [INFO:nci_hrcv.cc(85)] nci_proc_core_rsp opcode:0x2
12-02 04:21:45.040  4222 12832 I libnfc_nci: [INFO:nfa_dm_act.cc(299)] NFC_SET_CONFIG_REVT(0x5002)
12-02 04:21:45.040   853 12835 D NxpTml  : PN54X - Read requested.....
12-02 04:21:45.040  4222 12832 I libnfc_nci: [INFO:NfcAdaptation.cc(993)] NfcAdaptation::HalPrediscover
12-02 04:21:45.041   853 12835 D NxpTml  : PN54X - Invoking I2C Read.....
12-02 04:21:45.041  4222 12844 I CCodecBufferChannel: [c2.android.vorbis.decoder#575] Created output block pool with allocatorID 16 => poolID 33 - OK
12-02 04:21:45.042  4222 12832 I libnfc_nci: [INFO:nfc_ncif.cc(676)] nfc_ncif_send_cmd()
12-02 04:21:45.042  4222 12832 I libnfc_nci: [INFO:nfc_ncif.cc(550)] nfc_ncif_check_cmd_queue : Writing to HAL...
12-02 04:21:45.042  4222 12844 D CCodecBufferChannel: [c2.android.vorbis.decoder#575] Configured output block pool ids 33 => OK
12-02 04:21:45.043  4222 12844 D CCodecBufferChannel: [c2.android.vorbis.decoder#575] start: updating output delay 0
12-02 04:21:45.043  4222 12832 I libnfc_nci: [INFO:nfc_ncif.cc(557)] nfc_ncif_check_cmd_queue : cmd_size:17
12-02 04:21:45.043  4222 12832 I libnfc_nci: [INFO:NfcAdaptation.cc(901)] NfcAdaptation::HalWrite
12-02 04:21:45.044   853   853 D NxpHal  : > Polling Loop Started
12-02 04:21:45.044   853   853 D android.hardware.nfc@1.2-service: sem_timedwait() succeeded
12-02 04:21:45.044   853 12836 D NxpTml  : PN54X - Write requested.....
12-02 04:21:45.044   853 12836 D NxpTml  : PN54X - Invoking I2C Write.....
12-02 04:21:45.046   853 12836 D NxpNciX : len =  20 => 2103110800010101020103018001810106017001
12-02 04:21:45.047   853 12836 D NxpTml  : PN54X - I2C Write successful.....
12-02 04:21:45.047   853 12836 D NxpTml  : PN54X - Posting Fresh Write message.....
12-02 04:21:45.047   853 12836 D NxpTml  : PN54X - Tml Writer Thread Running................
12-02 04:21:45.047   853 12838 D NxpHal  : write successful status = 0x0
12-02 04:21:45.048   853 12835 D NxpTml  : PN54X - I2C Read successful.....len = 4
12-02 04:21:45.049   853 12835 D NxpTml  : PN54X - Posting read message.....
12-02 04:21:45.049   853 12835 D NxpNciR : len =   4 <= 41030100
12-02 04:21:45.050  1295 12846 D SimpleC2Component: Using output block pool with poolID 32 => got 32 - 0
12-02 04:21:45.050  1295 12847 D SimpleC2Component: Using output block pool with poolID 33 => got 33 - 0
12-02 04:21:45.050   853 12838 D NxpHal  : read successful status = 0x0
12-02 04:21:45.051  4222 12832 I libnfc_nci: [INFO:nfc_ncif.cc(760)] NFC received rsp gid:1
12-02 04:21:45.051  4222 12832 I libnfc_nci: [INFO:nfa_dm_discover.cc(3529)] returning true
12-02 04:21:45.052  4222 12832 I libnfc_nci: [INFO:nfa_dm_discover.cc(941)] nfa_dm_disc_discovery_cback (): event:0x4000
12-02 04:21:45.052   853 12835 D NxpTml  : PN54X - Read requested.....
12-02 04:21:45.052  4222 12832 I libnfc_nci: [INFO:nfa_dm_discover.cc(2982)] state: IDLE (0), event: DISCOVER_RSP(1) disc_flags: 0x31
12-02 04:21:45.052   853 12835 D NxpTml  : PN54X - Invoking I2C Read.....
12-02 04:21:45.052  4222 12832 I libnfc_nci: [INFO:nfa_dm_discover.cc(2104)] old_state: IDLE (0), new_state: DISCOVERY (1) disc_flags: 0x11
12-02 04:21:45.052  4222 12832 I libnfc_nci: [INFO:nfa_ce_act.cc(300)] nfa_ce_discovery_cback(): event:0x00
12-02 04:21:45.052  4222 12832 I libnfc_nci: [INFO:nfa_ce_act.cc(304)] nfa_ce_handle_disc_start (status=0x0)
12-02 04:21:45.053  4222 12832 I libnfc_nci: [INFO:nfa_dm_act.cc(1703)] nfa_dm_poll_disc_cback (): event:0x00
12-02 04:21:45.053  4222 12832 I libnfc_nci: [INFO:NativeNfcManager.cpp(694)] nfaConnectionCallback: Connection Event = 30
12-02 04:21:45.053  4222 12832 I libnfc_nci: [INFO:NativeNfcManager.cpp(715)] nfaConnectionCallback: NFA_RF_DISCOVERY_STARTED_EVT: status = 0x0
12-02 04:21:45.053  4222 12832 I libnfc_nci: [INFO:nfa_dm_discover.cc(3035)] new state: DISCOVERY (1), disc_flags: 0x1
12-02 04:21:45.054  4222  4341 I libnfc_nci: [INFO:NativeNfcTag.cpp(2712)] nativeNfcTag_releaseRfInterfaceMutexLock: sRfInterfaceMutex unlock
12-02 04:21:45.054  4222 12845 E FMQ     : grantorIdx must be less than 3
12-02 04:21:45.054  4222  4341 I libnfc_nci: [INFO:NativeNfcManager.cpp(4558)] startRfDiscovery: is exit=1
12-02 04:21:45.054  1186  3117 D MediaBufferGroup: creating MemoryDealer
12-02 04:21:45.055  4222  4341 I libnfc_nci: [INFO:PowerSwitch.cpp(277)] PowerSwitch::setModeOn(activated=0x1) : mCurrActivity=0x9
12-02 04:21:45.055  4222  4341 I libnfc_nci: [INFO:TransactionController.cpp(247)] transactionEnd: Enter
12-02 04:21:45.055  4222  4341 I libnfc_nci: [INFO:TransactionController.cpp(251)] transactionEnd: Transaction control timer killed
12-02 04:21:45.055  4222  4341 I libnfc_nci: [INFO:TransactionController.cpp(256)] transactionEnd: Transaction ended : 8 
12-02 04:21:45.055  1186  1186 D MediaBufferGroup: creating MemoryDealer
12-02 04:21:45.055  4222  4341 I libnfc_nci: [INFO:NativeNfcManager.cpp(2901)] nfcManager_enableDiscovery: exit
12-02 04:21:45.055  1295  3719 E FMQ     : grantorIdx must be less than 3
12-02 04:21:45.056  4222  4341 D NfcService: commitRouting >>>
12-02 04:21:45.056   853 12835 E NxpTml  : _>>>>> Empty packet recieved !!
12-02 04:21:45.056   853 12835 D NxpTml  : PN54X - I2C Read successful.....len = 3
12-02 04:21:45.056  4222  4341 D NfcService: Init wired Se
12-02 04:21:45.056   853 12835 D NxpTml  : PN54X - Posting read message.....
12-02 04:21:45.057   853 12835 D NxpNciR : len =   3 <= 612300
12-02 04:21:45.057   853 12838 D NxpHal  : read successful status = 0x0
12-02 04:21:45.057  4222  4222 D NfcService: commitRouting >>>
12-02 04:21:45.058  4222  4222 D NfcService: defaultAidRoute : 57
12-02 04:21:45.058  4222 12844 E FMQ     : grantorIdx must be less than 3
12-02 04:21:45.058  4222 12832 I libnfc_nci: [INFO:nfc_ncif.cc(839)] NFC received ntf gid:1
12-02 04:21:45.059  4222 12832 E libnfc_nci: [ERROR:nci_hrcv.cc(321)] unknown opcode:0x23
12-02 04:21:45.059   853 12835 D NxpTml  : PN54X - Read requested.....
12-02 04:21:45.059   853 12835 D NxpTml  : PN54X - Invoking I2C Read.....
12-02 04:21:45.059  1295  3582 E FMQ     : grantorIdx must be less than 3
12-02 04:21:45.064  4222  4222 I libnfc_nci: [INFO:RoutingManager.cpp(1127)] setEmptyAidEntry: enter
12-02 04:21:45.064  4222  4222 I libnfc_nci: [INFO:RoutingManager.cpp(1142)] setEmptyAidEntry: route 400
12-02 04:21:45.064  4222  4222 I libnfc_nci: [INFO:SecureElement.cpp(599)] SecureElement::getEeInfo: enter; mbNewEE=0, mActualNumEe=0
12-02 04:21:45.067  4222  4222 I libnfc_nci: [INFO:nfa_ee_api.cc(119)] NFA_EeGetInfo em_state:1 cur_ee:3
12-02 04:21:45.067  4222  4222 I libnfc_nci: [INFO:nfa_ee_api.cc(135)] xx:0 max_ret:3, num_ret:0 ee_status:0x2
12-02 04:21:45.067  4222  4222 I libnfc_nci: [INFO:nfa_ee_api.cc(135)] xx:1 max_ret:3, num_ret:0 ee_status:0x2
12-02 04:21:45.067  4222  4222 I libnfc_nci: [INFO:nfa_ee_api.cc(135)] xx:2 max_ret:3, num_ret:0 ee_status:0x2
12-02 04:21:45.067  4222  4222 I libnfc_nci: [INFO:nfa_ee_api.cc(158)] num_ret:0
12-02 04:21:45.068  4222  4222 I libnfc_nci: [INFO:SecureElement.cpp(623)] SecureElement::getEeInfo: num EEs discovered: 0
12-02 04:21:45.068  4222  4222 I libnfc_nci: [INFO:SecureElement.cpp(657)] SecureElement::getEeInfo: exit; mActualNumEe=0, NumEePresent=0
12-02 04:21:45.068  4222  4222 E libnfc_nci: [ERROR:SecureElement.cpp(2612)] SecureElement::getSETechnology: No updated eeInfo available
12-02 04:21:45.068  4222  4222 I libnfc_nci: [INFO:nfa_ee_api.cc(689)] NFA_EeAddAidRouting(): handle:<0x400>
12-02 04:21:45.069  4222  4222 I libnfc_nci: [INFO:nfa_ee_main.cc(454)] nfa_ee_find_ecb ()
12-02 04:21:45.069  4222  4222 I libnfc_nci: [INFO:RoutingManager.cpp(1157)] setEmptyAidEntry: Status :0x 0
12-02 04:21:45.070  4222 12832 I libnfc_nci: [INFO:nfa_sys_main.cc(78)] NFA got event 0x0208
12-02 04:21:45.070  4222 12832 I libnfc_nci: [INFO:nfa_ee_main.cc(738)] Event API_ADD_AID(0x208), State: INIT_DONE(1)
12-02 04:21:45.070  4222 12832 I libnfc_nci: [INFO:nfa_ee_act.cc(194)] nfa_ee_api_add_aid id:0x0 len=0 aid:
12-02 04:21:45.070  4222 12832 I libnfc_nci: [INFO:nfa_ee_act.cc(438)] nfa_ee_total_lmrt_size size:10
12-02 04:21:45.071  4222 12832 I libnfc_nci: [INFO:nfa_ee_act.cc(378)] nfa_ee_update_route_aid_size nfcee_id:0x0 size_aid:4
12-02 04:21:45.071  4222 12832 I libnfc_nci: [INFO:nfa_dm_main.cc(236)] nfa_dm_is_active () flags:0x5
12-02 04:21:45.071  4222 12832 I libnfc_nci: [INFO:nfa_sys_ptim.cc(127)] nfa_sys_ptim_start_timer 0x736bf95430
12-02 04:21:45.071  4222 12832 I libnfc_nci: [INFO:nfa_ee_act.cc(1764)] status:0 ee_cfged:0x24 
12-02 04:21:45.071  4222 12832 I libnfc_nci: [INFO:RoutingManager.cpp(2147)] RoutingManager::nfaEeCallback: NFA_EE_ADD_AID_EVT  status=0
12-02 04:21:45.072  4222  4222 I libnfc_nci: [INFO:NativeNfcManager.cpp(4844)] nfcManager_doCommitRouting: enter
12-02 04:21:45.072  4222  4222 I libnfc_nci: [INFO:PowerSwitch.cpp(173)] PowerSwitch::setLevel: level=PS-FULL (1)
12-02 04:21:45.072  4222  4222 I libnfc_nci: [INFO:PowerSwitch.cpp(277)] PowerSwitch::setModeOn(activated=0x8) : mCurrActivity=0x9
12-02 04:21:45.072  4222  4222 I libnfc_nci: [INFO:TransactionController.cpp(203)] transactionAttempt: Transaction attempted : 6 when barrier is: 1
12-02 04:21:45.073  4222  4222 I libnfc_nci: [INFO:TransactionController.cpp(127)] transactionLiveLockable: Performing check for long duration transaction
12-02 04:21:45.073  4222  4222 I libnfc_nci: [INFO:TransactionController.cpp(220)] transactionAttempt: Transaction granted : 6 
12-02 04:21:45.073  4222  4222 I libnfc_nci: [INFO:TransactionController.cpp(225)] transactionAttempt: Transaction granted : 6 and barrier is: 0
12-02 04:21:45.074  4222  4222 I libnfc_nci: [INFO:NativeNfcManager.cpp(4539)] startRfDiscovery: is start=0
12-02 04:21:45.074  4222  4222 I libnfc_nci: [INFO:NativeNfcTag.cpp(2694)] nativeNfcTag_acquireRfInterfaceMutexLock: try to acquire lock
12-02 04:21:45.074  4222  4222 I libnfc_nci: [INFO:NativeNfcTag.cpp(2697)] nativeNfcTag_acquireRfInterfaceMutexLock: sRfInterfaceMutex lock
12-02 04:21:45.074  4222  4222 I libnfc_nci: [INFO:nfa_dm_api.cc(865)] NFA_StopRfDiscovery
12-02 04:21:45.075  4222 12832 I libnfc_nci: [INFO:nfa_sys_main.cc(78)] NFA got event 0x0111
12-02 04:21:45.075  4222 12832 I libnfc_nci: [INFO:nfa_dm_main.cc(159)] event: NFA_DM_API_STOP_RF_DISCOVERY_EVT (0x11)
12-02 04:21:45.075  4222 12832 I libnfc_nci: [INFO:nfa_dm_act.cc(1401)] nfa_dm_act_stop_rf_discovery ()
12-02 04:21:45.075  4222 12832 I libnfc_nci: [INFO:nfa_dm_discover.cc(3220)] nfa_dm_rf_deactivate () deactivate_type:0x0
12-02 04:21:45.076  4222 12832 I libnfc_nci: [INFO:nfa_dm_discover.cc(2982)] state: DISCOVERY (1), event: DEACTIVATE_CMD(6) disc_flags: 0x2
12-02 04:21:45.076  4222 12832 I libnfc_nci: [INFO:nfc_main.cc(1413)] NFC_Deactivate 4 (IDLE) deactivate_type:0
12-02 04:21:45.076  4222 12832 I libnfc_nci: [INFO:nfc_ncif.cc(676)] nfc_ncif_send_cmd()
12-02 04:21:45.076  4222 12832 I libnfc_nci: [INFO:nfc_ncif.cc(550)] nfc_ncif_check_cmd_queue : Writing to HAL...
12-02 04:21:45.077  4222 12832 I libnfc_nci: [INFO:nfc_ncif.cc(557)] nfc_ncif_check_cmd_queue : cmd_size:1
12-02 04:21:45.077  4222 12832 I libnfc_nci: [INFO:NfcAdaptation.cc(901)] NfcAdaptation::HalWrite
12-02 04:21:45.077   853   853 D android.hardware.nfc@1.2-service: sem_timedwait() succeeded
12-02 04:21:45.078   853 12836 D NxpTml  : PN54X - Write requested.....
12-02 04:21:45.078   853 12836 D NxpTml  : PN54X - Invoking I2C Write.....
12-02 04:21:45.079  1295 12846 E FMQ     : grantorIdx must be less than 3
12-02 04:21:45.080   853 12836 D NxpNciX : len =   4 => 21060100
12-02 04:21:45.080   853 12836 D NxpTml  : PN54X - I2C Write successful.....
12-02 04:21:45.081   853 12836 D NxpTml  : PN54X - Posting Fresh Write message.....
12-02 04:21:45.081  4222  4381 E FMQ     : grantorIdx must be less than 3
12-02 04:21:45.081   853 12836 D NxpTml  : PN54X - Tml Writer Thread Running................
12-02 04:21:45.081   853 12838 D NxpHal  : write successful status = 0x0
12-02 04:21:45.082  4222 12832 I libnfc_nci: [INFO:nfa_dm_discover.cc(3035)] new state: DISCOVERY (1), disc_flags: 0x22
12-02 04:21:45.082  4222 12832 I libnfc_nci: [INFO:nfa_sys_ptim.cc(154)] nfa_sys_ptim_stop_timer 0x736bf96170
12-02 04:21:45.082  4222 12832 I libnfc_nci: [INFO:nfa_rw_act.cc(219)] Stopped presence check timer (if started)
12-02 04:21:45.084   853 12835 D NxpTml  : PN54X - I2C Read successful.....len = 4
12-02 04:21:45.084   853 12835 D NxpTml  : PN54X - Posting read message.....
12-02 04:21:45.085   853 12835 D NxpNciR : len =   4 <= 41060100
12-02 04:21:45.085   853 12838 D NxpHal  : read successful status = 0x0
12-02 04:21:45.086   853 12835 D NxpTml  : PN54X - Read requested.....
12-02 04:21:45.086  1295 12847 E FMQ     : grantorIdx must be less than 3
12-02 04:21:45.086   853 12835 D NxpTml  : PN54X - Invoking I2C Read.....
12-02 04:21:45.086  4222 12832 I libnfc_nci: [INFO:nfc_ncif.cc(760)] NFC received rsp gid:1
12-02 04:21:45.087  4222 12832 I libnfc_nci: [INFO:nfa_dm_discover.cc(3414)] P2P_Prio_Logic
12-02 04:21:45.087  4222 12832 I libnfc_nci: [INFO:nfa_dm_discover.cc(3422)] nfa_dm_p2p_prio_logic event_type = 0x1
12-02 04:21:45.087  4222 12832 I libnfc_nci: [INFO:nfa_dm_discover.cc(3529)] returning true
12-02 04:21:45.087  4222 12832 I libnfc_nci: [INFO:nfc_main.cc(438)] nfc_set_state 4 (IDLE)->4 (IDLE)
12-02 04:21:45.088  4222 12832 I libnfc_nci: [INFO:nfa_dm_discover.cc(2081)] nfa_dm_disc_data_cback ()
12-02 04:21:45.088  4222 12832 I libnfc_nci: [INFO:nfa_dm_discover.cc(941)] nfa_dm_disc_discovery_cback (): event:0x4005
12-02 04:21:45.088  4222  4282 E FMQ     : grantorIdx must be less than 3
12-02 04:21:45.089  4222 12832 I libnfc_nci: [INFO:nfa_dm_discover.cc(2982)] state: DISCOVERY (1), event: DEACTIVATE_RSP(7) disc_flags: 0x22
12-02 04:21:45.089  4222 12832 I libnfc_nci: [INFO:nfa_dm_discover.cc(2104)] old_state: DISCOVERY (1), new_state: IDLE (0) disc_flags: 0x2
12-02 04:21:45.089  4222 12832 I libnfc_nci: [INFO:NativeNfcManager.cpp(694)] nfaConnectionCallback: Connection Event = 31
12-02 04:21:45.091  4222 12832 I libnfc_nci: [INFO:NativeNfcManager.cpp(723)] nfaConnectionCallback: NFA_RF_DISCOVERY_STOPPED_EVT: status = 0x0
12-02 04:21:45.091  4222 12832 I libnfc_nci: [INFO:NativeNfcManager.cpp(4595)] notifyPollingEventwhileNfcOff: sDiscCmdwhleNfcOff=0
12-02 04:21:45.091  4222 12832 I libnfc_nci: [INFO:NativeNfcTag.cpp(933)] getReconnectState = 0x0
12-02 04:21:45.092  4222  4222 I libnfc_nci: [INFO:NativeNfcTag.cpp(2712)] nativeNfcTag_releaseRfInterfaceMutexLock: sRfInterfaceMutex unlock
12-02 04:21:45.092  4222  4222 I libnfc_nci: [INFO:NativeNfcManager.cpp(4558)] startRfDiscovery: is exit=0
12-02 04:21:45.093  4222  4222 I libnfc_nci: [INFO:RoutingManager.cpp(1649)] RoutingManager::commitRouting
12-02 04:21:45.093  4222 12832 I libnfc_nci: [INFO:nfa_dm_discover.cc(1176)] nfa_dm_start_rf_discover (): enter
12-02 04:21:45.094  4222 12832 I libnfc_nci: [INFO:nfa_dm_discover.cc(1181)] nfa_dm_start_rf_discover (): return
12-02 04:21:45.095  4222 12832 I libnfc_nci: [INFO:nfa_dm_discover.cc(3035)] new state: IDLE (0), disc_flags: 0x0
12-02 04:21:45.097  4222  4222 I libnfc_nci: [INFO:nfa_ee_api.cc(1160)] NFA_EeUpdateNow
12-02 04:21:45.098  4222 12832 I libnfc_nci: [INFO:nfa_sys_main.cc(78)] NFA got event 0x020D
12-02 04:21:45.098  4222 12832 I libnfc_nci: [INFO:nfa_ee_main.cc(738)] Event API_UPDATE_NOW(0x20d), State: INIT_DONE(1)
12-02 04:21:45.099  4222 12832 I libnfc_nci: [INFO:nfa_sys_ptim.cc(154)] nfa_sys_ptim_stop_timer 0x736bf95430
12-02 04:21:45.099  4222 12832 I libnfc_nci: [INFO:nfa_sys_ptim.cc(160)] ptim timer stop
12-02 04:21:45.099  4222 12832 I libnfc_nci: [INFO:nfa_ee_act.cc(3736)] nfa_ee_rout_timeout()
12-02 04:21:45.100  4222 12832 I libnfc_nci: [INFO:nfa_ee_act.cc(3694)] nfa_ee_need_recfg() ee_cfged: 0xa4 ee_cfg_sts: 0x00
12-02 04:21:45.100  4222 12832 I libnfc_nci: [INFO:nfa_ee_act.cc(3705)] 0: ecb_flags  : 0x0c, mask: 0x20
12-02 04:21:45.100  4222 12832 I libnfc_nci: [INFO:nfa_ee_act.cc(3708)] nfa_ee_need_recfg:Routing table dirty, update required...
12-02 04:21:45.100  4222 12832 I libnfc_nci: [INFO:nfa_ee_act.cc(4057)] nfa_ee_update_rout ee_cfg_sts:0x00
12-02 04:21:45.100  4222 12832 I libnfc_nci: [INFO:nfa_ee_main.cc(738)] Event CFG_TO_NFCC(0x21e), State: INIT_DONE(1)
12-02 04:21:45.101  4222 12832 I libnfc_nci: [INFO:nfa_ee_act.cc(3801)] max supported routing table size: 860
12-02 04:21:45.101  4222 12832 I libnfc_nci: [INFO:nfa_ee_act.cc(3944)] find_and_resolve_tech_conflict:Enter
12-02 04:21:45.101  4222 12832 I libnfc_nci: [INFO:nfa_ee_act.cc(3982)] find_and_resolve_tech_conflict:p_cb->nfcee_id=0xff,p_cb->tech_switch_on= 0x0,p_cb->tech_switch_off= 0x0,p_cb->tech_battery_off= 0x0
12-02 04:21:45.101  4222 12832 I libnfc_nci: [INFO:nfa_ee_act.cc(3991)] find_and_resolve_tech_conflict:NXP_DEFAULT_OFFHOST_ROUTE=0x01;
12-02 04:21:45.102  4222 12832 I libnfc_nci: [INFO:nfa_ee_act.cc(3998)] find_and_resolve_tech_conflict:techF_found=0x0,techF_ee= 0x0;
12-02 04:21:45.102  4222 12832 I libnfc_nci: [INFO:nfa_ee_act.cc(4000)] find_and_resolve_tech_conflict:techA_found=0x0,techA_ee= 0x0;
12-02 04:21:45.102  4222 12832 I libnfc_nci: [INFO:nfa_ee_act.cc(3897)] nfa_ee_lmrt_to_nfcc --add the routing for DH!!
12-02 04:21:45.102  4222 12832 I libnfc_nci: [INFO:nfa_ee_act.cc(3580)] nfa_ee_route_add_one_ecb_by_route_order - max_len:860, cur_offset:0, more:1, num_tlv:0,rout_type:- 1
12-02 04:21:45.102  4222 12832 I libnfc_nci: [INFO:nfa_ee_act.cc(571)] nfa_ee_add_aid_route_to_ecb -  p_cb->aid_info10
12-02 04:21:45.103  4222 12832 I libnfc_nci: [INFO:nfa_ee_act.cc(574)] nfa_ee_add_aid_route_to_ecb - 10
12-02 04:21:45.103  4222 12832 I libnfc_nci: [INFO:nfa_ee_act.cc(438)] nfa_ee_total_lmrt_size size:14
12-02 04:21:45.103  4222 12832 I libnfc_nci: [INFO:nfa_ee_act.cc(3628)] ee_cfg_sts:0x01 lmrt_size:14
12-02 04:21:45.103  4222 12832 I libnfc_nci: [INFO:nfa_ee_act.cc(3897)] nfa_ee_lmrt_to_nfcc --add the routing for DH!!
12-02 04:21:45.104  4222 12832 I libnfc_nci: [INFO:nfa_ee_act.cc(3580)] nfa_ee_route_add_one_ecb_by_route_order - max_len:860, cur_offset:4, more:1, num_tlv:1,rout_type:- 2
12-02 04:21:45.104  4222 12832 I libnfc_nci: [INFO:nfa_ee_act.cc(438)] nfa_ee_total_lmrt_size size:14
12-02 04:21:45.104  4222 12832 I libnfc_nci: [INFO:nfa_ee_act.cc(3628)] ee_cfg_sts:0x01 lmrt_size:14
12-02 04:21:45.105  4222 12832 I libnfc_nci: [INFO:nfa_ee_act.cc(3897)] nfa_ee_lmrt_to_nfcc --add the routing for DH!!
12-02 04:21:45.105  4222 12832 I libnfc_nci: [INFO:nfa_ee_act.cc(3580)] nfa_ee_route_add_one_ecb_by_route_order - max_len:860, cur_offset:4, more:1, num_tlv:1,rout_type:- 3
12-02 04:21:45.105  4222 12832 I libnfc_nci: [INFO:nfa_ee_act.cc(766)] nfa_ee_add_sys_code_route_to_ecb - No SC entries available
12-02 04:21:45.105  4222 12832 I libnfc_nci: [INFO:nfa_ee_act.cc(438)] nfa_ee_total_lmrt_size size:14
12-02 04:21:45.106  4222 12832 I libnfc_nci: [INFO:nfa_ee_act.cc(3628)] ee_cfg_sts:0x01 lmrt_size:14
12-02 04:21:45.106  4222 12832 I libnfc_nci: [INFO:nfa_ee_act.cc(3897)] nfa_ee_lmrt_to_nfcc --add the routing for DH!!
12-02 04:21:45.106  4222 12832 I libnfc_nci: [INFO:nfa_ee_act.cc(3580)] nfa_ee_route_add_one_ecb_by_route_order - max_len:860, cur_offset:4, more:1, num_tlv:1,rout_type:- 4
12-02 04:21:45.106  4222 12832 I libnfc_nci: [INFO:nfa_ee_act.cc(536)] nfa_ee_add_proto_route_to_ecb - NFC DEP added for DH!!!
12-02 04:21:45.107  4222 12832 I libnfc_nci: [INFO:nfa_ee_act.cc(438)] nfa_ee_total_lmrt_size size:14
12-02 04:21:45.107  4222 12832 I libnfc_nci: [INFO:nfa_ee_act.cc(3628)] ee_cfg_sts:0x01 lmrt_size:14
12-02 04:21:45.111  4222 12832 I libnfc_nci: [INFO:nfa_ee_act.cc(3897)] nfa_ee_lmrt_to_nfcc --add the routing for DH!!
12-02 04:21:45.111  4222 12832 I libnfc_nci: [INFO:nfa_ee_act.cc(3580)] nfa_ee_route_add_one_ecb_by_route_order - max_len:860, cur_offset:14, more:0, num_tlv:3,rout_type:- 5
12-02 04:21:45.112  4222 12832 I libnfc_nci: [INFO:nfa_ee_act.cc(438)] nfa_ee_total_lmrt_size size:14
12-02 04:21:45.112  4222 12832 I libnfc_nci: [INFO:nfa_ee_act.cc(3628)] ee_cfg_sts:0x01 lmrt_size:14
12-02 04:21:45.112  4222 12832 I libnfc_nci: [INFO:nfa_ee_act.cc(3639)] nfa_ee_route_add_one_ecb_by_route_order : set routing num_tlv:3 tlv_size:14
12-02 04:21:45.113  4222 12832 I libnfc_nci: [INFO:nfc_ncif.cc(676)] nfc_ncif_send_cmd()
12-02 04:21:45.113  4222 12832 I libnfc_nci: [INFO:nfc_ncif.cc(550)] nfc_ncif_check_cmd_queue : Writing to HAL...
12-02 04:21:45.115  4222 12832 I libnfc_nci: [INFO:nfc_ncif.cc(557)] nfc_ncif_check_cmd_queue : cmd_size:16
12-02 04:21:45.115  4222 12832 I libnfc_nci: [INFO:NfcAdaptation.cc(901)] NfcAdaptation::HalWrite
12-02 04:21:45.116   853   853 D android.hardware.nfc@1.2-service: sem_timedwait() succeeded
12-02 04:21:45.117   853 12836 D NxpTml  : PN54X - Write requested.....
12-02 04:21:45.117   853 12836 D NxpTml  : PN54X - Invoking I2C Write.....
12-02 04:21:45.119   853 12835 D NxpTml  : PN54X - I2C Read successful.....len = 4
12-02 04:21:45.119   853 12835 D NxpTml  : Delay Read if write thread is busy
12-02 04:21:45.120   853 12836 D NxpNciX : len =  19 => 21011000031202001101030011040103000105
12-02 04:21:45.120   853 12836 D NxpTml  : PN54X - I2C Write successful.....
12-02 04:21:45.120   853 12836 D NxpTml  : PN54X - Posting Fresh Write message.....
12-02 04:21:45.121   853 12836 D NxpTml  : PN54X - Tml Writer Thread Running................
12-02 04:21:45.121   853 12838 D NxpHal  : write successful status = 0x0
12-02 04:21:45.122   853 12835 D NxpTml  : PN54X - Posting read message.....
12-02 04:21:45.122   853 12835 D NxpNciR : len =   4 <= 41010100
12-02 04:21:45.122   853 12838 D NxpHal  : read successful status = 0x0
12-02 04:21:45.123  4222 12832 I libnfc_nci: [INFO:RoutingManager.cpp(2170)] RoutingManager::nfaEeCallback: NFA_EE_ROUT_ERR_EVT  status=3
12-02 04:21:45.123  4222 12832 I libnfc_nci: [INFO:nfa_ee_act.cc(4079)] nfa_ee_update_rout ee_cfg_sts:0x10 ee_cfged:0x20
12-02 04:21:45.124  4222 12832 I libnfc_nci: [INFO:nfc_ncif.cc(760)] NFC received rsp gid:1
12-02 04:21:45.125   853 12835 D NxpTml  : PN54X - Read requested.....
12-02 04:21:45.125  4222 12832 I libnfc_nci: [INFO:nfa_dm_act.cc(299)] NFC_SET_ROUTING_REVT(0x500a)
12-02 04:21:45.125   853 12835 D NxpTml  : PN54X - Invoking I2C Read.....
12-02 04:21:45.125  4222 12832 I libnfc_nci: [INFO:nfa_ee_main.cc(411)] nfa_ee_proc_evt: event=0x500a int_event:0x21b
12-02 04:21:45.126  4222 12832 I libnfc_nci: [INFO:nfa_ee_main.cc(738)] Event NCI_WAIT_RSP(0x21b), State: INIT_DONE(1)
12-02 04:21:45.126  4222 12832 I libnfc_nci: [INFO:nfa_ee_act.cc(3204)] nfa_ee_nci_wait_rsp() ee_wait_evt:0x30 wait_rsp:1 p_rsp->opcode : 1
12-02 04:21:45.126  4222 12832 I libnfc_nci: [INFO:nfa_ee_act.cc(3178)] nfa_ee_report_update_evt ee_wait_evt:0x30 wait_rsp:0
12-02 04:21:45.126  4222 12832 I libnfc_nci: [INFO:RoutingManager.cpp(2174)] RoutingManager::nfaEeCallback: NFA_EE_UPDATED_EVT
12-02 04:21:45.128  4222  4222 I libnfc_nci: [INFO:NativeNfcManager.cpp(4539)] startRfDiscovery: is start=1
12-02 04:21:45.129  4222  4222 I libnfc_nci: [INFO:NativeNfcTag.cpp(2694)] nativeNfcTag_acquireRfInterfaceMutexLock: try to acquire lock
12-02 04:21:45.129  4222  4222 I libnfc_nci: [INFO:NativeNfcTag.cpp(2697)] nativeNfcTag_acquireRfInterfaceMutexLock: sRfInterfaceMutex lock
12-02 04:21:45.129  4222  4222 I libnfc_nci: [INFO:nfa_dm_api.cc(835)] NFA_StartRfDiscovery
12-02 04:21:45.129  4222 12832 I libnfc_nci: [INFO:nfa_sys_main.cc(78)] NFA got event 0x0110
