12-02 04:21:44.339   853 12835 D NxpTml  : PN54X - Posting read message.....
12-02 04:21:44.340   853 12835 D NxpNciR : len =   5 <= 4002020500
12-02 04:21:44.340   853 12838 D NxpHal  : read successful status = 0x0
12-02 04:21:44.340   853 12838 D NxpHal  : phNxpNciHal_print_res_status: response status =STATUS_SYNTAX_ERROR
12-02 04:21:44.340   853 12838 W NxpHal  : Invalid Data from config file.
12-02 04:21:44.341   853   853 D NxpHal  : Response timer stopped
12-02 04:21:44.341   853   853 E NxpHal  : nxpncihal_ctrl.ext_cb_data.status 0x0
12-02 04:21:44.341   853   853 D NxpHal  : Checking response
12-02 04:21:44.341   853   853 D NxpHal  : Performing NAME_NXP_CORE_CONF Settings
12-02 04:21:44.342   853   853 D NxpExtns: find found NXP_CORE_CONF= 4(
12-02 04:21:44.342   853   853 D android.hardware.nfc@1.2-service: sem_timedwait() succeeded
12-02 04:21:44.342   853 12835 D NxpTml  : PN54X - Read requested.....
12-02 04:21:44.342   853 12836 D NxpTml  : PN54X - Write requested.....
12-02 04:21:44.342   853 12835 D NxpTml  : PN54X - Invoking I2C Read.....
12-02 04:21:44.342   853 12836 D NxpTml  : PN54X - Invoking I2C Write.....
12-02 04:21:44.346   853 12836 D NxpNciX : len =  55 => 200234102801002101003001083101033201603801013304010203045401065001025B010080010181010182010E180101680101850101
12-02 04:21:44.346   853 12836 D NxpTml  : PN54X - I2C Write successful.....
12-02 04:21:44.346   853 12836 D NxpTml  : PN54X - Posting Fresh Write message.....
12-02 04:21:44.346   853 12836 D NxpTml  : PN54X - Tml Writer Thread Running................
12-02 04:21:44.346   853 12838 D NxpHal  : write successful status = 0x0
12-02 04:21:44.347   853   853 D NxpHal  : Response timer started
12-02 04:21:44.347   853   853 D NxpHal  : Waiting after ext cmd sent
12-02 04:21:44.353   853 12835 D NxpTml  : PN54X - I2C Read successful.....len = 5
12-02 04:21:44.353   853 12835 D NxpTml  : PN54X - Posting read message.....
12-02 04:21:44.353   853 12835 D NxpNciR : len =   5 <= 4002020000
12-02 04:21:44.354   853 12838 D NxpHal  : read successful status = 0x0
12-02 04:21:44.354   853 12838 D NxpHal  : phNxpNciHal_print_res_status: response status =STATUS_OK
12-02 04:21:44.354   853   853 D NxpHal  : Response timer stopped
12-02 04:21:44.354   853 12835 D NxpTml  : PN54X - Read requested.....
12-02 04:21:44.355   853   853 E NxpHal  : nxpncihal_ctrl.ext_cb_data.status 0x0
12-02 04:21:44.355   853 12835 D NxpTml  : PN54X - Invoking I2C Read.....
12-02 04:21:44.355   853   853 D NxpHal  : Checking response
12-02 04:21:44.355   853   853 D NxpHal  : request_EEPROM Enter  request_type : 0x07,  request_mode : 0x01,  bufflen : 0x01
12-02 04:21:44.355   853   853 D android.hardware.nfc@1.2-service: sem_timedwait() succeeded
12-02 04:21:44.355   853 12836 D NxpTml  : PN54X - Write requested.....
12-02 04:21:44.356   853 12836 D NxpTml  : PN54X - Invoking I2C Write.....
12-02 04:21:44.357   853 12835 D NxpTml  : PN54X - I2C Read successful.....len = 9
12-02 04:21:44.358   853 12835 D NxpTml  : Delay Read if write thread is busy
12-02 04:21:44.358   853 12836 D NxpNciX : len =   6 => 20030301A0EC
12-02 04:21:44.358   853 12836 D NxpTml  : PN54X - I2C Write successful.....
12-02 04:21:44.358   853 12836 D NxpTml  : PN54X - Posting Fresh Write message.....
12-02 04:21:44.359   853 12836 D NxpTml  : PN54X - Tml Writer Thread Running................
12-02 04:21:44.359   853 12838 D NxpHal  : write successful status = 0x0
12-02 04:21:44.359   853   853 D NxpHal  : Response timer started
12-02 04:21:44.360   853   853 D NxpHal  : Waiting after ext cmd sent
12-02 04:21:44.360   853 12835 D NxpTml  : PN54X - Posting read message.....
12-02 04:21:44.360   853 12835 D NxpNciR : len =   9 <= 4003060001A0EC0101
12-02 04:21:44.361   853 12838 D NxpHal  : read successful status = 0x0
12-02 04:21:44.362   853 12838 D NxpHal  : phNxpNciHal_print_res_status: response status =STATUS_OK
12-02 04:21:44.362   853   853 D NxpHal  : Response timer stopped
12-02 04:21:44.362   853 12835 D NxpTml  : PN54X - Read requested.....
12-02 04:21:44.362   853 12835 D NxpTml  : PN54X - Invoking I2C Read.....
12-02 04:21:44.362   853   853 E NxpHal  : nxpncihal_ctrl.ext_cb_data.status 0x0
12-02 04:21:44.364   853   853 D NxpHal  : Checking response
12-02 04:21:44.364   853   853 D NxpHal  : request_EEPROM Enter  request_type : 0x08,  request_mode : 0x01,  bufflen : 0x01
12-02 04:21:44.364   853   853 D android.hardware.nfc@1.2-service: sem_timedwait() succeeded
12-02 04:21:44.365   853 12836 D NxpTml  : PN54X - Write requested.....
12-02 04:21:44.365   853 12836 D NxpTml  : PN54X - Invoking I2C Write.....
12-02 04:21:44.367   853 12836 D NxpNciX : len =   6 => 20030301A0D4
12-02 04:21:44.367   853 12836 D NxpTml  : PN54X - I2C Write successful.....
12-02 04:21:44.367   853 12836 D NxpTml  : PN54X - Posting Fresh Write message.....
12-02 04:21:44.367   853 12835 D NxpTml  : PN54X - I2C Read successful.....len = 9
12-02 04:21:44.368   853 12836 D NxpTml  : PN54X - Tml Writer Thread Running................
12-02 04:21:44.368   853 12838 D NxpHal  : write successful status = 0x0
12-02 04:21:44.368   853 12835 D NxpTml  : PN54X - Posting read message.....
12-02 04:21:44.368   853 12835 D NxpNciR : len =   9 <= 4003060001A0D40101
12-02 04:21:44.368   853   853 D NxpHal  : Response timer started
12-02 04:21:44.368   853 12838 D NxpHal  : read successful status = 0x0
12-02 04:21:44.368   853 12838 D NxpHal  : phNxpNciHal_print_res_status: response status =STATUS_OK
12-02 04:21:44.368   853   853 D NxpHal  : Waiting after ext cmd sent
12-02 04:21:44.369   853   853 D NxpHal  : Response timer stopped
12-02 04:21:44.369   853 12835 D NxpTml  : PN54X - Read requested.....
12-02 04:21:44.369   853 12835 D NxpTml  : PN54X - Invoking I2C Read.....
12-02 04:21:44.369   853   853 E NxpHal  : nxpncihal_ctrl.ext_cb_data.status 0x0
12-02 04:21:44.369   853   853 D NxpHal  : Checking response
12-02 04:21:44.369   853   853 D NxpHal  : request_EEPROM Enter  request_type : 0x00,  request_mode : 0x02,  bufflen : 0x02
12-02 04:21:44.370   853   853 D android.hardware.nfc@1.2-service: sem_timedwait() succeeded
12-02 04:21:44.370   853 12836 D NxpTml  : PN54X - Write requested.....
12-02 04:21:44.370   853 12836 D NxpTml  : PN54X - Invoking I2C Write.....
12-02 04:21:44.372   853 12836 D NxpNciX : len =   6 => 20030301A014
12-02 04:21:44.372   853 12836 D NxpTml  : PN54X - I2C Write successful.....
12-02 04:21:44.373   853 12836 D NxpTml  : PN54X - Posting Fresh Write message.....
12-02 04:21:44.373   853 12835 D NxpTml  : PN54X - I2C Read successful.....len = 40
12-02 04:21:44.373   853 12836 D NxpTml  : PN54X - Tml Writer Thread Running................
12-02 04:21:44.373   853 12835 D NxpTml  : PN54X - Posting read message.....
12-02 04:21:44.373   853 12838 D NxpHal  : write successful status = 0x0
12-02 04:21:44.373   853 12835 D NxpNciR : len =  40 <= 4003250001A014200101000000000000000000000000000000000000000000000000000000000000
12-02 04:21:44.374   853 12838 D NxpHal  : read successful status = 0x0
12-02 04:21:44.374   853 12838 D NxpHal  : phNxpNciHal_print_res_status: response status =STATUS_OK
12-02 04:21:44.374   853   853 D NxpHal  : Response timer started
12-02 04:21:44.374   853   853 D NxpHal  : Waiting after ext cmd sent
12-02 04:21:44.374   853 12835 D NxpTml  : PN54X - Read requested.....
12-02 04:21:44.374   853   853 D NxpHal  : Response timer stopped
12-02 04:21:44.374   853 12835 D NxpTml  : PN54X - Invoking I2C Read.....
12-02 04:21:44.375   853   853 E NxpHal  : nxpncihal_ctrl.ext_cb_data.status 0x0
12-02 04:21:44.375   853   853 D NxpHal  : Checking response
12-02 04:21:44.375   853   853 D android.hardware.nfc@1.2-service: request_EEPROM: values are same no update required
12-02 04:21:44.375   853   853 D NxpHal  : Setting value 1 1
12-02 04:21:44.375   853   853 D NxpExtns: find found NXP_CORE_RF_FIELD= b
12-02 04:21:44.376   853   853 D android.hardware.nfc@1.2-service: sem_timedwait() succeeded
12-02 04:21:44.376   853 12836 D NxpTml  : PN54X - Write requested.....
12-02 04:21:44.376   853 12836 D NxpTml  : PN54X - Invoking I2C Write.....
12-02 04:21:44.379   853 12836 D NxpNciX : len =   8 => 20020501A0620100
12-02 04:21:44.379   853 12836 D NxpTml  : PN54X - I2C Write successful.....
12-02 04:21:44.379   853 12836 D NxpTml  : PN54X - Posting Fresh Write message.....
12-02 04:21:44.379   853 12836 D NxpTml  : PN54X - Tml Writer Thread Running................
12-02 04:21:44.380   853 12835 D NxpTml  : PN54X - I2C Read successful.....len = 5
12-02 04:21:44.380   853 12835 D NxpTml  : Delay Read if write thread is busy
12-02 04:21:44.380   853 12838 D NxpHal  : write successful status = 0x0
12-02 04:21:44.380   853   853 D NxpHal  : Response timer started
12-02 04:21:44.381   853   853 D NxpHal  : Waiting after ext cmd sent
12-02 04:21:44.382   853 12835 D NxpTml  : PN54X - Posting read message.....
12-02 04:21:44.382   853 12835 D NxpNciR : len =   5 <= 4002020000
12-02 04:21:44.383   853 12838 D NxpHal  : read successful status = 0x0
12-02 04:21:44.383   853 12838 D NxpHal  : phNxpNciHal_print_res_status: response status =STATUS_OK
12-02 04:21:44.383   853   853 D NxpHal  : Response timer stopped
12-02 04:21:44.383   853 12835 D NxpTml  : PN54X - Read requested.....
12-02 04:21:44.383   853   853 E NxpHal  : nxpncihal_ctrl.ext_cb_data.status 0x0
12-02 04:21:44.383   853 12835 D NxpTml  : PN54X - Invoking I2C Read.....
12-02 04:21:44.384   853   853 D NxpHal  : Checking response
12-02 04:21:44.384   853   853 D NxpHal  : phNxpNciHal_CheckRFCmdRespStatus () Enter
12-02 04:21:44.384   853   853 D NxpExtns: find found NXP_SWP_SWITCH_TIMEOUT=(0xa)
12-02 04:21:44.384   853   853 D android.hardware.nfc@1.2-service: sem_timedwait() succeeded
12-02 04:21:44.385   853 12836 D NxpTml  : PN54X - Write requested.....
12-02 04:21:44.385   853 12836 D NxpTml  : PN54X - Invoking I2C Write.....
12-02 04:21:44.387   853 12835 D NxpTml  : PN54X - I2C Read successful.....len = 5
12-02 04:21:44.387   853 12836 D NxpNciX : len =   9 => 20020601A0F3021027
12-02 04:21:44.387   853 12835 D NxpTml  : Delay Read if write thread is busy
12-02 04:21:44.387   853 12836 D NxpTml  : PN54X - I2C Write successful.....
12-02 04:21:44.387   853 12836 D NxpTml  : PN54X - Posting Fresh Write message.....
12-02 04:21:44.387   853 12836 D NxpTml  : PN54X - Tml Writer Thread Running................
12-02 04:21:44.387   853 12838 D NxpHal  : write successful status = 0x0
12-02 04:21:44.388   853   853 D NxpHal  : Response timer started
12-02 04:21:44.388   853   853 D NxpHal  : Waiting after ext cmd sent
12-02 04:21:44.389   853 12835 D NxpTml  : PN54X - Posting read message.....
12-02 04:21:44.389   853 12835 D NxpNciR : len =   5 <= 4002020000
12-02 04:21:44.390   853 12838 D NxpHal  : read successful status = 0x0
12-02 04:21:44.390   853 12838 D NxpHal  : phNxpNciHal_print_res_status: response status =STATUS_OK
12-02 04:21:44.390   853   853 D NxpHal  : Response timer stopped
12-02 04:21:44.390   853 12835 D NxpTml  : PN54X - Read requested.....
12-02 04:21:44.391   853 12835 D NxpTml  : PN54X - Invoking I2C Read.....
12-02 04:21:44.391   853   853 E NxpHal  : nxpncihal_ctrl.ext_cb_data.status 0x0
12-02 04:21:44.391   853   853 D NxpHal  : Checking response
12-02 04:21:44.391   853   853 D NxpHal  : phNxpNciHal_set_china_region_configs - Enter
12-02 04:21:44.391   853   853 D android.hardware.nfc@1.2-service: sem_timedwait() succeeded
12-02 04:21:44.392   853 12836 D NxpTml  : PN54X - Write requested.....
12-02 04:21:44.392   853 12836 D NxpTml  : PN54X - Invoking I2C Write.....
12-02 04:21:44.394   853 12835 D NxpTml  : PN54X - I2C Read successful.....len = 12
12-02 04:21:44.394   853 12836 D NxpNciX : len =   6 => 20030301A085
12-02 04:21:44.394   853 12835 D NxpTml  : Delay Read if write thread is busy
12-02 04:21:44.394   853 12836 D NxpTml  : PN54X - I2C Write successful.....
12-02 04:21:44.394   853 12836 D NxpTml  : PN54X - Posting Fresh Write message.....
12-02 04:21:44.394   853 12836 D NxpTml  : PN54X - Tml Writer Thread Running................
12-02 04:21:44.395   853 12838 D NxpHal  : write successful status = 0x0
12-02 04:21:44.395   853   853 D NxpHal  : Response timer started
12-02 04:21:44.395   853   853 D NxpHal  : Waiting after ext cmd sent
12-02 04:21:44.396   853 12835 D NxpTml  : PN54X - Posting read message.....
12-02 04:21:44.397   853 12835 D NxpNciR : len =  12 <= 4003090001A085045008283C
12-02 04:21:44.397   853 12838 D NxpHal  : read successful status = 0x0
12-02 04:21:44.397   853 12838 D NxpHal  : phNxpNciHal_print_res_status: response status =STATUS_OK
12-02 04:21:44.398   853   853 D NxpHal  : Response timer stopped
12-02 04:21:44.398   853 12835 D NxpTml  : PN54X - Read requested.....
12-02 04:21:44.398   853   853 E NxpHal  : nxpncihal_ctrl.ext_cb_data.status 0x0
12-02 04:21:44.398   853 12835 D NxpTml  : PN54X - Invoking I2C Read.....
12-02 04:21:44.398   853   853 D NxpHal  : Checking response
12-02 04:21:44.398   853   853 D NxpExtns: find found NXP_CHINA_TIANJIN_RF_ENABLED=(0x1)
12-02 04:21:44.399   853   853 D NxpExtns: find found NXP_CN_TRANSIT_BLK_NUM_CHECK_ENABLE=(0x1)
12-02 04:21:44.399   853   853 D NxpExtns: find found NXP_CN_TRANSIT_CMA_BYPASSMODE_ENABLE=(0x0)
12-02 04:21:44.399   853   853 D NxpExtns: find found NXP_SWP_FULL_PWR_ON=(0x0)
12-02 04:21:44.399   853   853 D android.hardware.nfc@1.2-service: sem_timedwait() succeeded
12-02 04:21:44.399   853 12836 D NxpTml  : PN54X - Write requested.....
12-02 04:21:44.400   853 12836 D NxpTml  : PN54X - Invoking I2C Write.....
12-02 04:21:44.402   853 12836 D NxpNciX : len =   8 => 20020501A0F10100
12-02 04:21:44.402   853 12835 D NxpTml  : PN54X - I2C Read successful.....len = 5
12-02 04:21:44.402   853 12836 D NxpTml  : PN54X - I2C Write successful.....
12-02 04:21:44.402   853 12835 D NxpTml  : Delay Read if write thread is busy
12-02 04:21:44.402   853 12836 D NxpTml  : PN54X - Posting Fresh Write message.....
12-02 04:21:44.402   853 12836 D NxpTml  : PN54X - Tml Writer Thread Running................
12-02 04:21:44.402   853 12838 D NxpHal  : write successful status = 0x0
12-02 04:21:44.403   853   853 D NxpHal  : Response timer started
12-02 04:21:44.403   853   853 D NxpHal  : Waiting after ext cmd sent
12-02 04:21:44.404   853 12835 D NxpTml  : PN54X - Posting read message.....
12-02 04:21:44.405   853 12835 D NxpNciR : len =   5 <= 4002020000
12-02 04:21:44.405   853 12838 D NxpHal  : read successful status = 0x0
12-02 04:21:44.405   853 12838 D NxpHal  : phNxpNciHal_print_res_status: response status =STATUS_OK
12-02 04:21:44.406   853   853 D NxpHal  : Response timer stopped
12-02 04:21:44.406   853 12835 D NxpTml  : PN54X - Read requested.....
12-02 04:21:44.406   853 12835 D NxpTml  : PN54X - Invoking I2C Read.....
12-02 04:21:44.406   853   853 E NxpHal  : nxpncihal_ctrl.ext_cb_data.status 0x0
12-02 04:21:44.406   853   853 D NxpHal  : Checking response
12-02 04:21:44.406   853   853 D android.hardware.nfc@1.2-service: sem_timedwait() succeeded
12-02 04:21:44.406   853 12836 D NxpTml  : PN54X - Write requested.....
12-02 04:21:44.407   853 12836 D NxpTml  : PN54X - Invoking I2C Write.....
12-02 04:21:44.408   853 12836 D NxpNciX : len =   4 => 20000100
12-02 04:21:44.409   853 12836 D NxpTml  : PN54X - I2C Write successful.....
12-02 04:21:44.409   853 12836 D NxpTml  : PN54X - Posting Fresh Write message.....
12-02 04:21:44.409   853 12836 D NxpTml  : PN54X - Tml Writer Thread Running................
12-02 04:21:44.410   853 12838 D NxpHal  : write successful status = 0x0
12-02 04:21:44.410   853   853 D NxpHal  : Response timer started
12-02 04:21:44.410   853   853 D NxpHal  : Waiting after ext cmd sent
12-02 04:21:44.411   853 12835 D NxpTml  : PN54X - I2C Read successful.....len = 4
12-02 04:21:44.411   853 12835 D NxpTml  : PN54X - Posting read message.....
12-02 04:21:44.411   853 12835 D NxpNciR : len =   4 <= 40000100
12-02 04:21:44.412   853 12838 D NxpHal  : read successful status = 0x0
12-02 04:21:44.412   853 12838 D NxpHal  : CORE_RESET_RSP NCI2.0
12-02 04:21:44.412   853 12835 D NxpTml  : PN54X - Read requested.....
12-02 04:21:44.413   853   853 D NxpHal  : Response timer stopped
12-02 04:21:44.413   853 12835 D NxpTml  : PN54X - Invoking I2C Read.....
12-02 04:21:44.413   853   853 D NxpHal  : Response timer started
12-02 04:21:44.414   853 12835 D NxpTml  : PN54X - I2C Read successful.....len = 12
12-02 04:21:44.415   853 12835 D NxpTml  : PN54X - Posting read message.....
12-02 04:21:44.415   853 12835 D NxpNciR : len =  12 <= 600009020020040441120104
12-02 04:21:44.415   853 12838 D NxpHal  : read successful status = 0x0
12-02 04:21:44.415   853 12838 D NxpHal  : CORE_RESET_NTF NCI2.0 reason CORE_RESET_CMD received !
12-02 04:21:44.416   853 12838 D android.hardware.nfc@1.2-service: getChipType HwVersion : 0x41
12-02 04:21:44.416   853 12838 D android.hardware.nfc@1.2-service: getChipType NxpNci > Product : PN557
12-02 04:21:44.416   853 12838 D NxpHal  : NFC_GetFeatureList ()chipType = 9
12-02 04:21:44.416   853 12838 D NxpHal  : NxpNci> FW Version: 12.1.4
12-02 04:21:44.417   853   853 D NxpHal  : Response timer stopped
12-02 04:21:44.417   853 12835 D NxpTml  : PN54X - Read requested.....
12-02 04:21:44.417   853 12835 D NxpTml  : PN54X - Invoking I2C Read.....
12-02 04:21:44.417   853   853 E NxpHal  : nxpncihal_ctrl.ext_cb_data.status 0x0
12-02 04:21:44.418   853   853 D NxpHal  : Checking response
12-02 04:21:44.418   853   853 D android.hardware.nfc@1.2-service: sem_timedwait() succeeded
12-02 04:21:44.418   853 12836 D NxpTml  : PN54X - Write requested.....
12-02 04:21:44.418   853 12836 D NxpTml  : PN54X - Invoking I2C Write.....
12-02 04:21:44.420   853 12836 D NxpNciX : len =   5 => 2001020000
12-02 04:21:44.421   853 12836 D NxpTml  : PN54X - I2C Write successful.....
12-02 04:21:44.421   853 12836 D NxpTml  : PN54X - Posting Fresh Write message.....
12-02 04:21:44.421   853 12835 D NxpTml  : PN54X - I2C Read successful.....len = 33
12-02 04:21:44.421   853 12836 D NxpTml  : PN54X - Tml Writer Thread Running................
12-02 04:21:44.421   853 12838 D NxpHal  : write successful status = 0x0
12-02 04:21:44.421   853 12835 D NxpTml  : PN54X - Posting read message.....
12-02 04:21:44.421   853   853 D NxpHal  : Response timer started
12-02 04:21:44.422   853 12835 D NxpNciR : len =  33 <= 40011E001A7E0600015C03FFFF01FF000800000100020003008000820083008400
12-02 04:21:44.422   853   853 D NxpHal  : Waiting after ext cmd sent
12-02 04:21:44.422   853 12838 D NxpHal  : read successful status = 0x0
12-02 04:21:44.423   853 12838 D NxpHal  : CORE_INIT_RSP NCI2.0 received !
12-02 04:21:44.423   853 12838 D NxpHal  : CORE_INIT_RSP NCI2.0 received !
12-02 04:21:44.424   853   853 D NxpHal  : Response timer stopped
12-02 04:21:44.424   853 12835 D NxpTml  : PN54X - Read requested.....
12-02 04:21:44.424   853   853 E NxpHal  : nxpncihal_ctrl.ext_cb_data.status 0x0
12-02 04:21:44.424   853 12835 D NxpTml  : PN54X - Invoking I2C Read.....
12-02 04:21:44.424   853   853 D NxpHal  : Checking response
12-02 04:21:44.424   853   853 D NxpHal  : phNxpNciHal_send_get_cfgs Enter
12-02 04:21:44.424   853   853 D android.hardware.nfc@1.2-service: sem_timedwait() succeeded
12-02 04:21:44.425   853 12836 D NxpTml  : PN54X - Write requested.....
12-02 04:21:44.425   853 12836 D NxpTml  : PN54X - Invoking I2C Write.....
12-02 04:21:44.427   853 12835 D NxpTml  : PN54X - I2C Read successful.....len = 9
12-02 04:21:44.427   853 12836 D NxpNciX : len =   5 => 2003020100
12-02 04:21:44.427   853 12835 D NxpTml  : Delay Read if write thread is busy
12-02 04:21:44.427   853 12836 D NxpTml  : PN54X - I2C Write successful.....
12-02 04:21:44.427   853 12836 D NxpTml  : PN54X - Posting Fresh Write message.....
12-02 04:21:44.428   853 12836 D NxpTml  : PN54X - Tml Writer Thread Running................
12-02 04:21:44.428   853 12838 D NxpHal  : write successful status = 0x0
12-02 04:21:44.429   853 12835 D NxpTml  : PN54X - Posting read message.....
12-02 04:21:44.429   853 12835 D NxpNciR : len =   9 <= 400306000100022C01
12-02 04:21:44.430   853   853 D NxpHal  : Response timer started
12-02 04:21:44.430   853 12838 D NxpHal  : read successful status = 0x0
12-02 04:21:44.430   853   853 D NxpHal  : Waiting after ext cmd sent
12-02 04:21:44.430   853 12838 D NxpHal  : phNxpNciHal_print_res_status: response status =STATUS_OK
12-02 04:21:44.430   853 12835 D NxpTml  : PN54X - Read requested.....
12-02 04:21:44.430   853   853 D NxpHal  : Response timer stopped
12-02 04:21:44.431   853 12835 D NxpTml  : PN54X - Invoking I2C Read.....
12-02 04:21:44.431   853   853 E NxpHal  : nxpncihal_ctrl.ext_cb_data.status 0x0
12-02 04:21:44.431   853   853 D NxpHal  : Checking response
12-02 04:21:44.431   853   853 D android.hardware.nfc@1.2-service: sem_timedwait() succeeded
12-02 04:21:44.432   853 12836 D NxpTml  : PN54X - Write requested.....
12-02 04:21:44.432   853 12836 D NxpTml  : PN54X - Invoking I2C Write.....
12-02 04:21:44.434   853 12836 D NxpNciX : len =   5 => 2003020129
12-02 04:21:44.434   853 12836 D NxpTml  : PN54X - I2C Write successful.....
12-02 04:21:44.434   853 12836 D NxpTml  : PN54X - Posting Fresh Write message.....
12-02 04:21:44.434   853 12835 D NxpTml  : PN54X - I2C Read successful.....len = 27
12-02 04:21:44.434   853 12836 D NxpTml  : PN54X - Tml Writer Thread Running................
12-02 04:21:44.434   853 12838 D NxpHal  : write successful status = 0x0
12-02 04:21:44.434   853 12835 D NxpTml  : PN54X - Posting read message.....
12-02 04:21:44.435   853 12835 D NxpNciR : len =  27 <= 4003180001291446666D010112020207FF03020003040164070103
12-02 04:21:44.435   853   853 D NxpHal  : Response timer started
12-02 04:21:44.435   853   853 D NxpHal  : Waiting after ext cmd sent
12-02 04:21:44.435   853 12838 D NxpHal  : read successful status = 0x0
12-02 04:21:44.435   853 12838 D NxpHal  : phNxpNciHal_print_res_status: response status =STATUS_OK
12-02 04:21:44.436   853   853 D NxpHal  : Response timer stopped
12-02 04:21:44.436   853   853 E NxpHal  : nxpncihal_ctrl.ext_cb_data.status 0x0
12-02 04:21:44.436   853   853 D NxpHal  : Checking response
12-02 04:21:44.436   853 12835 D NxpTml  : PN54X - Read requested.....
12-02 04:21:44.436   853   853 D android.hardware.nfc@1.2-service: sem_timedwait() succeeded
12-02 04:21:44.436   853 12835 D NxpTml  : PN54X - Invoking I2C Read.....
12-02 04:21:44.436   853 12836 D NxpTml  : PN54X - Write requested.....
12-02 04:21:44.437   853 12836 D NxpTml  : PN54X - Invoking I2C Write.....
12-02 04:21:44.438   853 12835 D NxpTml  : PN54X - I2C Read successful.....len = 7
12-02 04:21:44.439   853 12835 D NxpTml  : Delay Read if write thread is busy
12-02 04:21:44.439   853 12836 D NxpNciX : len =   5 => 2003020161
12-02 04:21:44.439   853 12836 D NxpTml  : PN54X - I2C Write successful.....
12-02 04:21:44.439   853 12836 D NxpTml  : PN54X - Posting Fresh Write message.....
12-02 04:21:44.439   853 12836 D NxpTml  : PN54X - Tml Writer Thread Running................
12-02 04:21:44.439   853 12838 D NxpHal  : write successful status = 0x0
12-02 04:21:44.440   853   853 D NxpHal  : Response timer started
12-02 04:21:44.440   853   853 D NxpHal  : Waiting after ext cmd sent
12-02 04:21:44.441   853 12835 D NxpTml  : PN54X - Posting read message.....
12-02 04:21:44.441   853 12835 D NxpNciR : len =   7 <= 40030400016100
12-02 04:21:44.442   853 12838 D NxpHal  : read successful status = 0x0
12-02 04:21:44.442   853 12838 D NxpHal  : phNxpNciHal_print_res_status: response status =STATUS_OK
12-02 04:21:44.442   853   853 D NxpHal  : Response timer stopped
12-02 04:21:44.442   853 12835 D NxpTml  : PN54X - Read requested.....
12-02 04:21:44.443   853 12835 D NxpTml  : PN54X - Invoking I2C Read.....
12-02 04:21:44.443   853   853 E NxpHal  : nxpncihal_ctrl.ext_cb_data.status 0x0
12-02 04:21:44.443   853   853 D NxpHal  : Checking response
12-02 04:21:44.443   853   853 D android.hardware.nfc@1.2-service: sem_timedwait() succeeded
12-02 04:21:44.443   853 12836 D NxpTml  : PN54X - Write requested.....
12-02 04:21:44.444   853 12836 D NxpTml  : PN54X - Invoking I2C Write.....
12-02 04:21:44.445   853 12835 D NxpTml  : PN54X - I2C Read successful.....len = 8
12-02 04:21:44.445   853 12835 D NxpTml  : Delay Read if write thread is busy
12-02 04:21:44.446   853 12836 D NxpNciX : len =   5 => 2003020160
12-02 04:21:44.447   853 12836 D NxpTml  : PN54X - I2C Write successful.....
12-02 04:21:44.447   853 12836 D NxpTml  : PN54X - Posting Fresh Write message.....
12-02 04:21:44.447   853 12836 D NxpTml  : PN54X - Tml Writer Thread Running................
12-02 04:21:44.447   853 12838 D NxpHal  : write successful status = 0x0
12-02 04:21:44.447   853   853 D NxpHal  : Response timer started
12-02 04:21:44.447   853   853 D NxpHal  : Waiting after ext cmd sent
12-02 04:21:44.448   853 12835 D NxpTml  : PN54X - Posting read message.....
12-02 04:21:44.448   853 12835 D NxpNciR : len =   8 <= 400305000160010A
12-02 04:21:44.448   853 12838 D NxpHal  : read successful status = 0x0
12-02 04:21:44.449   853 12838 D NxpHal  : phNxpNciHal_print_res_status: response status =STATUS_OK
12-02 04:21:44.449   853   853 D NxpHal  : Response timer stopped
12-02 04:21:44.449   853 12835 D NxpTml  : PN54X - Read requested.....
12-02 04:21:44.449   853   853 E NxpHal  : nxpncihal_ctrl.ext_cb_data.status 0x0
12-02 04:21:44.449   853 12835 D NxpTml  : PN54X - Invoking I2C Read.....
12-02 04:21:44.449   853   853 D NxpHal  : Checking response
12-02 04:21:44.450   853   853 E NxpHal  : Send get Configs SUCCESS
12-02 04:21:44.450   853   853 D NxpExtns: find found NXP_NCI_PARSER_LIBRARY=(0x0)
12-02 04:21:44.450  4222  4282 I libnfc_nci: [INFO:nfc_main.cc(722)] nfc_main_hal_cback event: HAL_NFC_POST_INIT_CPLT_EVT(0x2), status=0
12-02 04:21:44.451   853   853 D android.hardware.nfc@1.2-service: ret RF or Transit value 1
12-02 04:21:44.451   853   853 E android.hardware.nfc@1.2-service: resetModified Unable to open file '/data/vendor/nfc/libnfc-nxpConfigState.bin' for writing
12-02 04:21:44.452   853   853 E android.hardware.nfc@1.2-service: resetModified Unable to open file '/data/vendor/nfc/libnfc-nxpRFConfigState.bin' for writing
12-02 04:21:44.452   853   853 E android.hardware.nfc@1.2-service: resetModified Unable to open file '/data/vendor/nfc/libnfc-nxpTransitConfigState.bin' for writing
12-02 04:21:44.453  4222 12832 I libnfc_nci: [INFO:nfc_main.cc(503)] nfc_main_handle_hal_evt(): HAL event=0x2
12-02 04:21:44.453  4222 12832 I libnfc_nci: [INFO:nfc_main.cc(438)] nfc_set_state 3 (W4_POST_INIT_CPLT)->4 (IDLE)
12-02 04:21:44.453  4222 12832 I libnfc_nci: [INFO:nfc_utils.cc(106)] nfc_set_conn_id conn_id:0, handle:1
12-02 04:21:44.453  4222 12832 I libnfc_nci: [INFO:nfc_utils.cc(106)] nfc_set_conn_id conn_id:3, handle:4
12-02 04:21:44.454  4222 12832 I libnfc_nci: [INFO:nfc_main.cc(346)] hci num_buf=1 buf_size=255
12-02 04:21:44.454  4222 12832 I libnfc_nci: [INFO:nfc_main.cc(403)] nfc_cb.num_disc_maps = 3
12-02 04:21:44.454  4222 12832 I libnfc_nci: [INFO:nfc_main.cc(1073)] nci_interfaces supported by NFCC: 0xf num = 0x3
12-02 04:21:44.454  4222 12832 I libnfc_nci: [INFO:nfc_main.cc(1103)] [0]: intf_type:2 intf_mask: 0x4 is_supported:1
12-02 04:21:44.454  4222 12832 I libnfc_nci: [INFO:nfc_main.cc(1103)] [1]: intf_type:3 intf_mask: 0x8 is_supported:1
12-02 04:21:44.455  4222 12832 I libnfc_nci: [INFO:nfc_main.cc(1103)] [2]: intf_type:1 intf_mask: 0x2 is_supported:1
12-02 04:21:44.455  4222 12832 W libnfc_nci: [WARNING:nfc_main.cc(1123)] num_intf = 0x 3
12-02 04:21:44.455  4222 12832 W libnfc_nci: [WARNING:nfc_main.cc(1126)] max_maps[0].intf_type = 0x 2
12-02 04:21:44.455  4222 12832 W libnfc_nci: [WARNING:nfc_main.cc(1128)] max_maps[0].mode = 0x 3
12-02 04:21:44.456  4222 12832 W libnfc_nci: [WARNING:nfc_main.cc(1129)] max_maps[0].protocol = 0x 4
12-02 04:21:44.456  4222 12832 W libnfc_nci: [WARNING:nfc_main.cc(1126)] max_maps[1].intf_type = 0x 3
12-02 04:21:44.456  4222 12832 W libnfc_nci: [WARNING:nfc_main.cc(1128)] max_maps[1].mode = 0x 3
12-02 04:21:44.456  4222 12832 W libnfc_nci: [WARNING:nfc_main.cc(1129)] max_maps[1].protocol = 0x 5
12-02 04:21:44.456  4222 12832 W libnfc_nci: [WARNING:nfc_main.cc(1126)] max_maps[2].intf_type = 0x 1
12-02 04:21:44.457  4222 12832 W libnfc_nci: [WARNING:nfc_main.cc(1128)] max_maps[2].mode = 0x 2
12-02 04:21:44.457  4222 12832 W libnfc_nci: [WARNING:nfc_main.cc(1129)] max_maps[2].protocol = 0x 3
12-02 04:21:44.458  4222 12832 W libnfc_nci: [WARNING:nfc_main.cc(1126)] max_maps[3].intf_type = 0x 0
12-02 04:21:44.458  4222 12832 W libnfc_nci: [WARNING:nfc_main.cc(1128)] max_maps[3].mode = 0x 0
12-02 04:21:44.458  4222 12832 W libnfc_nci: [WARNING:nfc_main.cc(1129)] max_maps[3].protocol = 0x 0
12-02 04:21:44.458  4222 12832 W libnfc_nci: [WARNING:nfc_main.cc(1126)] max_maps[4].intf_type = 0x 0
12-02 04:21:44.459  4222 12832 W libnfc_nci: [WARNING:nfc_main.cc(1128)] max_maps[4].mode = 0x 0
12-02 04:21:44.459  4222 12832 W libnfc_nci: [WARNING:nfc_main.cc(1129)] max_maps[4].protocol = 0x 0
12-02 04:21:44.459  4222 12832 W libnfc_nci: [WARNING:nfc_main.cc(1126)] max_maps[5].intf_type = 0x 0
12-02 04:21:44.459  4222 12832 W libnfc_nci: [WARNING:nfc_main.cc(1128)] max_maps[5].mode = 0x 0
12-02 04:21:44.459  4222 12832 W libnfc_nci: [WARNING:nfc_main.cc(1129)] max_maps[5].protocol = 0x 0
12-02 04:21:44.460  4222 12832 W libnfc_nci: [WARNING:nfc_main.cc(1126)] max_maps[6].intf_type = 0x 0
12-02 04:21:44.460  4222 12832 W libnfc_nci: [WARNING:nfc_main.cc(1128)] max_maps[6].mode = 0x 0
12-02 04:21:44.460  4222 12832 W libnfc_nci: [WARNING:nfc_main.cc(1129)] max_maps[6].protocol = 0x 0
12-02 04:21:44.460  4222 12832 W libnfc_nci: [WARNING:nfc_main.cc(1126)] max_maps[7].intf_type = 0x 0
12-02 04:21:44.460  4222 12832 W libnfc_nci: [WARNING:nfc_main.cc(1128)] max_maps[7].mode = 0x 0
12-02 04:21:44.461  4222 12832 W libnfc_nci: [WARNING:nfc_main.cc(1129)] max_maps[7].protocol = 0x 0
12-02 04:21:44.461  4222 12832 I libnfc_nci: [INFO:nfc_ncif.cc(676)] nfc_ncif_send_cmd()
12-02 04:21:44.461  4222 12832 I libnfc_nci: [INFO:nfc_ncif.cc(550)] nfc_ncif_check_cmd_queue : Writing to HAL...
12-02 04:21:44.461  4222 12832 I libnfc_nci: [INFO:nfc_ncif.cc(557)] nfc_ncif_check_cmd_queue : cmd_size:10
12-02 04:21:44.462  4222 12832 I libnfc_nci: [INFO:NfcAdaptation.cc(901)] NfcAdaptation::HalWrite
12-02 04:21:44.462   853   853 D NxpHal  : Going through extns - Adding Mifare in RF Discovery
12-02 04:21:44.462   853   853 D NxpHal  : Going through extns - Adding Mifare in RF Discovery - END
12-02 04:21:44.462   853   853 D android.hardware.nfc@1.2-service: sem_timedwait() succeeded
12-02 04:21:44.463   853 12836 D NxpTml  : PN54X - Write requested.....
12-02 04:21:44.463   853 12836 D NxpTml  : PN54X - Invoking I2C Write.....
12-02 04:21:44.465   853 12836 D NxpNciX : len =  16 => 21000D04040302050303030201800180
12-02 04:21:44.465   853 12836 D NxpTml  : PN54X - I2C Write successful.....
12-02 04:21:44.466   853 12836 D NxpTml  : PN54X - Posting Fresh Write message.....
12-02 04:21:44.466   853 12836 D NxpTml  : PN54X - Tml Writer Thread Running................
12-02 04:21:44.466   853 12838 D NxpHal  : write successful status = 0x0
12-02 04:21:44.467  4222 12832 I libnfc_nci: [INFO:nfa_dm_act.cc(299)] NFC_ENABLE_REVT(0x5000)
12-02 04:21:44.467  4222 12832 I libnfc_nci: [INFO:NfcAdaptation.cc(1055)] NfcAdaptation::HalPowerCycle
12-02 04:21:44.467  4222 12832 I libnfc_nci: [INFO:nfa_sys_main.cc(235)] nfa_sys: enabling subsystems
12-02 04:21:44.467  4222 12832 I libnfc_nci: [INFO:nfa_ee_main.cc(160)] nfa_ee_sys_enable
12-02 04:21:44.468  4222 12832 I libnfc_nci: [INFO:nfa_ee_act.cc(1101)] nfa_ee_get_num_nfcee_configured 3
12-02 04:21:44.468  4222 12832 I libnfc_nci: [INFO:nfc_ncif.cc(676)] nfc_ncif_send_cmd()
12-02 04:21:44.468  4222 12832 I libnfc_nci: [INFO:nfc_ncif.cc(534)] nfc_ncif_check_cmd_queue : making p_buf NULL.
12-02 04:21:44.468  4222 12832 I libnfc_nci: [INFO:nfa_sys_ptim.cc(127)] nfa_sys_ptim_start_timer 0x736bf95460
12-02 04:21:44.468  4222 12832 I libnfc_nci: [INFO:nfa_sys_ptim.cc(131)] ptim timer start
12-02 04:21:44.447   853   853 W nfc@1.2-service: type=1400 audit(0.0:1176): avc: denied { search } for name="nfc" dev="dm-10" ino=280 scontext=u:r:hal_nfc_default:s0 tcontext=u:object_r:vendor_nfc_vendor_data_file:s0 tclass=dir permissive=0
12-02 04:21:44.469  4222 12832 I libnfc_nci: [INFO:nfa_sys_cback.cc(62)] nfa_sys_cback_notify_enable_complete () enable_cplt_flags=0x8, enable_cplt_mask=0x2ec
12-02 04:21:44.469  4222 12832 I libnfc_nci: [INFO:nfa_sys_cback.cc(62)] nfa_sys_cback_notify_enable_complete () enable_cplt_flags=0x28, enable_cplt_mask=0x2ec
12-02 04:21:44.469  4222 12832 I libnfc_nci: [INFO:nfa_sys_cback.cc(62)] nfa_sys_cback_notify_enable_complete () enable_cplt_flags=0x68, enable_cplt_mask=0x2ec
12-02 04:21:44.469  4222 12832 I libnfc_nci: [INFO:nfa_hci_main.cc(905)] nfa_hci_sys_enable ()
12-02 04:21:44.469  4222 12832 I libnfc_nci: [INFO:libmain.cc(106)] nfa_nv_co_read: buffer len=232; file=/data/nfc/nfaStorage.bin1
12-02 04:21:44.470  4222 12832 I libnfc_nci: [INFO:libmain.cc(119)] nfa_nv_co_read: data size=232
12-02 04:21:44.470  4222 12832 I libnfc_nci: [INFO:nfa_sys_ptim.cc(127)] nfa_sys_ptim_start_timer 0x736bf95588
12-02 04:21:44.470  4222 12832 I libnfc_nci: [INFO:nfa_sys_cback.cc(62)] nfa_sys_cback_notify_enable_complete () enable_cplt_flags=0x268, enable_cplt_mask=0x2ec
12-02 04:21:44.470  4222 12832 I libnfc_nci: [INFO:NfcAdaptation.cc(1600)] NfcAdaptation::HalGetCachedNfccConfig : Enter
12-02 04:21:44.471   853 12835 D NxpTml  : PN54X - I2C Read successful.....len = 4
12-02 04:21:44.471   853   853 D android.hardware.nfc@1.2-service: NxpNfcLegacy::GetCachedNfccConfig Entry
12-02 04:21:44.471   853 12835 D NxpTml  : PN54X - Posting read message.....
12-02 04:21:44.471   853   853 D NxpHal  : phNxpNciHal_GetCachedNfccConfig Enter 
12-02 04:21:44.471   853 12835 D NxpNciR : len =   4 <= 41000100
12-02 04:21:44.471   853   853 D NxpHal  : phNxpNciHal_GetCachedNfccConfig Exit 
12-02 04:21:44.471   853 12838 D NxpHal  : read successful status = 0x0
12-02 04:21:44.472   853   853 D android.hardware.nfc@1.2-service: NxpNfcLegacy::GetCachedNfccConfig Exit
12-02 04:21:44.472  4222 12832 I libnfc_nci: [INFO:NfcAdaptation.cc(1575)] isGetcfg = 0
12-02 04:21:44.473  4222 12832 I libnfc_nci: [INFO:NfcAdaptation.cc(1576)] total_duration = 44
12-02 04:21:44.473   853 12835 D NxpTml  : PN54X - Read requested.....
12-02 04:21:44.473   853 12835 D NxpTml  : PN54X - Invoking I2C Read.....
12-02 04:21:44.474  4222 12832 I libnfc_nci: [INFO:NfcAdaptation.cc(1577)] total_duration_len = 2
12-02 04:21:44.474  4222 12832 I libnfc_nci: [INFO:NfcAdaptation.cc(1578)] atr_req_gen_bytes = 70
12-02 04:21:44.474  4222 12832 I libnfc_nci: [INFO:NfcAdaptation.cc(1579)] atr_req_gen_bytes_len = 20
12-02 04:21:44.475  4222 12832 I libnfc_nci: [INFO:NfcAdaptation.cc(1580)] atr_res_gen_bytes = 0
12-02 04:21:44.475  4222 12832 I libnfc_nci: [INFO:NfcAdaptation.cc(1581)] atr_res_gen_bytes_len = 0
12-02 04:21:44.475  4222 12832 I libnfc_nci: [INFO:NfcAdaptation.cc(1582)] pmid_wt = 10
12-02 04:21:44.475  4222 12832 I libnfc_nci: [INFO:NfcAdaptation.cc(1583)] pmid_wt_len = 1
12-02 04:21:44.476  4222 12832 I libnfc_nci: [INFO:NfcAdaptation.cc(1608)] NfcAdaptation::HalGetCachedNfccConfig : Exit
12-02 04:21:44.476  4222 12832 I libnfc_nci: [INFO:nfa_dm_main.cc(519)] nfa_dm_init_cfgs Enter
12-02 04:21:44.476  4222 12832 I libnfc_nci: [INFO:nfc_ncif.cc(760)] NFC received rsp gid:1
12-02 04:21:44.476  4222 12832 I libnfc_nci: [INFO:nfc_ncif.cc(550)] nfc_ncif_check_cmd_queue : Writing to HAL...
12-02 04:21:44.477  4222 12832 I libnfc_nci: [INFO:nfc_ncif.cc(557)] nfc_ncif_check_cmd_queue : cmd_size:0
12-02 04:21:44.477  4222 12832 I libnfc_nci: [INFO:NfcAdaptation.cc(901)] NfcAdaptation::HalWrite
12-02 04:21:44.477   853   853 D android.hardware.nfc@1.2-service: sem_timedwait() succeeded
12-02 04:21:44.478   853 12836 D NxpTml  : PN54X - Write requested.....
12-02 04:21:44.478   853 12836 D NxpTml  : PN54X - Invoking I2C Write.....
12-02 04:21:44.479   853 12835 D NxpTml  : PN54X - I2C Read successful.....len = 5
12-02 04:21:44.479   853 12835 D NxpTml  : Delay Read if write thread is busy
12-02 04:21:44.480   853 12836 D NxpNciX : len =   3 => 220000
12-02 04:21:44.480   853 12836 D NxpTml  : PN54X - I2C Write successful.....
12-02 04:21:44.480   853 12836 D NxpTml  : PN54X - Posting Fresh Write message.....
12-02 04:21:44.481   853 12836 D NxpTml  : PN54X - Tml Writer Thread Running................
12-02 04:21:44.481   853 12838 D NxpHal  : write successful status = 0x0
12-02 04:21:44.482  4222 12832 I libnfc_nci: [INFO:nfa_sys_main.cc(78)] NFA got event 0x011D
12-02 04:21:44.482  4222 12832 I libnfc_nci: [INFO:nfa_dm_main.cc(159)] event: Unknown or Vendor Specific (0x1d)
12-02 04:21:44.482   853 12835 D NxpTml  : PN54X - Posting read message.....
12-02 04:21:44.482   853 12835 D NxpNciR : len =   5 <= 4200020003
12-02 04:21:44.482  4222 12832 I libnfc_nci: [INFO:nfc_ncif.cc(534)] nfc_ncif_check_cmd_queue : making p_buf NULL.
12-02 04:21:44.482  4222 12832 I libnfc_nci: [INFO:nfa_sys_main.cc(78)] NFA got event 0x0711
12-02 04:21:44.482   853 12838 D NxpHal  : read successful status = 0x0
12-02 04:21:44.483  4222 12832 I libnfc_nci: [INFO:nfa_hci_main.cc(1823)] nfa_hci_evt_hdlr state: STARTUP (1) event: NV_READ_EVT (0x0711)
12-02 04:21:44.483  4222 12832 I libnfc_nci: [INFO:nfa_sys_ptim.cc(154)] nfa_sys_ptim_stop_timer 0x736bf95588
12-02 04:21:44.483  4222 12832 I libnfc_nci: [INFO:nfc_main.cc(1912)] NFC_updateHciInitStatus Enter :  start condition : 1
12-02 04:21:44.483  4222 12832 I libnfc_nci: [INFO:NfcAdaptation.cc(1551)] NfcAdaptation::HalHciInitUpdateState : Enter
12-02 04:21:44.484   853   853 D android.hardware.nfc@1.2-service: NxpNfcLegacy::hciInitUpdateState Entry
12-02 04:21:44.484   853 12835 D NxpTml  : PN54X - Read requested.....
12-02 04:21:44.484   853   853 D android.hardware.nfc@1.2-service: NxpNfcLegacy::hciInitUpdateState state == NFC_HCI_INIT_START
12-02 04:21:44.484   853 12835 D NxpTml  : PN54X - Invoking I2C Read.....
12-02 04:21:44.484   853   853 D NxpHal  : phNxpNciHal_hciInitUpdateState Enter 
12-02 04:21:44.484   853   853 D NxpHal  : phNxpNciHal_hciInitUpdateState value is 1: 
12-02 04:21:44.485   853   853 D EseHalClient: EseAdaptation::HalNfccNtf arg=18
12-02 04:21:44.485   853   853 D EseHalClient: EseAdaptation::HalNfccNtf Ioctl Completed for Type=0
12-02 04:21:44.485   853 12835 D NxpTml  : PN54X - I2C Read successful.....len = 11
12-02 04:21:44.485   853   853 D NxpHal  : phNxpNciHal_hciInitUpdateState Exit 
12-02 04:21:44.485   853 12835 D NxpTml  : PN54X - Posting read message.....
12-02 04:21:44.485   853   853 D android.hardware.nfc@1.2-service: NxpNfcLegacy::hciInitUpdateState Exit
12-02 04:21:44.485   853 12835 D NxpNciR : len =  11 <= 6200088001000103010200
12-02 04:21:44.486  4222 12832 I libnfc_nci: [INFO:NfcAdaptation.cc(1557)] NfcAdaptation::HalHciInitUpdateState : Exit
12-02 04:21:44.486  4222 12832 I libnfc_nci: [INFO:nfc_main.cc(1925)] NFC_updateHciInitStatus Exit :  updateStatus condition : 1
12-02 04:21:44.486  4222 12832 I libnfc_nci: [INFO:nfc_ncif.cc(760)] NFC received rsp gid:2
12-02 04:21:44.486  4222 12832 I libnfc_nci: [INFO:nci_hrcv.cc(350)] nci_proc_ee_management_rsp opcode:0x0
12-02 04:21:44.486  4222 12832 I libnfc_nci: [INFO:nfa_dm_act.cc(299)] NFC_NFCEE_DISCOVER_REVT(0x5004)
12-02 04:21:44.487  4222 12832 I libnfc_nci: [INFO:nfa_ee_main.cc(411)] nfa_ee_proc_evt: event=0x5004 int_event:0x211
12-02 04:21:44.487  4222 12832 I libnfc_nci: [INFO:nfa_ee_main.cc(738)] Event NCI_DISC_RSP(0x211), State: INIT(0)
12-02 04:21:44.487  4222 12832 I libnfc_nci: [INFO:nfa_ee_act.cc(2632)] nfa_ee_nci_disc_rsp() em_state:0 cur_ee:0, num_nfcee:3
12-02 04:21:44.487  4222 12832 I libnfc_nci: [INFO:nfa_ee_act.cc(2497)] nfa_ee_report_disc_done() em_state:0 num_ee_expecting:3 notify_enable_done:0
12-02 04:21:44.488  4222 12832 I libnfc_nci: [INFO:nfa_ee_act.cc(2684)] nfa_ee_nci_disc_rsp() em_state:0 cur_ee:0 num_ee_expecting:3
12-02 04:21:44.488  4222 12832 I libnfc_nci: [INFO:nfc_ncif.cc(550)] nfc_ncif_check_cmd_queue : Writing to HAL...
12-02 04:21:44.488  4222 12832 I libnfc_nci: [INFO:nfc_ncif.cc(557)] nfc_ncif_check_cmd_queue : cmd_size:7
12-02 04:21:44.488  4222 12832 I libnfc_nci: [INFO:NfcAdaptation.cc(901)] NfcAdaptation::HalWrite
12-02 04:21:44.489   853   853 D android.hardware.nfc@1.2-service: sem_timedwait() succeeded
12-02 04:21:44.489   853 12836 D NxpTml  : PN54X - Write requested.....
12-02 04:21:44.489   853 12836 D NxpTml  : PN54X - Invoking I2C Write.....
12-02 04:21:44.491   853 12836 D NxpNciX : len =  10 => 20030703A0ECA0EDA0D4
12-02 04:21:44.492   853 12838 D NxpHal  : read successful status = 0x0
12-02 04:21:44.492   853 12836 D NxpTml  : PN54X - I2C Write successful.....
12-02 04:21:44.492   853 12836 D NxpTml  : PN54X - Posting Fresh Write message.....
12-02 04:21:44.492   853 12836 D NxpTml  : PN54X - Tml Writer Thread Running................
12-02 04:21:44.492   853 12838 D NxpHal  : write successful status = 0x0
12-02 04:21:44.492   853 12835 D NxpTml  : PN54X - Read requested.....
12-02 04:21:44.492   853 12835 D NxpTml  : PN54X - Invoking I2C Read.....
12-02 04:21:44.447   853   853 W nfc@1.2-service: type=1400 audit(0.0:1177): avc: denied { search } for name="nfc" dev="dm-10" ino=280 scontext=u:r:hal_nfc_default:s0 tcontext=u:object_r:vendor_nfc_vendor_data_file:s0 tclass=dir permissive=0
12-02 04:21:44.493  4222 12832 I libnfc_nci: [INFO:nfc_ncif.cc(3230)] nfc_ncif_proc_proprietary_rsp: mt=3, gid=2, oid=0
12-02 04:21:44.493  4222 12832 I libnfc_nci: [INFO:nfc_ncif.cc(3290)] nfc_ncif_proc_proprietary_rsp: exit status=0 rawVsCbflag=1
12-02 04:21:44.494  4222 12832 I libnfc_nci: [INFO:nfc_ncif.cc(839)] NFC received ntf gid:2
12-02 04:21:44.494   853 12835 D NxpTml  : PN54X - I2C Read successful.....len = 11
12-02 04:21:44.494  4222 12832 I libnfc_nci: [INFO:nci_hrcv.cc(459)] nci_proc_ee_management_ntf opcode:0x0
12-02 04:21:44.494   853 12835 D NxpTml  : PN54X - Posting read message.....
12-02 04:21:44.494  4222 12832 I libnfc_nci: [INFO:nci_hrcv.cc(479)] nfcee_id: 0x80 num_interface:0x0/0x0, num_tlvs:0x1
12-02 04:21:44.494  4222 12832 I libnfc_nci: [INFO:nci_hrcv.cc(501)] tag:0x3, len:0x1
12-02 04:21:44.494   853 12835 D NxpNciR : len =  11 <= 6200088101000103010200
12-02 04:21:44.494  4222 12832 I libnfc_nci: [INFO:nfa_dm_act.cc(299)] NFC_NFCEE_INFO_REVT(0x5005)
12-02 04:21:44.495  4222 12832 I libnfc_nci: [INFO:nfa_ee_main.cc(411)] nfa_ee_proc_evt: event=0x5005 int_event:0x212
12-02 04:21:44.495  4222 12832 I libnfc_nci: [INFO:nfa_ee_main.cc(738)] Event NCI_DISC_NTF(0x212), State: INIT(0)
12-02 04:21:44.495  4222 12832 I libnfc_nci: [INFO:nfa_ee_act.cc(2707)] nfa_ee_nci_disc_ntf() em_state:0 ee_flags:0x0 cur_ee:0 num_ee_expecting:3, nfa_ee_max_ee_cfg : 3
12-02 04:21:44.495  4222 12832 I libnfc_nci: [INFO:nfa_ee_act.cc(2778)] nfa_ee_nci_disc_ntf cur_ee:1
12-02 04:21:44.495   853 12838 D NxpHal  : read successful status = 0x0
12-02 04:21:44.495  4222 12832 I libnfc_nci: [INFO:nfa_dm_main.cc(236)] nfa_dm_is_active () flags:0x21
12-02 04:21:44.496  4222 12832 I libnfc_nci: [INFO:nfa_ee_act.cc(2805)] nfa_ee_cb.p_ee_disc_cback : 0x0 notify_new_ee :0 nfa_dm_is_active() : 0 p_cb->ee_status : 1
12-02 04:21:44.496  4222 12832 I libnfc_nci: [INFO:nfa_ee_act.cc(2497)] nfa_ee_report_disc_done() em_state:0 num_ee_expecting:2 notify_enable_done:0
12-02 04:21:44.496  4222 12832 I libnfc_nci: [INFO:nfa_ee_act.cc(2859)] after nfa_ee_nci_disc_ntf
12-02 04:21:44.496  4222 12832 I libnfc_nci: [INFO:nfa_ee_act.cc(2872)] nfa_ee_nci_disc_ntf last
12-02 04:21:44.496  4222 12832 I libnfc_nci: [INFO:nfc_ncif.cc(3230)] nfc_ncif_proc_proprietary_rsp: mt=3, gid=2, oid=0
12-02 04:21:44.496   853 12835 D NxpTml  : PN54X - Read requested.....
12-02 04:21:44.497  4222 12832 I libnfc_nci: [INFO:nfc_ncif.cc(3290)] nfc_ncif_proc_proprietary_rsp: exit status=0 rawVsCbflag=1
12-02 04:21:44.497   853 12835 D NxpTml  : PN54X - Invoking I2C Read.....
12-02 04:21:44.497  4222 12832 I libnfc_nci: [INFO:nfc_ncif.cc(839)] NFC received ntf gid:2
12-02 04:21:44.497  4222 12832 I libnfc_nci: [INFO:nci_hrcv.cc(459)] nci_proc_ee_management_ntf opcode:0x0
12-02 04:21:44.497  4222 12832 I libnfc_nci: [INFO:nci_hrcv.cc(479)] nfcee_id: 0x81 num_interface:0x0/0x0, num_tlvs:0x1
12-02 04:21:44.497  4222 12832 I libnfc_nci: [INFO:nci_hrcv.cc(501)] tag:0x3, len:0x1
12-02 04:21:44.498  4222 12832 I libnfc_nci: [INFO:nfa_dm_act.cc(299)] NFC_NFCEE_INFO_REVT(0x5005)
12-02 04:21:44.498   853 12835 D NxpTml  : PN54X - I2C Read successful.....len = 17
12-02 04:21:44.498  4222 12832 I libnfc_nci: [INFO:nfa_ee_main.cc(411)] nfa_ee_proc_evt: event=0x5005 int_event:0x212
12-02 04:21:44.498   853 12835 D NxpTml  : PN54X - Posting read message.....
12-02 04:21:44.498  4222 12832 I libnfc_nci: [INFO:nfa_ee_main.cc(738)] Event NCI_DISC_NTF(0x212), State: INIT(0)
12-02 04:21:44.498   853 12835 D NxpNciR : len =  17 <= 40030E0003A0EC0101A0ED0101A0D40101
12-02 04:21:44.498  4222 12832 I libnfc_nci: [INFO:nfa_ee_act.cc(2707)] nfa_ee_nci_disc_ntf() em_state:0 ee_flags:0x0 cur_ee:1 num_ee_expecting:2, nfa_ee_max_ee_cfg : 3
12-02 04:21:44.498  4222 12832 I libnfc_nci: [INFO:nfa_ee_act.cc(2778)] nfa_ee_nci_disc_ntf cur_ee:2
12-02 04:21:44.499   853 12838 D NxpHal  : read successful status = 0x0
12-02 04:21:44.499  4222 12832 I libnfc_nci: [INFO:nfa_dm_main.cc(236)] nfa_dm_is_active () flags:0x21
12-02 04:21:44.499  4222 12832 I libnfc_nci: [INFO:nfa_ee_act.cc(2805)] nfa_ee_cb.p_ee_disc_cback : 0x0 notify_new_ee :0 nfa_dm_is_active() : 0 p_cb->ee_status : 1
12-02 04:21:44.499   853 12838 D NxpHal  : phNxpNciHal_print_res_status: response status =STATUS_OK
12-02 04:21:44.499  4222 12832 I libnfc_nci: [INFO:nfa_ee_act.cc(2497)] nfa_ee_report_disc_done() em_state:0 num_ee_expecting:1 notify_enable_done:0
12-02 04:21:44.500  4222 12832 I libnfc_nci: [INFO:nfa_ee_act.cc(2859)] after nfa_ee_nci_disc_ntf
12-02 04:21:44.500  4222 12832 I libnfc_nci: [INFO:nfa_ee_act.cc(2872)] nfa_ee_nci_disc_ntf last
12-02 04:21:44.500  4222 12832 I libnfc_nci: [INFO:nfc_ncif.cc(3230)] nfc_ncif_proc_proprietary_rsp: mt=2, gid=0, oid=3
12-02 04:21:44.500   853 12835 D NxpTml  : PN54X - Read requested.....
12-02 04:21:44.500  4222 12832 I libnfc_nci: [INFO:nfc_ncif.cc(3290)] nfc_ncif_proc_proprietary_rsp: exit status=1 rawVsCbflag=0
12-02 04:21:44.500   853 12835 D NxpTml  : PN54X - Invoking I2C Read.....
12-02 04:21:44.500  4222 12832 I libnfc_nci: [INFO:nfa_ee_act.cc(1156)] nfa_ee_read_num_nfcee_config_cb 3
12-02 04:21:44.501   853 12835 D NxpTml  : PN54X - I2C Read successful.....len = 11
12-02 04:21:44.502   853 12835 D NxpTml  : PN54X - Posting read message.....
12-02 04:21:44.502   853 12835 D NxpNciR : len =  11 <= 620008C00100010301C001
12-02 04:21:44.503   853 12838 D NxpHal  : read successful status = 0x0
12-02 04:21:44.504  4222 12832 I libnfc_nci: [INFO:nfc_ncif.cc(839)] NFC received ntf gid:2
12-02 04:21:44.504  4222 12832 I libnfc_nci: [INFO:nci_hrcv.cc(459)] nci_proc_ee_management_ntf opcode:0x0
12-02 04:21:44.504  4222 12832 I libnfc_nci: [INFO:nci_hrcv.cc(479)] nfcee_id: 0xc0 num_interface:0x0/0x0, num_tlvs:0x1
12-02 04:21:44.504   853 12835 D NxpTml  : PN54X - Read requested.....
12-02 04:21:44.504  4222 12832 I libnfc_nci: [INFO:nci_hrcv.cc(501)] tag:0x3, len:0x1
12-02 04:21:44.504   853 12835 D NxpTml  : PN54X - Invoking I2C Read.....
12-02 04:21:44.505  4222 12832 I libnfc_nci: [INFO:nfa_dm_act.cc(299)] NFC_NFCEE_INFO_REVT(0x5005)
12-02 04:21:44.505  4222 12832 I libnfc_nci: [INFO:nfa_ee_main.cc(411)] nfa_ee_proc_evt: event=0x5005 int_event:0x212
12-02 04:21:44.505  4222 12832 I libnfc_nci: [INFO:nfa_ee_main.cc(738)] Event NCI_DISC_NTF(0x212), State: INIT(0)
12-02 04:21:44.505  4222 12832 I libnfc_nci: [INFO:nfa_ee_act.cc(2707)] nfa_ee_nci_disc_ntf() em_state:0 ee_flags:0x0 cur_ee:2 num_ee_expecting:1, nfa_ee_max_ee_cfg : 3
12-02 04:21:44.506  4222 12832 I libnfc_nci: [INFO:nfa_ee_act.cc(2778)] nfa_ee_nci_disc_ntf cur_ee:3
12-02 04:21:44.506  4222 12832 I libnfc_nci: [INFO:nfa_dm_main.cc(236)] nfa_dm_is_active () flags:0x21
12-02 04:21:44.506  4222 12832 I libnfc_nci: [INFO:nfa_ee_act.cc(2805)] nfa_ee_cb.p_ee_disc_cback : 0x0 notify_new_ee :0 nfa_dm_is_active() : 0 p_cb->ee_status : 1
12-02 04:21:44.506  4222 12832 I libnfc_nci: [INFO:nfa_ee_act.cc(2497)] nfa_ee_report_disc_done() em_state:1 num_ee_expecting:0 notify_enable_done:1
12-02 04:21:44.507  4222 12832 I libnfc_nci: [INFO:nfa_sys_ptim.cc(154)] nfa_sys_ptim_stop_timer 0x736bf95460
12-02 04:21:44.507  4222 12832 I libnfc_nci: [INFO:nfa_sys_ptim.cc(160)] ptim timer stop
12-02 04:21:44.507  4222 12832 I libnfc_nci: [INFO:nfa_sys_cback.cc(62)] nfa_sys_cback_notify_enable_complete () enable_cplt_flags=0x26c, enable_cplt_mask=0x2ec
12-02 04:21:44.507  4222 12832 I libnfc_nci: [INFO:nfa_hci_main.cc(128)] nfa_hci_ee_info_cback (): 0
12-02 04:21:44.507  4222 12832 I libnfc_nci: [INFO:nfc_main.cc(1836)] NFC_SetStaticHciCback () evt_data.conn_create.dest_type  = 3
12-02 04:21:44.508  4222 12832 I libnfc_nci: [INFO:nfc_main.cc(1843)] NFC_SetStaticHciCback 2 () evt_data.conn_create.dest_type  = 3
12-02 04:21:44.508  4222 12832 I libnfc_nci: [INFO:nfa_ee_main.cc(454)] nfa_ee_find_ecb ()
12-02 04:21:44.508  4222 12832 I libnfc_nci: [INFO:nfa_hci_utils.cc(340)] nfa_hciu_send_msg pipe_id:1   Type: COMMAND [0x00] Inst: ANY_SET_PARAMETER [0x01]   len:3
12-02 04:21:44.508  4222 12832 I libnfc_nci: [INFO:nfc_ncif.cc(355)] nfc_ncif_send_data :3, num_buff:1 qc:0
12-02 04:21:44.509  4222 12832 I libnfc_nci: [INFO:NfcAdaptation.cc(901)] NfcAdaptation::HalWrite
12-02 04:21:44.510   853   853 D NxpHal  : > Going through the set host list
12-02 04:21:44.511   853 12836 D NxpTml  : PN54X - Write requested.....
12-02 04:21:44.511   853 12836 D NxpTml  : PN54X - Invoking I2C Write.....
